08-31 14:36:50.613  1668  2189 W BroadcastQueue: Appop Denial: receiving Intent { act=android.intent.action.SERVICE_STATE flg=0x1000010 (has extras) } to ProcessRecord{f0e7ebb 3993:com.android.phone/1001} (pid=3993, uid=1001) excludes appop android:read_phone_state due to sender android (uid 1001)
08-31 14:36:50.613  1668  2189 W BroadcastQueue: Appop Denial: receiving Intent { act=android.intent.action.SERVICE_STATE flg=0x1000010 (has extras) } to ProcessRecord{84978ee 8379:com.android.systemui/u0a197} (pid=8379, uid=10197) excludes appop android:read_phone_state due to sender android (uid 1001)
08-31 14:36:50.625  1668  3429 I OplusCustomizeService: pkg:com.qti.dpmserviceapp isPlatformSigned, return true drectly 
08-31 14:36:50.625  1668  3429 E OplusCustomizeRestrictionManagerService: getMobileDataMode error :s == null
08-31 14:36:50.625  1668  3429 I OplusCustomizeService: pkg:com.qti.dpmserviceapp isPlatformSigned, return true drectly 
08-31 14:36:50.626  1668  3429 I OplusCustomizeService: pkg:com.qti.dpmserviceapp isPlatformSigned, return true drectly 
08-31 14:36:50.651  1668  4231 I OplusCustomizeService: pkg:com.qti.dpmserviceapp isPlatformSigned, return true drectly 
08-31 14:36:50.651  1668  4231 E OplusCustomizeRestrictionManagerService: getMobileDataMode error :s == null
08-31 14:36:50.652  1668  3429 I OplusCustomizeService: pkg:com.qti.dpmserviceapp isPlatformSigned, return true drectly 
08-31 14:36:50.653  1668  4231 I OplusCustomizeService: pkg:com.qti.dpmserviceapp isPlatformSigned, return true drectly 
08-31 14:36:54.268  1668  4231 W ContextImpl: Calling a method in the system process without a qualified user: android.app.ContextImpl.sendBroadcastMultiplePermissions:1208 com.android.server.TelephonyRegistry.broadcastServiceStateChanged:2971 com.android.server.TelephonyRegistry.notifyServiceStateForPhoneId:1614 com.android.internal.telephony.ITelephonyRegistry$Stub.onTransact:455 android.os.Binder.execTransactInternal:1226 
08-31 14:36:54.270  1668  4231 W ContextImpl: Calling a method in the system process without a qualified user: android.app.ContextImpl.sendBroadcastMultiplePermissions:1258 android.content.Context.sendBroadcastMultiplePermissions:2215 com.android.server.TelephonyRegistry.broadcastServiceStateChanged:2975 com.android.server.TelephonyRegistry.notifyServiceStateForPhoneId:1614 com.android.internal.telephony.ITelephonyRegistry$Stub.onTransact:455 
08-31 14:36:54.272  1668  2189 W BroadcastQueue: Permission Denial: receiving Intent { act=android.intent.action.SERVICE_STATE flg=0x1000010 (has extras) } to ProcessRecord{84978ee 8379:com.android.systemui/u0a197} (pid=8379, uid=10197) requires android.permission.ACCESS_FINE_LOCATION due to sender android (uid 1001)
08-31 14:36:54.272  1668  2189 W BroadcastQueue: Permission Denial: receiving Intent { act=android.intent.action.SERVICE_STATE flg=0x1000010 (has extras) } to com.google.android.cellbroadcastreceiver/com.android.cellbroadcastreceiver.CellBroadcastReceiver requires android.permission.READ_PHONE_STATE due to sender android (uid 1001)
08-31 14:36:54.275  1668  4231 W ContextImpl: Calling a method in the system process without a qualified user: android.app.ContextImpl.sendBroadcastMultiplePermissions:1258 android.content.Context.sendBroadcastMultiplePermissions:2215 com.android.server.TelephonyRegistry.broadcastServiceStateChanged:2982 com.android.server.TelephonyRegistry.notifyServiceStateForPhoneId:1614 com.android.internal.telephony.ITelephonyRegistry$Stub.onTransact:455 
08-31 14:36:54.275  1668  2189 W BroadcastQueue: Appop Denial: receiving Intent { act=android.intent.action.SERVICE_STATE flg=0x1000010 (has extras) } to ProcessRecord{f0e7ebb 3993:com.android.phone/1001} (pid=3993, uid=1001) excludes appop android:read_phone_state due to sender android (uid 1001)
08-31 14:36:54.275  1668  2189 W BroadcastQueue: Appop Denial: receiving Intent { act=android.intent.action.SERVICE_STATE flg=0x1000010 (has extras) } to ProcessRecord{f0e7ebb 3993:com.android.phone/1001} (pid=3993, uid=1001) excludes appop android:read_phone_state due to sender android (uid 1001)
08-31 14:36:54.276  1668  2189 W BroadcastQueue: Permission Denial: receiving Intent { act=android.intent.action.SERVICE_STATE flg=0x1000010 (has extras) } to ProcessRecord{84978ee 8379:com.android.systemui/u0a197} (pid=8379, uid=10197) requires android.permission.ACCESS_FINE_LOCATION due to sender android (uid 1001)
08-31 14:36:54.276  1668  2189 W BroadcastQueue: Permission Denial: receiving Intent { act=android.intent.action.SERVICE_STATE flg=0x1000010 (has extras) } to com.google.android.cellbroadcastreceiver/com.android.cellbroadcastreceiver.CellBroadcastReceiver requires android.permission.ACCESS_FINE_LOCATION due to sender android (uid 1001)
08-31 14:36:54.277  1668  4231 W ContextImpl: Calling a method in the system process without a qualified user: android.app.ContextImpl.sendBroadcastMultiplePermissions:1258 android.content.Context.sendBroadcastMultiplePermissions:2215 com.android.server.TelephonyRegistry.broadcastServiceStateChanged:2986 com.android.server.TelephonyRegistry.notifyServiceStateForPhoneId:1614 com.android.internal.telephony.ITelephonyRegistry$Stub.onTransact:455 
08-31 14:36:54.282  1668  2189 W BroadcastQueue: Appop Denial: receiving Intent { act=android.intent.action.SERVICE_STATE flg=0x1000010 (has extras) } to ProcessRecord{f0e7ebb 3993:com.android.phone/1001} (pid=3993, uid=1001) excludes appop android:fine_location due to sender android (uid 1001)
08-31 14:36:54.283  1668  2189 W BroadcastQueue: Appop Denial: receiving Intent { act=android.intent.action.SERVICE_STATE flg=0x1000010 (has extras) } to ProcessRecord{f0e7ebb 3993:com.android.phone/1001} (pid=3993, uid=1001) excludes appop android:fine_location due to sender android (uid 1001)
08-31 14:36:54.284  1668  2189 W BroadcastQueue: Permission Denial: receiving Intent { act=android.intent.action.SERVICE_STATE flg=0x1000010 (has extras) } to com.google.android.cellbroadcastreceiver/com.android.cellbroadcastreceiver.CellBroadcastReceiver requires android.permission.READ_PHONE_STATE due to sender android (uid 1001)
08-31 14:36:54.287  1668  2189 W BroadcastQueue: Appop Denial: receiving Intent { act=android.intent.action.SERVICE_STATE flg=0x1000010 (has extras) } to ProcessRecord{f0e7ebb 3993:com.android.phone/1001} (pid=3993, uid=1001) excludes appop android:read_phone_state due to sender android (uid 1001)
08-31 14:36:54.287  1668  2189 W BroadcastQueue: Appop Denial: receiving Intent { act=android.intent.action.SERVICE_STATE flg=0x1000010 (has extras) } to ProcessRecord{f0e7ebb 3993:com.android.phone/1001} (pid=3993, uid=1001) excludes appop android:read_phone_state due to sender android (uid 1001)
08-31 14:36:54.287  1668  2189 W BroadcastQueue: Appop Denial: receiving Intent { act=android.intent.action.SERVICE_STATE flg=0x1000010 (has extras) } to ProcessRecord{84978ee 8379:com.android.systemui/u0a197} (pid=8379, uid=10197) excludes appop android:read_phone_state due to sender android (uid 1001)
08-31 14:36:54.321  1668  4342 I OplusCustomizeService: pkg:com.qti.dpmserviceapp isPlatformSigned, return true drectly 
08-31 14:36:54.321  1668  4342 E OplusCustomizeRestrictionManagerService: getMobileDataMode error :s == null
08-31 14:36:54.321  1668  4342 I OplusCustomizeService: pkg:com.qti.dpmserviceapp isPlatformSigned, return true drectly 
08-31 14:36:54.322  1668  4342 I OplusCustomizeService: pkg:com.qti.dpmserviceapp isPlatformSigned, return true drectly 
08-31 14:36:57.883  1668  4483 D OplusProxyWakeLock: remove uid: 10441 wiht all pids from wakelockUidInfo list
08-31 14:36:59.543  1668  6485 W ContextImpl: Calling a method in the system process without a qualified user: android.app.ContextImpl.sendBroadcastMultiplePermissions:1208 com.android.server.TelephonyRegistry.broadcastServiceStateChanged:2971 com.android.server.TelephonyRegistry.notifyServiceStateForPhoneId:1614 com.android.internal.telephony.ITelephonyRegistry$Stub.onTransact:455 android.os.Binder.execTransactInternal:1226 
08-31 14:36:59.546  1668  2189 W BroadcastQueue: Permission Denial: receiving Intent { act=android.intent.action.SERVICE_STATE flg=0x1000010 (has extras) } to ProcessRecord{84978ee 8379:com.android.systemui/u0a197} (pid=8379, uid=10197) requires android.permission.ACCESS_FINE_LOCATION due to sender android (uid 1001)
08-31 14:36:59.546  1668  6485 W ContextImpl: Calling a method in the system process without a qualified user: android.app.ContextImpl.sendBroadcastMultiplePermissions:1258 android.content.Context.sendBroadcastMultiplePermissions:2215 com.android.server.TelephonyRegistry.broadcastServiceStateChanged:2975 com.android.server.TelephonyRegistry.notifyServiceStateForPhoneId:1614 com.android.internal.telephony.ITelephonyRegistry$Stub.onTransact:455 
08-31 14:36:59.546  1668  2189 W BroadcastQueue: Permission Denial: receiving Intent { act=android.intent.action.SERVICE_STATE flg=0x1000010 (has extras) } to com.google.android.cellbroadcastreceiver/com.android.cellbroadcastreceiver.CellBroadcastReceiver requires android.permission.READ_PHONE_STATE due to sender android (uid 1001)
08-31 14:36:59.548  1668  2189 W BroadcastQueue: Appop Denial: receiving Intent { act=android.intent.action.SERVICE_STATE flg=0x1000010 (has extras) } to ProcessRecord{f0e7ebb 3993:com.android.phone/1001} (pid=3993, uid=1001) excludes appop android:read_phone_state due to sender android (uid 1001)
08-31 14:36:59.548  1668  6485 W ContextImpl: Calling a method in the system process without a qualified user: android.app.ContextImpl.sendBroadcastMultiplePermissions:1258 android.content.Context.sendBroadcastMultiplePermissions:2215 com.android.server.TelephonyRegistry.broadcastServiceStateChanged:2982 com.android.server.TelephonyRegistry.notifyServiceStateForPhoneId:1614 com.android.internal.telephony.ITelephonyRegistry$Stub.onTransact:455 
08-31 14:36:59.548  1668  2189 W BroadcastQueue: Appop Denial: receiving Intent { act=android.intent.action.SERVICE_STATE flg=0x1000010 (has extras) } to ProcessRecord{f0e7ebb 3993:com.android.phone/1001} (pid=3993, uid=1001) excludes appop android:read_phone_state due to sender android (uid 1001)
08-31 14:36:59.548  1668  2189 W BroadcastQueue: Permission Denial: receiving Intent { act=android.intent.action.SERVICE_STATE flg=0x1000010 (has extras) } to ProcessRecord{84978ee 8379:com.android.systemui/u0a197} (pid=8379, uid=10197) requires android.permission.ACCESS_FINE_LOCATION due to sender android (uid 1001)
08-31 14:36:59.549  1668  2189 W BroadcastQueue: Permission Denial: receiving Intent { act=android.intent.action.SERVICE_STATE flg=0x1000010 (has extras) } to com.google.android.cellbroadcastreceiver/com.android.cellbroadcastreceiver.CellBroadcastReceiver requires android.permission.ACCESS_FINE_LOCATION due to sender android (uid 1001)
08-31 14:36:59.551  1668  6485 W ContextImpl: Calling a method in the system process without a qualified user: android.app.ContextImpl.sendBroadcastMultiplePermissions:1258 android.content.Context.sendBroadcastMultiplePermissions:2215 com.android.server.TelephonyRegistry.broadcastServiceStateChanged:2986 com.android.server.TelephonyRegistry.notifyServiceStateForPhoneId:1614 com.android.internal.telephony.ITelephonyRegistry$Stub.onTransact:455 
08-31 14:36:59.551  1668  2189 W BroadcastQueue: Appop Denial: receiving Intent { act=android.intent.action.SERVICE_STATE flg=0x1000010 (has extras) } to ProcessRecord{f0e7ebb 3993:com.android.phone/1001} (pid=3993, uid=1001) excludes appop android:fine_location due to sender android (uid 1001)
08-31 14:36:59.551  1668  2189 W BroadcastQueue: Appop Denial: receiving Intent { act=android.intent.action.SERVICE_STATE flg=0x1000010 (has extras) } to ProcessRecord{f0e7ebb 3993:com.android.phone/1001} (pid=3993, uid=1001) excludes appop android:fine_location due to sender android (uid 1001)
08-31 14:36:59.552  1668  2189 W BroadcastQueue: Permission Denial: receiving Intent { act=android.intent.action.SERVICE_STATE flg=0x1000010 (has extras) } to com.google.android.cellbroadcastreceiver/com.android.cellbroadcastreceiver.CellBroadcastReceiver requires android.permission.READ_PHONE_STATE due to sender android (uid 1001)
08-31 14:36:59.553  1668  2189 W BroadcastQueue: Appop Denial: receiving Intent { act=android.intent.action.SERVICE_STATE flg=0x1000010 (has extras) } to ProcessRecord{f0e7ebb 3993:com.android.phone/1001} (pid=3993, uid=1001) excludes appop android:read_phone_state due to sender android (uid 1001)
08-31 14:36:59.554  1668  2189 W BroadcastQueue: Appop Denial: receiving Intent { act=android.intent.action.SERVICE_STATE flg=0x1000010 (has extras) } to ProcessRecord{f0e7ebb 3993:com.android.phone/1001} (pid=3993, uid=1001) excludes appop android:read_phone_state due to sender android (uid 1001)
08-31 14:36:59.554  1668  2189 W BroadcastQueue: Appop Denial: receiving Intent { act=android.intent.action.SERVICE_STATE flg=0x1000010 (has extras) } to ProcessRecord{84978ee 8379:com.android.systemui/u0a197} (pid=8379, uid=10197) excludes appop android:read_phone_state due to sender android (uid 1001)
08-31 14:36:59.580  1668  4231 I OplusCustomizeService: pkg:com.qti.dpmserviceapp isPlatformSigned, return true drectly 
08-31 14:36:59.580  1668  4231 E OplusCustomizeRestrictionManagerService: getMobileDataMode error :s == null
08-31 14:36:59.580  1668  4231 I OplusCustomizeService: pkg:com.qti.dpmserviceapp isPlatformSigned, return true drectly 
08-31 14:36:59.581  1668  4231 I OplusCustomizeService: pkg:com.qti.dpmserviceapp isPlatformSigned, return true drectly 
08-31 14:37:00.012  1668  4231 E OplusCustomizeRestrictionManagerService: isBiometricDisabled start
08-31 14:37:00.013  1668  4342 E OplusCustomizeRestrictionManagerService: isBiometricDisabled start
08-31 14:37:00.051  1380  1380 I Quality : SFJankCountInfo: 233; 0; 0; 1; 0; 2; 1; 2; 0; 0; 10
08-31 14:37:00.083  1668  1668 D CompatibilityChangeReporter: Compat change id reported: 168419799; UID 10323; state: DISABLED
08-31 14:37:00.212  1668  2189 D CompatibilityChangeReporter: Compat change id reported: 168419799; UID 1000; state: DISABLED
08-31 14:37:00.252  1668  3429 D CompatibilityChangeReporter: Compat change id reported: 171306433; UID 1000; state: ENABLED
08-31 14:37:00.284  1668  4342 E KernelCpuUidActiveTimeReader: Negative delta from active time for uid: 10200, delta: -23
08-31 14:37:00.285  1668  4342 E KernelCpuUidActiveTimeReader: Negative delta from active time for uid: 10132, delta: -11
08-31 14:37:00.285  1668  4342 E KernelCpuUidActiveTimeReader: Negative delta from active time for uid: 10386, delta: -27
08-31 14:37:00.285  1668  4342 E KernelCpuUidActiveTimeReader: Negative delta from active time for uid: 1058, delta: -2
08-31 14:37:00.285  1668  4342 E KernelCpuUidActiveTimeReader: Negative delta from active time for uid: 10229, delta: -12
08-31 14:37:00.285  1668  4342 E KernelCpuUidActiveTimeReader: Negative delta from active time for uid: 10360, delta: -13
08-31 14:37:00.285  1668  4342 E KernelCpuUidActiveTimeReader: Negative delta from active time for uid: 10012, delta: -47
08-31 14:37:00.285  1668  4342 E KernelCpuUidActiveTimeReader: Negative delta from active time for uid: 10143, delta: -12
08-31 14:37:00.285  1668  4342 E KernelCpuUidActiveTimeReader: Negative delta from active time for uid: 50055, delta: -137
08-31 14:37:00.285  1668  4342 E KernelCpuUidActiveTimeReader: Negative delta from active time for uid: 10180, delta: -2
08-31 14:37:00.285  1668  4342 E KernelCpuUidActiveTimeReader: Negative delta from active time for uid: 10057, delta: -6
08-31 14:37:00.285  1668  4342 E KernelCpuUidActiveTimeReader: Negative delta from active time for uid: 10133, delta: -9
08-31 14:37:00.285  1668  4342 E KernelCpuUidActiveTimeReader: Negative delta from active time for uid: 10154, delta: -4
08-31 14:37:00.285  1668  4342 E KernelCpuUidActiveTimeReader: Negative delta from active time for uid: 10199, delta: -7
08-31 14:37:00.285  1668  4342 E KernelCpuUidActiveTimeReader: Negative delta from active time for uid: 1023, delta: -1
08-31 14:37:00.285  1668  4342 E KernelCpuUidActiveTimeReader: Negative delta from active time for uid: 10050, delta: -65
08-31 14:37:00.285  1668  4342 E KernelCpuUidActiveTimeReader: Negative delta from active time for uid: 10346, delta: -6
08-31 14:37:00.286  1668  4342 E KernelCpuUidActiveTimeReader: Negative delta from active time for uid: 10168, delta: -22
08-31 14:37:00.286  1668  4342 E KernelCpuUidActiveTimeReader: Negative delta from active time for uid: 10231, delta: -45
08-31 14:37:00.286  1668  4342 E KernelCpuUidActiveTimeReader: Negative delta from active time for uid: 10142, delta: -16
08-31 14:37:00.286  1668  4342 E KernelCpuUidActiveTimeReader: Negative delta from active time for uid: 10349, delta: -6
08-31 14:37:00.286  1668  4342 E KernelCpuUidActiveTimeReader: Negative delta from active time for uid: 10171, delta: -2
08-31 14:37:00.287  1668  4342 E KernelCpuUidClusterTimeReader: Negative delta from cluster time for uid: 10001, delta: -4
08-31 14:37:00.287  1668  4342 E KernelCpuUidClusterTimeReader: Negative delta from cluster time for uid: 10200, delta: -28
08-31 14:37:00.287  1668  4342 E KernelCpuUidClusterTimeReader: Negative delta from cluster time for uid: 10132, delta: -9
08-31 14:37:00.287  1668  4342 E KernelCpuUidClusterTimeReader: Negative delta from cluster time for uid: 10187, delta: -4
08-31 14:37:00.287  1668  4342 E KernelCpuUidClusterTimeReader: Negative delta from cluster time for uid: 10386, delta: -30
08-31 14:37:00.287  1668  4342 E KernelCpuUidClusterTimeReader: Negative delta from cluster time for uid: 50366, delta: -3
08-31 14:37:00.287  1668  4342 E KernelCpuUidClusterTimeReader: Negative delta from cluster time for uid: 1058, delta: -2
08-31 14:37:00.287  1668  4342 E KernelCpuUidClusterTimeReader: Negative delta from cluster time for uid: 10229, delta: -11
08-31 14:37:00.287  1668  4342 E KernelCpuUidClusterTimeReader: Negative delta from cluster time for uid: 10360, delta: -9
08-31 14:37:00.287  1668  4342 E KernelCpuUidClusterTimeReader: Negative delta from cluster time for uid: 10347, delta: -1
08-31 14:37:00.287  1668  4342 E KernelCpuUidClusterTimeReader: Negative delta from cluster time for uid: 50005, delta: -44
08-31 14:37:00.287  1668  4342 E KernelCpuUidClusterTimeReader: Negative delta from cluster time for uid: 10012, delta: -44
08-31 14:37:00.287  1668  4342 E KernelCpuUidClusterTimeReader: Negative delta from cluster time for uid: 10143, delta: -14
08-31 14:37:00.287  1668  4342 E KernelCpuUidClusterTimeReader: Negative delta from cluster time for uid: 50055, delta: -276
08-31 14:37:00.287  1668  4342 E KernelCpuUidClusterTimeReader: Negative delta from cluster time for uid: 1069, delta: -4
08-31 14:37:00.287  1668  4342 E KernelCpuUidClusterTimeReader: Negative delta from cluster time for uid: 10159, delta: -5
08-31 14:37:00.287  1668  4342 E KernelCpuUidClusterTimeReader: Negative delta from cluster time for uid: 10180, delta: -2
08-31 14:37:00.287  1668  4342 E KernelCpuUidClusterTimeReader: Negative delta from cluster time for uid: 10057, delta: -5
08-31 14:37:00.288  1668  4342 E KernelCpuUidClusterTimeReader: Negative delta from cluster time for uid: 10133, delta: -9
08-31 14:37:00.288  1668  4342 E KernelCpuUidClusterTimeReader: Negative delta from cluster time for uid: 10154, delta: -3
08-31 14:37:00.288  1668  4342 E KernelCpuUidClusterTimeReader: Negative delta from cluster time for uid: 10013, delta: -6
08-31 14:37:00.288  1668  4342 E KernelCpuUidClusterTimeReader: Negative delta from cluster time for uid: 10199, delta: -6
08-31 14:37:00.288  1668  4342 E KernelCpuUidClusterTimeReader: Negative delta from cluster time for uid: 10351, delta: -1
08-31 14:37:00.288  1668  4342 E KernelCpuUidClusterTimeReader: Negative delta from cluster time for uid: 1023, delta: -1
08-31 14:37:00.288  1668  4342 E KernelCpuUidClusterTimeReader: Negative delta from cluster time for uid: 10050, delta: -41
08-31 14:37:00.288  1668  4342 E KernelCpuUidClusterTimeReader: Negative delta from cluster time for uid: 10304, delta: -1
08-31 14:37:00.288  1668  4342 E KernelCpuUidClusterTimeReader: Negative delta from cluster time for uid: 10346, delta: -7
08-31 14:37:00.288  1668  4342 E KernelCpuUidClusterTimeReader: Negative delta from cluster time for uid: 10168, delta: -21
08-31 14:37:00.288  1668  4342 E KernelCpuUidClusterTimeReader: Negative delta from cluster time for uid: 10566, delta: -7
08-31 14:37:00.288  1668  4342 E KernelCpuUidClusterTimeReader: Negative delta from cluster time for uid: 10231, delta: -44
08-31 14:37:00.288  1668  4342 E KernelCpuUidClusterTimeReader: Negative delta from cluster time for uid: 10142, delta: -13
08-31 14:37:00.288  1668  4342 E KernelCpuUidClusterTimeReader: Negative delta from cluster time for uid: 10349, delta: -6
08-31 14:37:00.593  1668  4230 W ContextImpl: Calling a method in the system process without a qualified user: android.app.ContextImpl.sendBroadcastMultiplePermissions:1208 com.android.server.TelephonyRegistry.broadcastServiceStateChanged:2971 com.android.server.TelephonyRegistry.notifyServiceStateForPhoneId:1614 com.android.internal.telephony.ITelephonyRegistry$Stub.onTransact:455 android.os.Binder.execTransactInternal:1226 
08-31 14:37:00.594  1668  4230 W ContextImpl: Calling a method in the system process without a qualified user: android.app.ContextImpl.sendBroadcastMultiplePermissions:1258 android.content.Context.sendBroadcastMultiplePermissions:2215 com.android.server.TelephonyRegistry.broadcastServiceStateChanged:2975 com.android.server.TelephonyRegistry.notifyServiceStateForPhoneId:1614 com.android.internal.telephony.ITelephonyRegistry$Stub.onTransact:455 
08-31 14:37:00.595  1668  2189 W BroadcastQueue: Permission Denial: receiving Intent { act=android.intent.action.SERVICE_STATE flg=0x1000010 (has extras) } to ProcessRecord{84978ee 8379:com.android.systemui/u0a197} (pid=8379, uid=10197) requires android.permission.ACCESS_FINE_LOCATION due to sender android (uid 1001)
08-31 14:37:00.595  1668  2189 W BroadcastQueue: Permission Denial: receiving Intent { act=android.intent.action.SERVICE_STATE flg=0x1000010 (has extras) } to com.google.android.cellbroadcastreceiver/com.android.cellbroadcastreceiver.CellBroadcastReceiver requires android.permission.READ_PHONE_STATE due to sender android (uid 1001)
08-31 14:37:00.596  1668  2189 W BroadcastQueue: Appop Denial: receiving Intent { act=android.intent.action.SERVICE_STATE flg=0x1000010 (has extras) } to ProcessRecord{f0e7ebb 3993:com.android.phone/1001} (pid=3993, uid=1001) excludes appop android:read_phone_state due to sender android (uid 1001)
08-31 14:37:00.596  1668  4230 W ContextImpl: Calling a method in the system process without a qualified user: android.app.ContextImpl.sendBroadcastMultiplePermissions:1258 android.content.Context.sendBroadcastMultiplePermissions:2215 com.android.server.TelephonyRegistry.broadcastServiceStateChanged:2982 com.android.server.TelephonyRegistry.notifyServiceStateForPhoneId:1614 com.android.internal.telephony.ITelephonyRegistry$Stub.onTransact:455 
08-31 14:37:00.596  1668  2189 W BroadcastQueue: Appop Denial: receiving Intent { act=android.intent.action.SERVICE_STATE flg=0x1000010 (has extras) } to ProcessRecord{f0e7ebb 3993:com.android.phone/1001} (pid=3993, uid=1001) excludes appop android:read_phone_state due to sender android (uid 1001)
08-31 14:37:00.596  1668  2189 W BroadcastQueue: Permission Denial: receiving Intent { act=android.intent.action.SERVICE_STATE flg=0x1000010 (has extras) } to ProcessRecord{84978ee 8379:com.android.systemui/u0a197} (pid=8379, uid=10197) requires android.permission.ACCESS_FINE_LOCATION due to sender android (uid 1001)
08-31 14:37:00.597  1668  2189 W BroadcastQueue: Permission Denial: receiving Intent { act=android.intent.action.SERVICE_STATE flg=0x1000010 (has extras) } to com.google.android.cellbroadcastreceiver/com.android.cellbroadcastreceiver.CellBroadcastReceiver requires android.permission.ACCESS_FINE_LOCATION due to sender android (uid 1001)
08-31 14:37:00.597  1668  4230 W ContextImpl: Calling a method in the system process without a qualified user: android.app.ContextImpl.sendBroadcastMultiplePermissions:1258 android.content.Context.sendBroadcastMultiplePermissions:2215 com.android.server.TelephonyRegistry.broadcastServiceStateChanged:2986 com.android.server.TelephonyRegistry.notifyServiceStateForPhoneId:1614 com.android.internal.telephony.ITelephonyRegistry$Stub.onTransact:455 
08-31 14:37:00.597  1668  2189 W BroadcastQueue: Appop Denial: receiving Intent { act=android.intent.action.SERVICE_STATE flg=0x1000010 (has extras) } to ProcessRecord{f0e7ebb 3993:com.android.phone/1001} (pid=3993, uid=1001) excludes appop android:fine_location due to sender android (uid 1001)
08-31 14:37:00.598  1668  2189 W BroadcastQueue: Appop Denial: receiving Intent { act=android.intent.action.SERVICE_STATE flg=0x1000010 (has extras) } to ProcessRecord{f0e7ebb 3993:com.android.phone/1001} (pid=3993, uid=1001) excludes appop android:fine_location due to sender android (uid 1001)
08-31 14:37:00.598  1668  2189 W BroadcastQueue: Permission Denial: receiving Intent { act=android.intent.action.SERVICE_STATE flg=0x1000010 (has extras) } to com.google.android.cellbroadcastreceiver/com.android.cellbroadcastreceiver.CellBroadcastReceiver requires android.permission.READ_PHONE_STATE due to sender android (uid 1001)
08-31 14:37:00.599  1668  2189 W BroadcastQueue: Appop Denial: receiving Intent { act=android.intent.action.SERVICE_STATE flg=0x1000010 (has extras) } to ProcessRecord{f0e7ebb 3993:com.android.phone/1001} (pid=3993, uid=1001) excludes appop android:read_phone_state due to sender android (uid 1001)
08-31 14:37:00.599  1668  2189 W BroadcastQueue: Appop Denial: receiving Intent { act=android.intent.action.SERVICE_STATE flg=0x1000010 (has extras) } to ProcessRecord{f0e7ebb 3993:com.android.phone/1001} (pid=3993, uid=1001) excludes appop android:read_phone_state due to sender android (uid 1001)
08-31 14:37:00.599  1668  2189 W BroadcastQueue: Appop Denial: receiving Intent { act=android.intent.action.SERVICE_STATE flg=0x1000010 (has extras) } to ProcessRecord{84978ee 8379:com.android.systemui/u0a197} (pid=8379, uid=10197) excludes appop android:read_phone_state due to sender android (uid 1001)
08-31 14:37:00.632  1668  4231 I OplusCustomizeService: pkg:com.qti.dpmserviceapp isPlatformSigned, return true drectly 
08-31 14:37:00.632  1668  4231 E OplusCustomizeRestrictionManagerService: getMobileDataMode error :s == null
08-31 14:37:00.632  1668  4230 I OplusCustomizeService: pkg:com.qti.dpmserviceapp isPlatformSigned, return true drectly 
08-31 14:37:00.633  1668  4230 I OplusCustomizeService: pkg:com.qti.dpmserviceapp isPlatformSigned, return true drectly 
08-31 14:37:01.357  1668  5836 W ContextImpl: Calling a method in the system process without a qualified user: android.app.ContextImpl.sendBroadcastMultiplePermissions:1208 com.android.server.TelephonyRegistry.broadcastServiceStateChanged:2971 com.android.server.TelephonyRegistry.notifyServiceStateForPhoneId:1614 com.android.internal.telephony.ITelephonyRegistry$Stub.onTransact:455 android.os.Binder.execTransactInternal:1226 
08-31 14:37:01.359  1668  5836 W ContextImpl: Calling a method in the system process without a qualified user: android.app.ContextImpl.sendBroadcastMultiplePermissions:1258 android.content.Context.sendBroadcastMultiplePermissions:2215 com.android.server.TelephonyRegistry.broadcastServiceStateChanged:2975 com.android.server.TelephonyRegistry.notifyServiceStateForPhoneId:1614 com.android.internal.telephony.ITelephonyRegistry$Stub.onTransact:455 
08-31 14:37:01.360  1668  2189 W BroadcastQueue: Permission Denial: receiving Intent { act=android.intent.action.SERVICE_STATE flg=0x1000010 (has extras) } to ProcessRecord{84978ee 8379:com.android.systemui/u0a197} (pid=8379, uid=10197) requires android.permission.ACCESS_FINE_LOCATION due to sender android (uid 1001)
08-31 14:37:01.360  1668  2189 W BroadcastQueue: Permission Denial: receiving Intent { act=android.intent.action.SERVICE_STATE flg=0x1000010 (has extras) } to com.google.android.cellbroadcastreceiver/com.android.cellbroadcastreceiver.CellBroadcastReceiver requires android.permission.READ_PHONE_STATE due to sender android (uid 1001)
08-31 14:37:01.362  1668  2189 W BroadcastQueue: Appop Denial: receiving Intent { act=android.intent.action.SERVICE_STATE flg=0x1000010 (has extras) } to ProcessRecord{f0e7ebb 3993:com.android.phone/1001} (pid=3993, uid=1001) excludes appop android:read_phone_state due to sender android (uid 1001)
08-31 14:37:01.362  1668  2189 W BroadcastQueue: Appop Denial: receiving Intent { act=android.intent.action.SERVICE_STATE flg=0x1000010 (has extras) } to ProcessRecord{f0e7ebb 3993:com.android.phone/1001} (pid=3993, uid=1001) excludes appop android:read_phone_state due to sender android (uid 1001)
08-31 14:37:01.362  1668  2189 W BroadcastQueue: Permission Denial: receiving Intent { act=android.intent.action.SERVICE_STATE flg=0x1000010 (has extras) } to ProcessRecord{84978ee 8379:com.android.systemui/u0a197} (pid=8379, uid=10197) requires android.permission.ACCESS_FINE_LOCATION due to sender android (uid 1001)
08-31 14:37:01.362  1668  5836 W ContextImpl: Calling a method in the system process without a qualified user: android.app.ContextImpl.sendBroadcastMultiplePermissions:1258 android.content.Context.sendBroadcastMultiplePermissions:2215 com.android.server.TelephonyRegistry.broadcastServiceStateChanged:2982 com.android.server.TelephonyRegistry.notifyServiceStateForPhoneId:1614 com.android.internal.telephony.ITelephonyRegistry$Stub.onTransact:455 
08-31 14:37:01.362  1668  2189 W BroadcastQueue: Permission Denial: receiving Intent { act=android.intent.action.SERVICE_STATE flg=0x1000010 (has extras) } to com.google.android.cellbroadcastreceiver/com.android.cellbroadcastreceiver.CellBroadcastReceiver requires android.permission.ACCESS_FINE_LOCATION due to sender android (uid 1001)
08-31 14:37:01.364  1668  5836 W ContextImpl: Calling a method in the system process without a qualified user: android.app.ContextImpl.sendBroadcastMultiplePermissions:1258 android.content.Context.sendBroadcastMultiplePermissions:2215 com.android.server.TelephonyRegistry.broadcastServiceStateChanged:2986 com.android.server.TelephonyRegistry.notifyServiceStateForPhoneId:1614 com.android.internal.telephony.ITelephonyRegistry$Stub.onTransact:455 
08-31 14:37:01.364  1668  2189 W BroadcastQueue: Appop Denial: receiving Intent { act=android.intent.action.SERVICE_STATE flg=0x1000010 (has extras) } to ProcessRecord{f0e7ebb 3993:com.android.phone/1001} (pid=3993, uid=1001) excludes appop android:fine_location due to sender android (uid 1001)
08-31 14:37:01.364  1668  2189 W BroadcastQueue: Appop Denial: receiving Intent { act=android.intent.action.SERVICE_STATE flg=0x1000010 (has extras) } to ProcessRecord{f0e7ebb 3993:com.android.phone/1001} (pid=3993, uid=1001) excludes appop android:fine_location due to sender android (uid 1001)
08-31 14:37:01.365  1668  2189 W BroadcastQueue: Permission Denial: receiving Intent { act=android.intent.action.SERVICE_STATE flg=0x1000010 (has extras) } to com.google.android.cellbroadcastreceiver/com.android.cellbroadcastreceiver.CellBroadcastReceiver requires android.permission.READ_PHONE_STATE due to sender android (uid 1001)
08-31 14:37:01.365  1668  2189 W BroadcastQueue: Appop Denial: receiving Intent { act=android.intent.action.SERVICE_STATE flg=0x1000010 (has extras) } to ProcessRecord{f0e7ebb 3993:com.android.phone/1001} (pid=3993, uid=1001) excludes appop android:read_phone_state due to sender android (uid 1001)
08-31 14:37:01.365  1668  2189 W BroadcastQueue: Appop Denial: receiving Intent { act=android.intent.action.SERVICE_STATE flg=0x1000010 (has extras) } to ProcessRecord{f0e7ebb 3993:com.android.phone/1001} (pid=3993, uid=1001) excludes appop android:read_phone_state due to sender android (uid 1001)
08-31 14:37:01.366  1668  2189 W BroadcastQueue: Appop Denial: receiving Intent { act=android.intent.action.SERVICE_STATE flg=0x1000010 (has extras) } to ProcessRecord{84978ee 8379:com.android.systemui/u0a197} (pid=8379, uid=10197) excludes appop android:read_phone_state due to sender android (uid 1001)
08-31 14:37:01.429  1668  4230 I OplusCustomizeService: pkg:com.qti.dpmserviceapp isPlatformSigned, return true drectly 
08-31 14:37:01.429  1668  4230 E OplusCustomizeRestrictionManagerService: getMobileDataMode error :s == null
08-31 14:37:01.430  1668  3429 I OplusCustomizeService: pkg:com.qti.dpmserviceapp isPlatformSigned, return true drectly 
08-31 14:37:01.432  1668  3698 I OplusCustomizeService: pkg:com.qti.dpmserviceapp isPlatformSigned, return true drectly 
08-31 14:37:04.327  1668  3429 W ContextImpl: Calling a method in the system process without a qualified user: android.app.ContextImpl.sendBroadcastMultiplePermissions:1208 com.android.server.TelephonyRegistry.broadcastServiceStateChanged:2971 com.android.server.TelephonyRegistry.notifyServiceStateForPhoneId:1614 com.android.internal.telephony.ITelephonyRegistry$Stub.onTransact:455 android.os.Binder.execTransactInternal:1226 
08-31 14:37:04.329  1668  3429 W ContextImpl: Calling a method in the system process without a qualified user: android.app.ContextImpl.sendBroadcastMultiplePermissions:1258 android.content.Context.sendBroadcastMultiplePermissions:2215 com.android.server.TelephonyRegistry.broadcastServiceStateChanged:2975 com.android.server.TelephonyRegistry.notifyServiceStateForPhoneId:1614 com.android.internal.telephony.ITelephonyRegistry$Stub.onTransact:455 
08-31 14:37:04.332  1668  2189 W BroadcastQueue: Permission Denial: receiving Intent { act=android.intent.action.SERVICE_STATE flg=0x1000010 (has extras) } to ProcessRecord{84978ee 8379:com.android.systemui/u0a197} (pid=8379, uid=10197) requires android.permission.ACCESS_FINE_LOCATION due to sender android (uid 1001)
08-31 14:37:04.332  1668  2189 W BroadcastQueue: Permission Denial: receiving Intent { act=android.intent.action.SERVICE_STATE flg=0x1000010 (has extras) } to com.google.android.cellbroadcastreceiver/com.android.cellbroadcastreceiver.CellBroadcastReceiver requires android.permission.READ_PHONE_STATE due to sender android (uid 1001)
08-31 14:37:04.335  1668  2189 W BroadcastQueue: Appop Denial: receiving Intent { act=android.intent.action.SERVICE_STATE flg=0x1000010 (has extras) } to ProcessRecord{f0e7ebb 3993:com.android.phone/1001} (pid=3993, uid=1001) excludes appop android:read_phone_state due to sender android (uid 1001)
08-31 14:37:04.335  1668  3429 W ContextImpl: Calling a method in the system process without a qualified user: android.app.ContextImpl.sendBroadcastMultiplePermissions:1258 android.content.Context.sendBroadcastMultiplePermissions:2215 com.android.server.TelephonyRegistry.broadcastServiceStateChanged:2982 com.android.server.TelephonyRegistry.notifyServiceStateForPhoneId:1614 com.android.internal.telephony.ITelephonyRegistry$Stub.onTransact:455 
08-31 14:37:04.335  1668  2189 W BroadcastQueue: Appop Denial: receiving Intent { act=android.intent.action.SERVICE_STATE flg=0x1000010 (has extras) } to ProcessRecord{f0e7ebb 3993:com.android.phone/1001} (pid=3993, uid=1001) excludes appop android:read_phone_state due to sender android (uid 1001)
08-31 14:37:04.335  1668  2189 W BroadcastQueue: Permission Denial: receiving Intent { act=android.intent.action.SERVICE_STATE flg=0x1000010 (has extras) } to ProcessRecord{84978ee 8379:com.android.systemui/u0a197} (pid=8379, uid=10197) requires android.permission.ACCESS_FINE_LOCATION due to sender android (uid 1001)
08-31 14:37:04.336  1668  2189 W BroadcastQueue: Permission Denial: receiving Intent { act=android.intent.action.SERVICE_STATE flg=0x1000010 (has extras) } to com.google.android.cellbroadcastreceiver/com.android.cellbroadcastreceiver.CellBroadcastReceiver requires android.permission.ACCESS_FINE_LOCATION due to sender android (uid 1001)
08-31 14:37:04.337  1668  3429 W ContextImpl: Calling a method in the system process without a qualified user: android.app.ContextImpl.sendBroadcastMultiplePermissions:1258 android.content.Context.sendBroadcastMultiplePermissions:2215 com.android.server.TelephonyRegistry.broadcastServiceStateChanged:2986 com.android.server.TelephonyRegistry.notifyServiceStateForPhoneId:1614 com.android.internal.telephony.ITelephonyRegistry$Stub.onTransact:455 
08-31 14:37:04.338  1668  2189 W BroadcastQueue: Appop Denial: receiving Intent { act=android.intent.action.SERVICE_STATE flg=0x1000010 (has extras) } to ProcessRecord{f0e7ebb 3993:com.android.phone/1001} (pid=3993, uid=1001) excludes appop android:fine_location due to sender android (uid 1001)
08-31 14:37:04.338  1668  2189 W BroadcastQueue: Appop Denial: receiving Intent { act=android.intent.action.SERVICE_STATE flg=0x1000010 (has extras) } to ProcessRecord{f0e7ebb 3993:com.android.phone/1001} (pid=3993, uid=1001) excludes appop android:fine_location due to sender android (uid 1001)
08-31 14:37:04.339  1668  2189 W BroadcastQueue: Permission Denial: receiving Intent { act=android.intent.action.SERVICE_STATE flg=0x1000010 (has extras) } to com.google.android.cellbroadcastreceiver/com.android.cellbroadcastreceiver.CellBroadcastReceiver requires android.permission.READ_PHONE_STATE due to sender android (uid 1001)
08-31 14:37:04.341  1668  2189 W BroadcastQueue: Appop Denial: receiving Intent { act=android.intent.action.SERVICE_STATE flg=0x1000010 (has extras) } to ProcessRecord{f0e7ebb 3993:com.android.phone/1001} (pid=3993, uid=1001) excludes appop android:read_phone_state due to sender android (uid 1001)
08-31 14:37:04.341  1668  2189 W BroadcastQueue: Appop Denial: receiving Intent { act=android.intent.action.SERVICE_STATE flg=0x1000010 (has extras) } to ProcessRecord{f0e7ebb 3993:com.android.phone/1001} (pid=3993, uid=1001) excludes appop android:read_phone_state due to sender android (uid 1001)
08-31 14:37:04.341  1668  2189 W BroadcastQueue: Appop Denial: receiving Intent { act=android.intent.action.SERVICE_STATE flg=0x1000010 (has extras) } to ProcessRecord{84978ee 8379:com.android.systemui/u0a197} (pid=8379, uid=10197) excludes appop android:read_phone_state due to sender android (uid 1001)
08-31 14:37:04.383  1668  3429 I OplusCustomizeService: pkg:com.qti.dpmserviceapp isPlatformSigned, return true drectly 
08-31 14:37:04.383  1668  3429 E OplusCustomizeRestrictionManagerService: getMobileDataMode error :s == null
08-31 14:37:04.384  1668  3429 I OplusCustomizeService: pkg:com.qti.dpmserviceapp isPlatformSigned, return true drectly 
08-31 14:37:04.385  1668  3429 I OplusCustomizeService: pkg:com.qti.dpmserviceapp isPlatformSigned, return true drectly 
08-31 14:37:06.132  1668  3429 W ContextImpl: Calling a method in the system process without a qualified user: android.app.ContextImpl.sendBroadcastMultiplePermissions:1208 com.android.server.TelephonyRegistry.broadcastServiceStateChanged:2971 com.android.server.TelephonyRegistry.notifyServiceStateForPhoneId:1614 com.android.internal.telephony.ITelephonyRegistry$Stub.onTransact:455 android.os.Binder.execTransactInternal:1226 
08-31 14:37:06.138  1668  3429 W ContextImpl: Calling a method in the system process without a qualified user: android.app.ContextImpl.sendBroadcastMultiplePermissions:1258 android.content.Context.sendBroadcastMultiplePermissions:2215 com.android.server.TelephonyRegistry.broadcastServiceStateChanged:2975 com.android.server.TelephonyRegistry.notifyServiceStateForPhoneId:1614 com.android.internal.telephony.ITelephonyRegistry$Stub.onTransact:455 
08-31 14:37:06.140  1668  2189 W BroadcastQueue: Permission Denial: receiving Intent { act=android.intent.action.SERVICE_STATE flg=0x1000010 (has extras) } to ProcessRecord{84978ee 8379:com.android.systemui/u0a197} (pid=8379, uid=10197) requires android.permission.ACCESS_FINE_LOCATION due to sender android (uid 1001)
08-31 14:37:06.141  1668  2189 W BroadcastQueue: Permission Denial: receiving Intent { act=android.intent.action.SERVICE_STATE flg=0x1000010 (has extras) } to com.google.android.cellbroadcastreceiver/com.android.cellbroadcastreceiver.CellBroadcastReceiver requires android.permission.READ_PHONE_STATE due to sender android (uid 1001)
08-31 14:37:06.142  1668  2189 W BroadcastQueue: Appop Denial: receiving Intent { act=android.intent.action.SERVICE_STATE flg=0x1000010 (has extras) } to ProcessRecord{f0e7ebb 3993:com.android.phone/1001} (pid=3993, uid=1001) excludes appop android:read_phone_state due to sender android (uid 1001)
08-31 14:37:06.142  1668  2189 W BroadcastQueue: Appop Denial: receiving Intent { act=android.intent.action.SERVICE_STATE flg=0x1000010 (has extras) } to ProcessRecord{f0e7ebb 3993:com.android.phone/1001} (pid=3993, uid=1001) excludes appop android:read_phone_state due to sender android (uid 1001)
08-31 14:37:06.142  1668  2189 W BroadcastQueue: Permission Denial: receiving Intent { act=android.intent.action.SERVICE_STATE flg=0x1000010 (has extras) } to ProcessRecord{84978ee 8379:com.android.systemui/u0a197} (pid=8379, uid=10197) requires android.permission.ACCESS_FINE_LOCATION due to sender android (uid 1001)
08-31 14:37:06.143  1668  3429 W ContextImpl: Calling a method in the system process without a qualified user: android.app.ContextImpl.sendBroadcastMultiplePermissions:1258 android.content.Context.sendBroadcastMultiplePermissions:2215 com.android.server.TelephonyRegistry.broadcastServiceStateChanged:2982 com.android.server.TelephonyRegistry.notifyServiceStateForPhoneId:1614 com.android.internal.telephony.ITelephonyRegistry$Stub.onTransact:455 
08-31 14:37:06.143  1668  2189 W BroadcastQueue: Permission Denial: receiving Intent { act=android.intent.action.SERVICE_STATE flg=0x1000010 (has extras) } to com.google.android.cellbroadcastreceiver/com.android.cellbroadcastreceiver.CellBroadcastReceiver requires android.permission.ACCESS_FINE_LOCATION due to sender android (uid 1001)
08-31 14:37:06.144  1668  3429 W ContextImpl: Calling a method in the system process without a qualified user: android.app.ContextImpl.sendBroadcastMultiplePermissions:1258 android.content.Context.sendBroadcastMultiplePermissions:2215 com.android.server.TelephonyRegistry.broadcastServiceStateChanged:2986 com.android.server.TelephonyRegistry.notifyServiceStateForPhoneId:1614 com.android.internal.telephony.ITelephonyRegistry$Stub.onTransact:455 
08-31 14:37:06.144  1668  2189 W BroadcastQueue: Appop Denial: receiving Intent { act=android.intent.action.SERVICE_STATE flg=0x1000010 (has extras) } to ProcessRecord{f0e7ebb 3993:com.android.phone/1001} (pid=3993, uid=1001) excludes appop android:fine_location due to sender android (uid 1001)
08-31 14:37:06.144  1668  2189 W BroadcastQueue: Appop Denial: receiving Intent { act=android.intent.action.SERVICE_STATE flg=0x1000010 (has extras) } to ProcessRecord{f0e7ebb 3993:com.android.phone/1001} (pid=3993, uid=1001) excludes appop android:fine_location due to sender android (uid 1001)
08-31 14:37:06.145  1668  2189 W BroadcastQueue: Permission Denial: receiving Intent { act=android.intent.action.SERVICE_STATE flg=0x1000010 (has extras) } to com.google.android.cellbroadcastreceiver/com.android.cellbroadcastreceiver.CellBroadcastReceiver requires android.permission.READ_PHONE_STATE due to sender android (uid 1001)
08-31 14:37:06.145  1668  2189 W BroadcastQueue: Appop Denial: receiving Intent { act=android.intent.action.SERVICE_STATE flg=0x1000010 (has extras) } to ProcessRecord{f0e7ebb 3993:com.android.phone/1001} (pid=3993, uid=1001) excludes appop android:read_phone_state due to sender android (uid 1001)
08-31 14:37:06.146  1668  2189 W BroadcastQueue: Appop Denial: receiving Intent { act=android.intent.action.SERVICE_STATE flg=0x1000010 (has extras) } to ProcessRecord{f0e7ebb 3993:com.android.phone/1001} (pid=3993, uid=1001) excludes appop android:read_phone_state due to sender android (uid 1001)
08-31 14:37:06.146  1668  2189 W BroadcastQueue: Appop Denial: receiving Intent { act=android.intent.action.SERVICE_STATE flg=0x1000010 (has extras) } to ProcessRecord{84978ee 8379:com.android.systemui/u0a197} (pid=8379, uid=10197) excludes appop android:read_phone_state due to sender android (uid 1001)
08-31 14:37:06.228  1668  3698 W ContextImpl: Calling a method in the system process without a qualified user: android.app.ContextImpl.sendBroadcastMultiplePermissions:1208 com.android.server.TelephonyRegistry.broadcastServiceStateChanged:2971 com.android.server.TelephonyRegistry.notifyServiceStateForPhoneId:1614 com.android.internal.telephony.ITelephonyRegistry$Stub.onTransact:455 android.os.Binder.execTransactInternal:1226 
08-31 14:37:06.229  1668  3698 W ContextImpl: Calling a method in the system process without a qualified user: android.app.ContextImpl.sendBroadcastMultiplePermissions:1258 android.content.Context.sendBroadcastMultiplePermissions:2215 com.android.server.TelephonyRegistry.broadcastServiceStateChanged:2975 com.android.server.TelephonyRegistry.notifyServiceStateForPhoneId:1614 com.android.internal.telephony.ITelephonyRegistry$Stub.onTransact:455 
08-31 14:37:06.232  1668  2189 W BroadcastQueue: Permission Denial: receiving Intent { act=android.intent.action.SERVICE_STATE flg=0x1000010 (has extras) } to ProcessRecord{84978ee 8379:com.android.systemui/u0a197} (pid=8379, uid=10197) requires android.permission.ACCESS_FINE_LOCATION due to sender android (uid 1001)
08-31 14:37:06.233  1668  2189 W BroadcastQueue: Permission Denial: receiving Intent { act=android.intent.action.SERVICE_STATE flg=0x1000010 (has extras) } to com.google.android.cellbroadcastreceiver/com.android.cellbroadcastreceiver.CellBroadcastReceiver requires android.permission.READ_PHONE_STATE due to sender android (uid 1001)
08-31 14:37:06.234  1668  3698 W ContextImpl: Calling a method in the system process without a qualified user: android.app.ContextImpl.sendBroadcastMultiplePermissions:1258 android.content.Context.sendBroadcastMultiplePermissions:2215 com.android.server.TelephonyRegistry.broadcastServiceStateChanged:2982 com.android.server.TelephonyRegistry.notifyServiceStateForPhoneId:1614 com.android.internal.telephony.ITelephonyRegistry$Stub.onTransact:455 
08-31 14:37:06.235  1668  2189 W BroadcastQueue: Appop Denial: receiving Intent { act=android.intent.action.SERVICE_STATE flg=0x1000010 (has extras) } to ProcessRecord{f0e7ebb 3993:com.android.phone/1001} (pid=3993, uid=1001) excludes appop android:read_phone_state due to sender android (uid 1001)
08-31 14:37:06.235  1668  2189 W BroadcastQueue: Appop Denial: receiving Intent { act=android.intent.action.SERVICE_STATE flg=0x1000010 (has extras) } to ProcessRecord{f0e7ebb 3993:com.android.phone/1001} (pid=3993, uid=1001) excludes appop android:read_phone_state due to sender android (uid 1001)
08-31 14:37:06.236  1668  2189 W BroadcastQueue: Permission Denial: receiving Intent { act=android.intent.action.SERVICE_STATE flg=0x1000010 (has extras) } to ProcessRecord{84978ee 8379:com.android.systemui/u0a197} (pid=8379, uid=10197) requires android.permission.ACCESS_FINE_LOCATION due to sender android (uid 1001)
08-31 14:37:06.236  1668  2189 W BroadcastQueue: Permission Denial: receiving Intent { act=android.intent.action.SERVICE_STATE flg=0x1000010 (has extras) } to com.google.android.cellbroadcastreceiver/com.android.cellbroadcastreceiver.CellBroadcastReceiver requires android.permission.ACCESS_FINE_LOCATION due to sender android (uid 1001)
08-31 14:37:06.238  1668  3698 W ContextImpl: Calling a method in the system process without a qualified user: android.app.ContextImpl.sendBroadcastMultiplePermissions:1258 android.content.Context.sendBroadcastMultiplePermissions:2215 com.android.server.TelephonyRegistry.broadcastServiceStateChanged:2986 com.android.server.TelephonyRegistry.notifyServiceStateForPhoneId:1614 com.android.internal.telephony.ITelephonyRegistry$Stub.onTransact:455 
08-31 14:37:06.238  1668  2189 W BroadcastQueue: Appop Denial: receiving Intent { act=android.intent.action.SERVICE_STATE flg=0x1000010 (has extras) } to ProcessRecord{f0e7ebb 3993:com.android.phone/1001} (pid=3993, uid=1001) excludes appop android:fine_location due to sender android (uid 1001)
08-31 14:37:06.238  1668  2189 W BroadcastQueue: Appop Denial: receiving Intent { act=android.intent.action.SERVICE_STATE flg=0x1000010 (has extras) } to ProcessRecord{f0e7ebb 3993:com.android.phone/1001} (pid=3993, uid=1001) excludes appop android:fine_location due to sender android (uid 1001)
08-31 14:37:06.239  1668  2189 W BroadcastQueue: Permission Denial: receiving Intent { act=android.intent.action.SERVICE_STATE flg=0x1000010 (has extras) } to com.google.android.cellbroadcastreceiver/com.android.cellbroadcastreceiver.CellBroadcastReceiver requires android.permission.READ_PHONE_STATE due to sender android (uid 1001)
08-31 14:37:06.240  1668  2189 W BroadcastQueue: Appop Denial: receiving Intent { act=android.intent.action.SERVICE_STATE flg=0x1000010 (has extras) } to ProcessRecord{f0e7ebb 3993:com.android.phone/1001} (pid=3993, uid=1001) excludes appop android:read_phone_state due to sender android (uid 1001)
08-31 14:37:06.240  1668  2189 W BroadcastQueue: Appop Denial: receiving Intent { act=android.intent.action.SERVICE_STATE flg=0x1000010 (has extras) } to ProcessRecord{f0e7ebb 3993:com.android.phone/1001} (pid=3993, uid=1001) excludes appop android:read_phone_state due to sender android (uid 1001)
08-31 14:37:06.240  1668  2189 W BroadcastQueue: Appop Denial: receiving Intent { act=android.intent.action.SERVICE_STATE flg=0x1000010 (has extras) } to ProcessRecord{84978ee 8379:com.android.systemui/u0a197} (pid=8379, uid=10197) excludes appop android:read_phone_state due to sender android (uid 1001)
