08-31 14:35:47.763  1668  2189 W BroadcastQueue: Permission Denial: receiving Intent { act=android.intent.action.SERVICE_STATE flg=0x1000010 (has extras) } to com.google.android.cellbroadcastreceiver/com.android.cellbroadcastreceiver.CellBroadcastReceiver requires android.permission.READ_PHONE_STATE due to sender android (uid 1001)
08-31 14:35:47.764  1668  2189 W BroadcastQueue: Appop Denial: receiving Intent { act=android.intent.action.SERVICE_STATE flg=0x1000010 (has extras) } to ProcessRecord{f0e7ebb 3993:com.android.phone/1001} (pid=3993, uid=1001) excludes appop android:read_phone_state due to sender android (uid 1001)
08-31 14:35:47.764  1668  2189 W BroadcastQueue: Appop Denial: receiving Intent { act=android.intent.action.SERVICE_STATE flg=0x1000010 (has extras) } to ProcessRecord{f0e7ebb 3993:com.android.phone/1001} (pid=3993, uid=1001) excludes appop android:read_phone_state due to sender android (uid 1001)
08-31 14:35:47.764  1668  2189 W BroadcastQueue: Appop Denial: receiving Intent { act=android.intent.action.SERVICE_STATE flg=0x1000010 (has extras) } to ProcessRecord{84978ee 8379:com.android.systemui/u0a197} (pid=8379, uid=10197) excludes appop android:read_phone_state due to sender android (uid 1001)
08-31 14:35:47.862  1668  4198 W ContextImpl: Calling a method in the system process without a qualified user: android.app.ContextImpl.sendBroadcastMultiplePermissions:1208 com.android.server.TelephonyRegistry.broadcastServiceStateChanged:2971 com.android.server.TelephonyRegistry.notifyServiceStateForPhoneId:1614 com.android.internal.telephony.ITelephonyRegistry$Stub.onTransact:455 android.os.Binder.execTransactInternal:1226 
08-31 14:35:47.863  1668  4198 W ContextImpl: Calling a method in the system process without a qualified user: android.app.ContextImpl.sendBroadcastMultiplePermissions:1258 android.content.Context.sendBroadcastMultiplePermissions:2215 com.android.server.TelephonyRegistry.broadcastServiceStateChanged:2975 com.android.server.TelephonyRegistry.notifyServiceStateForPhoneId:1614 com.android.internal.telephony.ITelephonyRegistry$Stub.onTransact:455 
08-31 14:35:47.865  1668  2189 W BroadcastQueue: Permission Denial: receiving Intent { act=android.intent.action.SERVICE_STATE flg=0x1000010 (has extras) } to ProcessRecord{84978ee 8379:com.android.systemui/u0a197} (pid=8379, uid=10197) requires android.permission.ACCESS_FINE_LOCATION due to sender android (uid 1001)
08-31 14:35:47.866  1668  2189 W BroadcastQueue: Permission Denial: receiving Intent { act=android.intent.action.SERVICE_STATE flg=0x1000010 (has extras) } to com.google.android.cellbroadcastreceiver/com.android.cellbroadcastreceiver.CellBroadcastReceiver requires android.permission.READ_PHONE_STATE due to sender android (uid 1001)
08-31 14:35:47.867  1668  2189 W BroadcastQueue: Appop Denial: receiving Intent { act=android.intent.action.SERVICE_STATE flg=0x1000010 (has extras) } to ProcessRecord{f0e7ebb 3993:com.android.phone/1001} (pid=3993, uid=1001) excludes appop android:read_phone_state due to sender android (uid 1001)
08-31 14:35:47.868  1668  4198 W ContextImpl: Calling a method in the system process without a qualified user: android.app.ContextImpl.sendBroadcastMultiplePermissions:1258 android.content.Context.sendBroadcastMultiplePermissions:2215 com.android.server.TelephonyRegistry.broadcastServiceStateChanged:2982 com.android.server.TelephonyRegistry.notifyServiceStateForPhoneId:1614 com.android.internal.telephony.ITelephonyRegistry$Stub.onTransact:455 
08-31 14:35:47.868  1668  2189 W BroadcastQueue: Appop Denial: receiving Intent { act=android.intent.action.SERVICE_STATE flg=0x1000010 (has extras) } to ProcessRecord{f0e7ebb 3993:com.android.phone/1001} (pid=3993, uid=1001) excludes appop android:read_phone_state due to sender android (uid 1001)
08-31 14:35:47.868  1668  2189 W BroadcastQueue: Permission Denial: receiving Intent { act=android.intent.action.SERVICE_STATE flg=0x1000010 (has extras) } to ProcessRecord{84978ee 8379:com.android.systemui/u0a197} (pid=8379, uid=10197) requires android.permission.ACCESS_FINE_LOCATION due to sender android (uid 1001)
08-31 14:35:47.868  1668  2189 W BroadcastQueue: Permission Denial: receiving Intent { act=android.intent.action.SERVICE_STATE flg=0x1000010 (has extras) } to com.google.android.cellbroadcastreceiver/com.android.cellbroadcastreceiver.CellBroadcastReceiver requires android.permission.ACCESS_FINE_LOCATION due to sender android (uid 1001)
08-31 14:35:47.869  1668  4198 W ContextImpl: Calling a method in the system process without a qualified user: android.app.ContextImpl.sendBroadcastMultiplePermissions:1258 android.content.Context.sendBroadcastMultiplePermissions:2215 com.android.server.TelephonyRegistry.broadcastServiceStateChanged:2986 com.android.server.TelephonyRegistry.notifyServiceStateForPhoneId:1614 com.android.internal.telephony.ITelephonyRegistry$Stub.onTransact:455 
08-31 14:35:47.870  1668  2189 W BroadcastQueue: Appop Denial: receiving Intent { act=android.intent.action.SERVICE_STATE flg=0x1000010 (has extras) } to ProcessRecord{f0e7ebb 3993:com.android.phone/1001} (pid=3993, uid=1001) excludes appop android:fine_location due to sender android (uid 1001)
08-31 14:35:47.870  1668  2189 W BroadcastQueue: Appop Denial: receiving Intent { act=android.intent.action.SERVICE_STATE flg=0x1000010 (has extras) } to ProcessRecord{f0e7ebb 3993:com.android.phone/1001} (pid=3993, uid=1001) excludes appop android:fine_location due to sender android (uid 1001)
08-31 14:35:47.871  1668  2189 W BroadcastQueue: Permission Denial: receiving Intent { act=android.intent.action.SERVICE_STATE flg=0x1000010 (has extras) } to com.google.android.cellbroadcastreceiver/com.android.cellbroadcastreceiver.CellBroadcastReceiver requires android.permission.READ_PHONE_STATE due to sender android (uid 1001)
08-31 14:35:47.872  1668  2189 W BroadcastQueue: Appop Denial: receiving Intent { act=android.intent.action.SERVICE_STATE flg=0x1000010 (has extras) } to ProcessRecord{f0e7ebb 3993:com.android.phone/1001} (pid=3993, uid=1001) excludes appop android:read_phone_state due to sender android (uid 1001)
08-31 14:35:47.872  1668  2189 W BroadcastQueue: Appop Denial: receiving Intent { act=android.intent.action.SERVICE_STATE flg=0x1000010 (has extras) } to ProcessRecord{f0e7ebb 3993:com.android.phone/1001} (pid=3993, uid=1001) excludes appop android:read_phone_state due to sender android (uid 1001)
08-31 14:35:47.872  1668  2189 W BroadcastQueue: Appop Denial: receiving Intent { act=android.intent.action.SERVICE_STATE flg=0x1000010 (has extras) } to ProcessRecord{84978ee 8379:com.android.systemui/u0a197} (pid=8379, uid=10197) excludes appop android:read_phone_state due to sender android (uid 1001)
08-31 14:35:47.883  1668  4230 I OplusCustomizeService: pkg:com.qti.dpmserviceapp isPlatformSigned, return true drectly 
08-31 14:35:47.883  1668  4230 E OplusCustomizeRestrictionManagerService: getMobileDataMode error :s == null
08-31 14:35:47.883  1668  4230 I OplusCustomizeService: pkg:com.qti.dpmserviceapp isPlatformSigned, return true drectly 
08-31 14:35:47.884  1668  4198 I OplusCustomizeService: pkg:com.qti.dpmserviceapp isPlatformSigned, return true drectly 
08-31 14:35:47.915  1668  5832 I OplusCustomizeService: pkg:com.qti.dpmserviceapp isPlatformSigned, return true drectly 
08-31 14:35:47.915  1668  5832 E OplusCustomizeRestrictionManagerService: getMobileDataMode error :s == null
08-31 14:35:47.916  1668  5832 I OplusCustomizeService: pkg:com.qti.dpmserviceapp isPlatformSigned, return true drectly 
08-31 14:35:47.916  1668  4230 I OplusCustomizeService: pkg:com.qti.dpmserviceapp isPlatformSigned, return true drectly 
08-31 14:35:53.906  1668  4483 D OplusProxyWakeLock: remove uid: 10441 wiht all pids from wakelockUidInfo list
08-31 14:35:56.845  1668  4230 E OplusCustomizePackageManagerService: getAdbInstallUninstallDisabled start
08-31 14:35:57.945  1668  4230 D PackageInstallerSessionExtImpl: no pre: undesired name
08-31 14:35:57.946  1668  4230 D OplusInstallAccelerateManager: startAccelerate()
08-31 14:35:57.946  1668  4230 D OplusInstallAccelerateManager: operateCpuBouncingIfNeeded()
08-31 14:35:57.946  1668  4230 D OplusInstallAccelerateManager: originatingPackageName = unknown
08-31 14:35:57.946  1668  4230 D OplusInstallAccelerateManager: initiatingPackageName = unknown
08-31 14:35:57.946  1668  4230 D OplusInstallAccelerateManager: installerPackageName = pc
08-31 14:35:57.947  1668  4230 D OplusInstallAccelerateManager: disableCpuBouncing()
08-31 14:35:57.962  1668  2691 D PackageInstallerSessionExtImpl: not get pre-parsed ret
08-31 14:35:58.044  1668  2691 E PackageInstallerSession: pc drops manifest attribute android:installLocation in base.apk for org.noegi.toogoodtonotify
08-31 14:35:58.046  1668  2177 I DropBoxManagerService: add tag=system_server_wtf isTagEnabled=true flags=0x2
08-31 14:35:58.060  1668  2177 D DropBoxManagerService: file :: /data/system/dropbox/system_server_wtf@1725107758051.txt
08-31 14:35:58.091  1380  1380 I Quality : SFJankCountInfo: 175; 0; 0; 0; 0; 0; 1; 0; 2; 0; 7
08-31 14:35:58.216  1668  2343 I PackageManager: Integrity check passed for file:///data/app/vmdl1645455680.tmp
08-31 14:35:58.650  1668  5832 D CompatibilityChangeReporter: Compat change id reported: 135634846; UID 10198; state: DISABLED
08-31 14:35:58.650  1668  5832 D CompatibilityChangeReporter: Compat change id reported: 177438394; UID 10198; state: DISABLED
08-31 14:35:58.650  1668  5832 D CompatibilityChangeReporter: Compat change id reported: 135772972; UID 10198; state: DISABLED
08-31 14:35:58.651  1668  5832 D CompatibilityChangeReporter: Compat change id reported: 135754954; UID 10198; state: ENABLED
08-31 14:35:58.651  1668  2178 D CompatibilityChangeReporter: Compat change id reported: 143937733; UID 10198; state: ENABLED
08-31 14:35:58.676  1668  2178 I ActivityManager: Start proc 29067:com.android.vending:com.google.android.finsky.verifier.apkanalysis.service.ApkContentsScanService/u0i301 for service {com.android.vending/com.google.android.finsky.verifier.apkanalysis.service.ApkContentsScanService}
08-31 14:35:58.904  1668  5832 I ActivityManager: Killing 29067:com.android.vending:com.google.android.finsky.verifier.apkanalysis.service.ApkContentsScanService/u0a198i301 (adj 0): isolated not needed
08-31 14:35:58.985  1668  2205 E KernelCpuUidActiveTimeReader: Negative delta from active time for uid: 10200, delta: -23
08-31 14:35:58.985  1668  2205 E KernelCpuUidActiveTimeReader: Negative delta from active time for uid: 10132, delta: -11
08-31 14:35:58.985  1668  2205 E KernelCpuUidActiveTimeReader: Negative delta from active time for uid: 10386, delta: -27
08-31 14:35:58.985  1668  2205 E KernelCpuUidActiveTimeReader: Negative delta from active time for uid: 1058, delta: -2
08-31 14:35:58.985  1668  2205 E KernelCpuUidActiveTimeReader: Negative delta from active time for uid: 10229, delta: -12
08-31 14:35:58.986  1668  2205 E KernelCpuUidActiveTimeReader: Negative delta from active time for uid: 10360, delta: -13
08-31 14:35:58.986  1668  2205 E KernelCpuUidActiveTimeReader: Negative delta from active time for uid: 10012, delta: -47
08-31 14:35:58.986  1668  2205 E KernelCpuUidActiveTimeReader: Negative delta from active time for uid: 10143, delta: -12
08-31 14:35:58.986  1668  2205 E KernelCpuUidActiveTimeReader: Negative delta from active time for uid: 50055, delta: -137
08-31 14:35:58.986  1668  2205 E KernelCpuUidActiveTimeReader: Negative delta from active time for uid: 10180, delta: -2
08-31 14:35:58.986  1668  2205 E KernelCpuUidActiveTimeReader: Negative delta from active time for uid: 10057, delta: -6
08-31 14:35:58.986  1668  2205 E KernelCpuUidActiveTimeReader: Negative delta from active time for uid: 10133, delta: -9
08-31 14:35:58.986  1668  2205 E KernelCpuUidActiveTimeReader: Negative delta from active time for uid: 10154, delta: -4
08-31 14:35:58.986  1668  2205 E KernelCpuUidActiveTimeReader: Negative delta from active time for uid: 10199, delta: -7
08-31 14:35:58.986  1668  2205 E KernelCpuUidActiveTimeReader: Negative delta from active time for uid: 1023, delta: -1
08-31 14:35:58.986  1668  2205 E KernelCpuUidActiveTimeReader: Negative delta from active time for uid: 10050, delta: -65
08-31 14:35:58.986  1668  2205 E KernelCpuUidActiveTimeReader: Negative delta from active time for uid: 10346, delta: -6
08-31 14:35:58.986  1668  2205 E KernelCpuUidActiveTimeReader: Negative delta from active time for uid: 10168, delta: -22
08-31 14:35:58.986  1668  2205 E KernelCpuUidActiveTimeReader: Negative delta from active time for uid: 10231, delta: -45
08-31 14:35:58.986  1668  2205 E KernelCpuUidActiveTimeReader: Negative delta from active time for uid: 10142, delta: -16
08-31 14:35:58.986  1668  2205 E KernelCpuUidActiveTimeReader: Negative delta from active time for uid: 10349, delta: -6
08-31 14:35:58.986  1668  2205 E KernelCpuUidActiveTimeReader: Negative delta from active time for uid: 10171, delta: -2
08-31 14:35:58.987  1668  2205 E KernelCpuUidClusterTimeReader: Negative delta from cluster time for uid: 10001, delta: -4
08-31 14:35:58.987  1668  2205 E KernelCpuUidClusterTimeReader: Negative delta from cluster time for uid: 10200, delta: -28
08-31 14:35:58.987  1668  2205 E KernelCpuUidClusterTimeReader: Negative delta from cluster time for uid: 10132, delta: -9
08-31 14:35:58.987  1668  2205 E KernelCpuUidClusterTimeReader: Negative delta from cluster time for uid: 10187, delta: -4
08-31 14:35:58.987  1668  2205 E KernelCpuUidClusterTimeReader: Negative delta from cluster time for uid: 10386, delta: -30
08-31 14:35:58.987  1668  2205 E KernelCpuUidClusterTimeReader: Negative delta from cluster time for uid: 50366, delta: -3
08-31 14:35:58.987  1668  2205 E KernelCpuUidClusterTimeReader: Negative delta from cluster time for uid: 1058, delta: -2
08-31 14:35:58.987  1668  2205 E KernelCpuUidClusterTimeReader: Negative delta from cluster time for uid: 10229, delta: -11
08-31 14:35:58.987  1668  2205 E KernelCpuUidClusterTimeReader: Negative delta from cluster time for uid: 10360, delta: -9
08-31 14:35:58.987  1668  2205 E KernelCpuUidClusterTimeReader: Negative delta from cluster time for uid: 10347, delta: -1
08-31 14:35:58.987  1668  2205 E KernelCpuUidClusterTimeReader: Negative delta from cluster time for uid: 50005, delta: -44
08-31 14:35:58.987  1668  2205 E KernelCpuUidClusterTimeReader: Negative delta from cluster time for uid: 10012, delta: -44
08-31 14:35:58.988  1668  2205 E KernelCpuUidClusterTimeReader: Negative delta from cluster time for uid: 10143, delta: -14
08-31 14:35:58.988  1668  2205 E KernelCpuUidClusterTimeReader: Negative delta from cluster time for uid: 50055, delta: -276
08-31 14:35:58.988  1668  2205 E KernelCpuUidClusterTimeReader: Negative delta from cluster time for uid: 1069, delta: -4
08-31 14:35:58.988  1668  2205 E KernelCpuUidClusterTimeReader: Negative delta from cluster time for uid: 10159, delta: -5
08-31 14:35:58.988  1668  2205 E KernelCpuUidClusterTimeReader: Negative delta from cluster time for uid: 10180, delta: -2
08-31 14:35:58.988  1668  2205 E KernelCpuUidClusterTimeReader: Negative delta from cluster time for uid: 10057, delta: -5
08-31 14:35:58.988  1668  2205 E KernelCpuUidClusterTimeReader: Negative delta from cluster time for uid: 10133, delta: -9
08-31 14:35:58.988  1668  2205 E KernelCpuUidClusterTimeReader: Negative delta from cluster time for uid: 10154, delta: -3
08-31 14:35:58.988  1668  2205 E KernelCpuUidClusterTimeReader: Negative delta from cluster time for uid: 10013, delta: -6
08-31 14:35:58.988  1668  2205 E KernelCpuUidClusterTimeReader: Negative delta from cluster time for uid: 10199, delta: -6
08-31 14:35:58.988  1668  2205 E KernelCpuUidClusterTimeReader: Negative delta from cluster time for uid: 10351, delta: -1
08-31 14:35:58.988  1668  2205 E KernelCpuUidClusterTimeReader: Negative delta from cluster time for uid: 1023, delta: -1
08-31 14:35:58.988  1668  2205 E KernelCpuUidClusterTimeReader: Negative delta from cluster time for uid: 10050, delta: -41
08-31 14:35:58.988  1668  2205 E KernelCpuUidClusterTimeReader: Negative delta from cluster time for uid: 10304, delta: -1
08-31 14:35:58.988  1668  2205 E KernelCpuUidClusterTimeReader: Negative delta from cluster time for uid: 10346, delta: -7
08-31 14:35:58.988  1668  2205 E KernelCpuUidClusterTimeReader: Negative delta from cluster time for uid: 10168, delta: -21
08-31 14:35:58.988  1668  2205 E KernelCpuUidClusterTimeReader: Negative delta from cluster time for uid: 10566, delta: -7
08-31 14:35:58.988  1668  2205 E KernelCpuUidClusterTimeReader: Negative delta from cluster time for uid: 10231, delta: -44
08-31 14:35:58.989  1668  2205 E KernelCpuUidClusterTimeReader: Negative delta from cluster time for uid: 10142, delta: -13
08-31 14:35:58.989  1668  2205 E KernelCpuUidClusterTimeReader: Negative delta from cluster time for uid: 10349, delta: -6
08-31 14:35:59.086  1668  2343 D OplusPackageInstallInterceptManager: installStage send adb install pkg:org.noegi.toogoodtonotify   path: /data/app/vmdl1645455680.tmp/base.apk installFlags:5242994
08-31 14:35:59.086  1668  2343 D OplusPackageInstallInterceptManager: installStage send adb replace install, silent
08-31 14:35:59.087  1668  2343 D PackageManager: installStage org.noegi.toogoodtonotify, dir=/data/app/vmdl1645455680.tmp, installerPackageName=pc, installerUid=2000, full=false
08-31 14:35:59.099  1668  2343 D PackageManager: installStage org.noegi.toogoodtonotify0
08-31 14:35:59.102  1668 29086 D OplusDexOptimizeManager: Try to protect stablebility exclude install 
08-31 14:35:59.110  1668  2343 D PackageManager: installStage use for0
08-31 14:35:59.122  1668 29088 D OplusDexOptimizeManager: Try to protect stablebility.. 
08-31 14:35:59.143  1668 29086 D OplusDexOptimizeManager: can not detect dex2oat...
08-31 14:35:59.151  1668 29088 D OplusDexOptimizeManager: can not detect dex2oat...
08-31 14:35:59.193  1668  2177 I ActivityManager: Force stopping org.noegi.toogoodtonotify appid=10587 user=-1: installPackageLI
08-31 14:35:59.193  1668  2177 W ContextImpl: Calling a method in the system process without a qualified user: android.app.ContextImpl.sendBroadcast:1175 com.android.server.am.OplusExtraActivityManagerService.setKeyLockModeNormal:51 com.android.server.am.ActivityManagerServiceExtImpl.setKeyLockModeNormal:851 com.android.server.am.ActivityManagerService.forceStopPackageLocked:4517 com.android.server.am.ActivityManagerService$MainHandler.handleMessage:1819 
08-31 14:35:59.193  1668  2343 I PackageManager: Update package org.noegi.toogoodtonotify code path from /data/app/~~FPQes1XduQQrMttIrwSZww==/org.noegi.toogoodtonotify-_cIwr-Ok8zBTcMMTyesMGw== to /data/app/~~SdAy0qjc7IVuehIHDRBglQ==/org.noegi.toogoodtonotify-T1ZzO-PdHww6pLsR3CVa3g==; Retain data and using new
08-31 14:35:59.265  1668  2343 W PackageSettings: Skipping PackageSetting{debc8e2 com.oneplus.card/10251} due to missing metadata
08-31 14:35:59.266  1668  2343 W PackageSettings: Skipping PackageSetting{5659473 in.amazon.mShop.android.shopping/10253} due to missing metadata
08-31 14:35:59.267  1668  2343 W PackageSettings: Skipping PackageSetting{36d6f30 com.amazon.appmanager/10255} due to missing metadata
08-31 14:35:59.267  1668  2343 W PackageSettings: Skipping PackageSetting{c9927a9 com.oneplus.iconpack.oneplush2/10260} due to missing metadata
08-31 14:35:59.267  1668  2343 W PackageSettings: Skipping PackageSetting{d01912e com.oneplus.iconpack.onepluso2/10256} due to missing metadata
08-31 14:35:59.268  1668  2343 W PackageSettings: Skipping PackageSetting{b7b04cf com.amazon.avod.thirdpartyclient/10263} due to missing metadata
08-31 14:35:59.287  4102  4465 D iopgp   : OnPackageChangeEvent:Received PackageChangeEvent{packageName=org.noegi.toogoodtonotify,version=10211,lastUpdateTimeMillis=1725107759194}
08-31 14:35:59.288  4102  4465 D iopgp   : Same version package org.noegi.toogoodtonotify with version 10211
08-31 14:35:59.288  4102  4465 D iopgp   : OnPackageChangeEvent:old package version is 10211
08-31 14:35:59.288  4102  4465 D iopgp   : No package to clean up org.noegi.toogoodtonotify with version 10211
08-31 14:35:59.316  1668  2343 I PackageManager: set persist.sys.package.SHA1 as 1057735e20787aa35b0456ec32b99de2135e3472
08-31 14:35:59.324  1668  2343 D PackageManager: notifyPackageXmlVerify done. result=true
08-31 14:35:59.325  1668  2343 D PackageManager: send ACTION_PACKAGE_FULLY_REMOVED reason:dataRemoved=false !isRemovedPackageSystemUpdate=true
08-31 14:35:59.329  1668 29091 D OplusDexOptimizeManager: Try to protect stablebility.. 
08-31 14:35:59.329  1668  2343 D InstallerExtImpl: Avoid to hold lock when rmPackageDir
08-31 14:35:59.331  1668 29092 D OplusDexOptimizeManager: Try to protect stablebility.. 
08-31 14:35:59.341  1668  2343 D InstallerExtImpl: Avoid to hold lock when rmPackageDir
08-31 14:35:59.342  1668 29093 D OplusDexOptimizeManager: Try to protect stablebility.. 
08-31 14:35:59.343  1668  2343 D UserUninstallRecorder: not care org.noegi.toogoodtonotify installed.
08-31 14:35:59.343  1668  2343 D OplusOsPackageManager: addPkgToNotLaunchedList org.noegi.toogoodtonotify
08-31 14:35:59.343  1668  2343 D InstallerExtImpl: Avoid to hold lock when rmPackageDir
08-31 14:35:59.344  1668  2343 D OplusInstallAccelerateManager: stopAccelerate()
08-31 14:35:59.344  1668  2343 D OplusInstallAccelerateManager: operateCpuBouncingIfNeeded()
08-31 14:35:59.344  1668  2343 D OplusInstallAccelerateManager: originatingPackageName = unknown
08-31 14:35:59.344  1668  2343 D OplusInstallAccelerateManager: initiatingPackageName = unknown
08-31 14:35:59.344  1668  2343 D OplusInstallAccelerateManager: installerPackageName = pc
08-31 14:35:59.345  1668  2338 D OplusInstallAccelerateManager: handleMessage(1000)
08-31 14:35:59.345  1668  2338 D OplusInstallAccelerateManager: recoveryCpuBouncingIfNeeded(1645455680, false)
08-31 14:35:59.345  1668  2338 D OplusInstallAccelerateManager: remove message 1645455680
08-31 14:35:59.345  1668  2338 D OplusInstallAccelerateManager: recoveryCpuBouncing()
08-31 14:35:59.345  1668 29096 D OplusDexOptimizeManager: Try to protect stablebility.. 
08-31 14:35:59.362  1668  2343 I ActivityManager: Force stopping org.noegi.toogoodtonotify appid=10587 user=0: pkg removed
08-31 14:35:59.363  1668  2343 W ContextImpl: Calling a method in the system process without a qualified user: android.app.ContextImpl.sendBroadcast:1175 com.android.server.am.OplusExtraActivityManagerService.setKeyLockModeNormal:51 com.android.server.am.ActivityManagerServiceExtImpl.setKeyLockModeNormal:851 com.android.server.am.ActivityManagerService.forceStopPackageLocked:4517 com.android.server.am.ActivityManagerService.broadcastIntentLocked:13779 
08-31 14:35:59.365  1668 29096 D OplusDexOptimizeManager: can not detect dex2oat...
08-31 14:35:59.368  1668 29093 D OplusDexOptimizeManager: can not detect dex2oat...
08-31 14:35:59.388  1668  4483 D OplusProxyWakeLock: remove uid: 10411 wiht all pids from wakelockUidInfo list
08-31 14:35:59.392  1668  4483 D OplusProxyWakeLock: remove uid: 10343 wiht all pids from wakelockUidInfo list
08-31 14:35:59.392  1668  4483 D OplusProxyWakeLock: restore uid :10343 wakelock: PARTIAL_WAKE_LOCK              '*job*' (uid=1000 pid=1668 ws=WorkSource{10343})
08-31 14:35:59.395  1668  1668 D OplusCustomizeService: UninstallBroadcastReceiver, pkgName=org.noegi.toogoodtonotify, isReInstall=true
08-31 14:35:59.399  1668  4483 D OplusProxyWakeLock: remove uid: 10208 wiht all pids from wakelockUidInfo list
08-31 14:35:59.401  1668  4483 D OplusProxyWakeLock: remove uid: 10334 wiht all pids from wakelockUidInfo list
08-31 14:35:59.403  1668  1668 D OplusCustomizeService: getOperator, result=-1
08-31 14:35:59.404  1668  2148 V AutofillManagerService: onPackageUpdateStarted(): org.noegi.toogoodtonotify
08-31 14:35:59.411  3692  3785 W ContextImpl: Calling a method in the system process without a qualified user: android.app.ContextImpl.sendBroadcast:1190 android.content.ContextWrapper.sendBroadcast:494 com.oplus.notificationmanager.AppModificationReceiver.notifyAppModified:9 com.oplus.notificationmanager.NotificationBackend.processBroadcast:122 com.oplus.notificationmanager.NotificationBackend.access$500:0 
08-31 14:35:59.414  1668  4483 D OplusProxyWakeLock: remove uid: 10258 wiht all pids from wakelockUidInfo list
08-31 14:35:59.422  1668 29091 D OplusDexOptimizeManager: can not detect dex2oat...
08-31 14:35:59.424  1668 29092 D OplusDexOptimizeManager: can not detect dex2oat...
08-31 14:35:59.424  1668  4483 D OplusProxyWakeLock: remove uid: 10458 wiht all pids from wakelockUidInfo list
08-31 14:35:59.424  1668  4483 D OplusProxyWakeLock: remove uid: 10005 wiht all pids from wakelockUidInfo list
08-31 14:35:59.424  1668  4483 D OplusProxyWakeLock: remove uid: 10578 wiht all pids from wakelockUidInfo list
08-31 14:35:59.424  1668  4483 D OplusProxyWakeLock: remove uid: 10534 wiht all pids from wakelockUidInfo list
08-31 14:35:59.442  1668  4483 D OplusProxyWakeLock: remove uid: 10032 wiht all pids from wakelockUidInfo list
08-31 14:35:59.443  1668  2189 W BroadcastQueue: Background execution not allowed: receiving Intent { act=android.intent.action.PACKAGE_REMOVED dat=package:org.noegi.toogoodtonotify flg=0x4000010 (has extras) } to com.android.vending/com.google.android.finsky.packagemonitor.impl.PackageMonitorReceiverImpl$RegisteredReceiver
08-31 14:35:59.443  1668  2189 W BroadcastQueue: Background execution not allowed: receiving Intent { act=android.intent.action.PACKAGE_REMOVED dat=package:org.noegi.toogoodtonotify flg=0x4000010 (has extras) } to com.android.vending/com.google.android.finsky.packagemonitor.backgroundimpl.BackgroundPackageMonitorReceiverImpl$RegisteredReceiver
08-31 14:35:59.443  1668  2189 W BroadcastQueue: Background execution not allowed: receiving Intent { act=android.intent.action.PACKAGE_REMOVED dat=package:org.noegi.toogoodtonotify flg=0x4000010 (has extras) } to com.android.vending/com.google.android.finsky.instantapps.appmanagement.InstantAppRemoveMonitor
08-31 14:35:59.443  1668  2189 W BroadcastQueue: Background execution not allowed: receiving Intent { act=android.intent.action.PACKAGE_REMOVED dat=package:org.noegi.toogoodtonotify flg=0x4000010 (has extras) } to com.google.android.gms/.chimera.GmsIntentOperationService$PersistentTrustedReceiver
08-31 14:35:59.443  1668  2189 W BroadcastQueue: Background execution not allowed: receiving Intent { act=android.intent.action.PACKAGE_REMOVED dat=package:org.noegi.toogoodtonotify flg=0x4000010 (has extras) } to com.google.android.gms/.games.chimera.GamesSystemBroadcastReceiverProxy
08-31 14:35:59.483  1668  2189 W BroadcastQueue: Background execution not allowed: receiving Intent { act=android.intent.action.PACKAGE_REMOVED dat=package:org.noegi.toogoodtonotify flg=0x4000010 (has extras) } to com.google.android.videos/com.google.android.libraries.social.peoplekit.thirdparty.viewcontrollers.ThirdPartyReceiver
08-31 14:35:59.483  1668  2189 W BroadcastQueue: Background execution not allowed: receiving Intent { act=android.intent.action.PACKAGE_REMOVED dat=package:org.noegi.toogoodtonotify flg=0x4000010 (has extras) } to com.heytap.cloud/com.cloud.base.commonsdk.receiver.ColorCloudReceiver
08-31 14:35:59.542  1668 29094 D OplusOsPackageManager: uploadInstallAppInfos:{code=10211, abi1=arm64-v8a, abi2=null, update=1, cert=DA096CE490;, targetSdkVersion=31, source=pc, app_pkg=org.noegi.toogoodtonotify, version=0.1, md5=5a1bfd67fe8bcde0e6b31d9850572fd1},path=/data/app/~~SdAy0qjc7IVuehIHDRBglQ==/org.noegi.toogoodtonotify-T1ZzO-PdHww6pLsR3CVa3g==/base.apk,installerPackageName:pc
08-31 14:35:59.552  1668  3429 D OplusOsPackageManager: removePkgFromNotLaunchedList org.noegi.toogoodtonotify
08-31 14:35:59.552  1668  3429 I ActivityTaskManager: START u0 {act=org.kivy.android.PythonActivity flg=0x10000000 cmp=org.noegi.toogoodtonotify/org.kivy.android.PythonActivity mCallingUid=2000} from uid 2000
08-31 14:35:59.560  1668  3429 D CompactWindowManagerService: handleTaskCreated task: Task{3aa215d #1954 type=undefined ?? U=0 visible=false mode=undefined translucent=true sz=0}
08-31 14:35:59.560  1668  3429 W ActivityTaskManager: Can't find TaskDisplayArea to determine support for multi window. Task id=1954 attached=false
08-31 14:35:59.560  1668  3429 D OplusZoomWindowManagerService: onConfigurationChanged rotation not changed - prevRotation: 0
08-31 14:35:59.561  1668  3429 D CompactWindowManagerService: notifyCompactWindowState task: Task{ac8a4f0 #1 type=undefined ?? U=0 visible=true mode=fullscreen translucent=false sz=1}; hasFocus: true
08-31 14:35:59.562  1668  3429 I OplusScreenSecurityMask: onStackAdded task = Task{3aa215d #1954 type=undefined ?? U=0 visible=false mode=fullscreen translucent=true sz=0} record = null displayId = 0
08-31 14:35:59.562  1668  3429 I OplusScreenSecurityMask: onStackAdded task = Task{3aa215d #1954 type=standard A=10587:org.noegi.toogoodtonotify U=0 visible=false mode=fullscreen translucent=true sz=0} record = null displayId = 0
08-31 14:35:59.564  1668  3429 D CompactWindowManagerService: onOriginListAdded child: ActivityRecord{38fb7a3 u0 org.noegi.toogoodtonotify/org.kivy.android.PythonActivity t1954}; parent: Task{3aa215d #1954 type=standard A=10587:org.noegi.toogoodtonotify U=0 visible=true mode=fullscreen translucent=true sz=1}
08-31 14:35:59.564  1668  3429 I OplusCompactWindowManagerService: supportMultiResume :true in package :org.noegi.toogoodtonotify
08-31 14:35:59.564  1668  3429 D TaskExtImpl: add ActivityRecord{38fb7a3 u0 org.noegi.toogoodtonotify/org.kivy.android.PythonActivity t1954} to mActivityRecordSum = Counter{ org.noegi.toogoodtonotify/org.kivy.android.PythonActivity(1) }
08-31 14:35:59.565  1668  3429 D CompatibilityChangeReporter: Compat change id reported: 168419799; UID 10587; state: DISABLED
08-31 14:35:59.565  1668  3429 D ActivityTaskManager: getStartingWindowType: newTask=true, taskSwitch=true, processRunning=false, allowTaskSnapshot=true, activityCreated=false, snapshot=null, record:ActivityRecord{38fb7a3 u0 org.noegi.toogoodtonotify/org.kivy.android.PythonActivity t1954}
08-31 14:35:59.566  1668  3429 D OplusStartingWindowManager: window attributes color: 0 icon null duration 0 brandImage null
08-31 14:35:59.566  1668  3429 D OplusZoomWindowRUSConfigManager: isSupportZoomModeWithPolicyLocked: target = org.noegi.toogoodtonotify/org.kivy.android.PythonActivity
08-31 14:35:59.566  1668  3429 D OplusZoomWindowRUSConfigManager: targetPkg = org.noegi.toogoodtonotify
08-31 14:35:59.566  1668  3429 V OplusZoomWindowManagerService: unSupportZoom: false ,callingPid: 29110 ,sourceStack: null
08-31 14:35:59.573  1668  5790 D IntervalStats: Unable to parse usage stats packages: [285, 342, 350, 403, 404, 419, 430, 433, 609, 614, 634, 636, 638, 640, 644, 647, 649, 659, 660, 662, 668, 670, 671, 682, 683, 687, 689, 690, 694, 715, 716, 717, 722, 726, 729, 737, 741]
08-31 14:35:59.573  1668  5790 D UsageStatsService: User[0] type=3 b=1693571759568 e=1725107759568 cb=1704351967254 ce=1725107758912 disk=411 all=834
08-31 14:35:59.592  1668  2189 W BroadcastQueue: Background execution not allowed: receiving Intent { act=android.intent.action.PACKAGE_REMOVED dat=package:org.noegi.toogoodtonotify flg=0x4000010 (has extras) } to net.oneplus.widget/.appwidget.WeatherExistReceiver
08-31 14:35:59.593  1668  1729 I OplusAppSwitchManagerService: appswitch unregisterAppSwitchObserver pkgName = com.oplus.notificationmanager config = OplusAppSwitchConfig = {  mConfigs = {} observerFingerPrint = 27225294}
08-31 14:35:59.593  1668  1729 I OplusAppSwitchStateDispatcher: unregisterAppSwitchObserver ok, pkgName = com.oplus.notificationmanager info = OplusAppSwitchRuleInfo = {  observer = null observerFingerPrint = 27225294}
08-31 14:35:59.597  1668  2079 D CompatibilityChangeReporter: Compat change id reported: 135634846; UID 10587; state: DISABLED
08-31 14:35:59.597  1668  2079 D CompatibilityChangeReporter: Compat change id reported: 177438394; UID 10587; state: DISABLED
08-31 14:35:59.597  1668  2079 D CompatibilityChangeReporter: Compat change id reported: 135772972; UID 10587; state: DISABLED
08-31 14:35:59.597  1668  2079 D CompatibilityChangeReporter: Compat change id reported: 135754954; UID 10587; state: ENABLED
08-31 14:35:59.598  1668  2178 D CompatibilityChangeReporter: Compat change id reported: 143937733; UID 10587; state: ENABLED
08-31 14:35:59.600  1668  2343 I ActivityManager: Force stopping org.noegi.toogoodtonotify appid=10587 user=0: pkg removed
08-31 14:35:59.601  1668  2343 W ContextImpl: Calling a method in the system process without a qualified user: android.app.ContextImpl.sendBroadcast:1175 com.android.server.am.OplusExtraActivityManagerService.setKeyLockModeNormal:51 com.android.server.am.ActivityManagerServiceExtImpl.setKeyLockModeNormal:851 com.android.server.am.ActivityManagerService.forceStopPackageLocked:4517 com.android.server.am.ActivityManagerService.broadcastIntentLocked:13779 
08-31 14:35:59.607  1668  2343 I WindowManager:   Force removing ActivityRecord{38fb7a3 u0 org.noegi.toogoodtonotify/org.kivy.android.PythonActivity t1954}
08-31 14:35:59.609  1668  2343 D OplusStartingWindowManager: interceptRemoveStartingWindow activity.packageName=org.noegi.toogoodtonotify isSnapshot=false mStartingSurfaceRunnable=null
08-31 14:35:59.609  1668  2343 D OplusSplitScreenDnDUI: notifyRemoveStartingWindow isSpitScreenDrag = false mDropTargetSurface = null StartingWindowpkgName = org.noegi.toogoodtonotify DragPkg = null isLauncherResume = false
08-31 14:35:59.612  1668  2728 W UsageStatsService: Unexpected activity event reported! (org.noegi.toogoodtonotify/org.kivy.android.PythonActivity event : 23 instanceId : 115715627)
08-31 14:35:59.613  1668  2343 I ActivityManager: Killing 0:org.noegi.toogoodtonotify/u0a587 (adj -10000): stop org.noegi.toogoodtonotify due to pkg removed
08-31 14:35:59.621  1668  2080 I WindowStateExtImpl: onSurfaceShowChange show = true mPackageName = org.noegi.toogoodtonotify parentPkgName = org.noegi.toogoodtonotify
08-31 14:35:59.639  1668  1729 I OplusAppSwitchManagerService: appswitch registerAppSwitchObserver pName = com@@oplus@@notificationmanager observer = com.oplus.app.IOplusAppSwitchObserver$Stub$Proxy@aadcf93 config = OplusAppSwitchConfig = {  mConfigs = {2=[TOM@@android@@chrome, TOM@@android@@settings, TOM@@android@@vending, TOM@@google@@android@@apps@@docs, TOM@@google@@android@@apps@@maps, TOM@@google@@android@@apps@@messaging, TOM@@google@@android@@apps@@photos, TOM@@google@@android@@apps@@tachyon, TOM@@google@@android@@calendar, TOM@@google@@android@@contacts, TOM@@google@@android@@dialer, TOM@@google@@android@@gm, TOM@@google@@android@@videos, TOM@@oneplus@@camera, TOM@@oneplus@@deskclock, TOM@@oneplus@@gallery, TOM@@canal@@android@@canal, TOM@@TOMuto, TOM@@crunchyroll@@crunchyroid, TOM@@google@@android@@apps@@docs@@editors@@sheets, TOM@@google@@android@@apps@@magazines, TOM@@google@@android@@play@@games, TOM@@md@@mcdonalds@@gomcdo, TOM@@oneplus@@mall, TOM@@paypal@@android@@p2pmobile, TOM@@shazam@@android, TOM@@snapchat@@android, TOM@@spotify@@music, TOM@@thetrainline, TOM@@tradingview@@tradingviewapp, TOM@@ubercab@@eats, fr@@cityway@@android@@creaastuce, fr@@creditagricole@@androidapp, fr@@leboncoin, tv@@twitch@@android@@app, TOM@@android@@stk, TOM@@google@@android@@apps@@googleassistant, TOM@@google@@android@@apps@@nbu@@files, TOM@@google@@android@@apps@@nbu@@paisa@@user, TOM@@google@@android@@googlequicksearchbox, TOM@@google@@ar@@lens, TOM@@heytap@@cloud, TOM@@heytap@@themestore, TOM@@netflix@@mediaclient, TOM@@oneplus@@calculator, TOM@@oneplus@@filemanager, TOM@@NM@@games, advanced@@scientific@@calculator@@calc991@@plus, air@@TOM@@unit9@@bkFrApp, ch@@protonvpn@@android, TOM@@amazon@@dee@@app, TOM@@app@@tgtg, TOM@@appybuilder@@BUSINESSDIRESA@@LinternaParpadeante, TOM@@binance@@dev, TOM@@blablalines, TOM@@brocelia@@cgp, TOM@@chess, TOM@@discord, TOM@@divessi@@ssi, TOM@@ea@@game@@pvz2_row, TOM@@edf@@edfetmoi, TOM@@facebook@@orca, TOM@@fun@@jklm@@twa, TOM@@google@@android@@apps@@subscriptions@@red, TOM@@ichi2@@anki, TOM@@infomil@@leclercdrive, TOM@@intsig@@camscanner, TOM@@linkedin@@android, TOM@@lscsmartconnection@@smart, TOM@@microblink@@photomath, TOM@@microsoft@@office@@powerpoint, TOM@@microsoft@@office@@word, TOM@@microsoft@@teams, TOM@@modalis@@ticket, TOM@@netflix@@NGP@@BeforeYourEyes, TOM@@obdo@@citykomi@@nomadCar, TOM@@oneplus@@backuprestore, TOM@@oneplus@@brickmode, TOM@@oneplus@@note, TOM@@oneplus@@soundrecorder, TOM@@orange@@mylivebox@@fr, TOM@@ovelin@@guitartuna, TOM@@playgendary@@tom, TOM@@realtimeboard, TOM@@revolut@@revolut, TOM@@sfr@@android@@redmonTOMpte, TOM@@solid@@teleprompter, TOM@@spacecowboys@@unlocks01, TOM@@trello, TOM@@truedevelopersstudio@@automatictap@@autoclicker, TOM@@tuya@@smartlife, TOM@@urbansharing@@citybike@@rouen, TOM@@valvesoftware@@android@@steam@@TOMmunity, TOM@@vsct@@vsc@@mobile@@horaireetresa@@android, TOM@@waze, TOM@@whatsapp, TOM@@wopapp@@app@@production, TOM@@yanstarstudio@@joss@@undercover, easy@@sudoku@@puzzle@@solver@@free, fr@@affluences, fr@@bouyguesteleTOM@@ecm@@android, fr@@francetv@@pluzz, fr@@gouv@@android@@stopcovid, fr@@gouv@@franceidentite, fr@@jeuxopla@@kosmopolit, fr@@payermonstationnement, fr@@samuelprak@@timecalendar, fr@@smoney@@android@@izly@@REC, fr@@tramb@@park4night, fr@@vinted, io@@yuka@@android, jbl@@stc@@TOM, net@@oneplus@@forums, net@@oneplus@@weather, net@@seinemaritime@@android@@app, notion@@id, org@@lichess@@mobileapp, org@@noegi@@toogoodtonotify, org@@plantnet, tv@@parsec@@client, TOM@@android@@providers@@downloads, TOM@@NM@@battery, TOM@@android@@server@@teleTOM]} observerFingerPrint = 27225294}
08-31 14:35:59.639  1668  1729 I OplusAppSwitchStateDispatcher: registerAppSwitchObserver addDynamicListener OK, info = OplusAppSwitchRuleInfo = {  observer = com.oplus.app.IOplusAppSwitchObserver$Stub$Proxy@aadcf93 observerFingerPrint = 27225294} rule size =0
08-31 14:35:59.667  1668  1668 D CompatibilityChangeReporter: Compat change id reported: 168419799; UID 1000; state: DISABLED
08-31 14:35:59.668  1668  1668 W LoadedApk: System took : 265ms in onReceive of class com.android.server.security.KeyChainSystemService$1 for action : android.intent.action.PACKAGE_REMOVED
08-31 14:35:59.668  1668  1668 W Looper  : Slow dispatch took 265ms main h=android.app.ActivityThread$H c=android.app.LoadedApk$ReceiverDispatcher$Args$$ExternalSyntheticLambda0@d5bd1ef m=0
08-31 14:35:59.668  1668  1668 W Looper  : Slow delivery took 273ms main h=android.app.ActivityThread$H c=android.app.LoadedApk$ReceiverDispatcher$Args$$ExternalSyntheticLambda0@7e964fc m=0
08-31 14:35:59.678  1668  6485 D TaskExtImpl: addColorModeOnResume resume=true pkg = com.android.launcher
08-31 14:35:59.684  1668  3698 W OplusSelfProtectManager: pkg[com.android.keychain] not in policy list
08-31 14:35:59.685  1668  6485 D CompactWindowManagerService: updateBackgroundSurface openingApp: ActivityRecord{fd1454c u0 com.android.launcher/.Launcher t5}
08-31 14:35:59.704  1668  4198 D OplusAppListInterceptManager: shouldFilterTask
08-31 14:35:59.704  1668  4198 D OplusAppListInterceptManager: shouldFilterTask::packageName = org.noegi.toogoodtonotify
08-31 14:35:59.706  1668  2178 W ActivityManager: ProcessRecord{95b1bcd 0:org.noegi.toogoodtonotify/u0a587} start not valid, killing pid=29124, No entry in mProcessNames;
08-31 14:35:59.720  1668  6494 W ActivityManager: No pending application record for pid 29124 (IApplicationThread android.app.IApplicationThread$Stub$Proxy@2b75794); dropping process
08-31 14:35:59.742  5044  5119 W ContextImpl: Calling a method in the system process without a qualified user: android.app.ContextImpl.startService:1819 android.content.ContextWrapper.startService:786 com.oplus.athena.action.dexopt.c.a:98 com.oplus.athena.action.dexopt.c.a:44 com.oplus.athena.d.a.a:76 
08-31 14:35:59.742  1668  2039 D CompanionDeviceManagerService: onPackageModified(packageName = org.noegi.toogoodtonotify)
08-31 14:35:59.747  1668  1668 D DeviceIdleHelper: pacakge removed: name=org.noegi.toogoodtonotify not in PowerSaveWhitelist
08-31 14:35:59.747  1668  1668 D OplusBrightUtils: CtsTest = false
08-31 14:35:59.748  3692  3785 W ContextImpl: Calling a method in the system process without a qualified user: android.app.ContextImpl.sendBroadcast:1190 android.content.ContextWrapper.sendBroadcast:494 com.oplus.notificationmanager.AppModificationReceiver.notifyAppModified:9 com.oplus.notificationmanager.NotificationBackend.processBroadcast:122 com.oplus.notificationmanager.NotificationBackend.access$500:0 
08-31 14:35:59.755  1668  1668 D LightsServiceExtImpl: isCtsHardwareTestCases = false
08-31 14:35:59.756  1668  1668 D OplusCustomizeService: mCoreAppIsEnable = false
08-31 14:35:59.756  1668  1668 D OplusCustomizeService: pkgName = org.noegi.toogoodtonotify
08-31 14:35:59.756  1668  1668 D OplusCustomizeService: Add packages name is :org.noegi.toogoodtonotify;dir:/data/app/~~SdAy0qjc7IVuehIHDRBglQ==/org.noegi.toogoodtonotify-T1ZzO-PdHww6pLsR3CVa3g==/base.apk
08-31 14:35:59.795  1668  1668 D OplusBrightUtils: CtsTest = false
08-31 14:35:59.803  1668  1668 D LightsServiceExtImpl: isCtsHardwareTestCases = false
08-31 14:35:59.824  1668  1668 V BackupManagerConstants: getFullBackupIntervalMilliseconds(...) returns 86400000
08-31 14:35:59.825  1668  1668 V BackupManagerConstants: getFullBackupRequiredNetworkType(...) returns 2
08-31 14:35:59.825  1668  1668 V BackupManagerConstants: getFullBackupRequireCharging(...) returns true
08-31 14:35:59.828  1668  6494 W ContextImpl: Calling a method in the system process without a qualified user: android.app.ContextImpl.sendBroadcastMultiplePermissions:1208 com.android.server.TelephonyRegistry.broadcastServiceStateChanged:2971 com.android.server.TelephonyRegistry.notifyServiceStateForPhoneId:1614 com.android.internal.telephony.ITelephonyRegistry$Stub.onTransact:455 android.os.Binder.execTransactInternal:1226 
08-31 14:35:59.838  1668  3757 I OplusAppSwitchManagerService: appswitch unregisterAppSwitchObserver pkgName = com.oplus.notificationmanager config = OplusAppSwitchConfig = {  mConfigs = {} observerFingerPrint = 27225294}
08-31 14:35:59.839  1668  3757 I OplusAppSwitchStateDispatcher: unregisterAppSwitchObserver ok, pkgName = com.oplus.notificationmanager info = OplusAppSwitchRuleInfo = {  observer = null observerFingerPrint = 27225294}
08-31 14:35:59.850  1668  6494 W ContextImpl: Calling a method in the system process without a qualified user: android.app.ContextImpl.sendBroadcastMultiplePermissions:1258 android.content.Context.sendBroadcastMultiplePermissions:2215 com.android.server.TelephonyRegistry.broadcastServiceStateChanged:2975 com.android.server.TelephonyRegistry.notifyServiceStateForPhoneId:1614 com.android.internal.telephony.ITelephonyRegistry$Stub.onTransact:455 
08-31 14:35:59.852  1668  6494 W ContextImpl: Calling a method in the system process without a qualified user: android.app.ContextImpl.sendBroadcastMultiplePermissions:1258 android.content.Context.sendBroadcastMultiplePermissions:2215 com.android.server.TelephonyRegistry.broadcastServiceStateChanged:2982 com.android.server.TelephonyRegistry.notifyServiceStateForPhoneId:1614 com.android.internal.telephony.ITelephonyRegistry$Stub.onTransact:455 
08-31 14:35:59.852  1668  6485 D IntervalStats: Unable to parse usage stats packages: [285, 342, 350, 403, 404, 419, 430, 433, 609, 614, 634, 636, 638, 640, 644, 647, 649, 659, 660, 662, 668, 670, 671, 682, 683, 687, 689, 690, 694, 715, 716, 717, 722, 726, 729, 737, 741]
08-31 14:35:59.853  1668  6485 D UsageStatsService: User[0] type=3 b=1693571759841 e=1725107759841 cb=1704351967254 ce=1725107759821 disk=411 all=834
08-31 14:35:59.861  1668  2189 W BroadcastQueue: Permission Denial: receiving Intent { act=android.intent.action.SERVICE_STATE flg=0x1000010 (has extras) } to ProcessRecord{84978ee 8379:com.android.systemui/u0a197} (pid=8379, uid=10197) requires android.permission.ACCESS_FINE_LOCATION due to sender android (uid 1001)
08-31 14:35:59.861  1668  2189 W BroadcastQueue: Appop Denial: receiving Intent { act=android.intent.action.SERVICE_STATE flg=0x1000010 (has extras) } to ProcessRecord{f0e7ebb 3993:com.android.phone/1001} (pid=3993, uid=1001) excludes appop android:read_phone_state due to sender android (uid 1001)
08-31 14:35:59.862  1668  2189 W BroadcastQueue: Appop Denial: receiving Intent { act=android.intent.action.SERVICE_STATE flg=0x1000010 (has extras) } to ProcessRecord{f0e7ebb 3993:com.android.phone/1001} (pid=3993, uid=1001) excludes appop android:read_phone_state due to sender android (uid 1001)
08-31 14:35:59.862  1668  2189 W BroadcastQueue: Permission Denial: receiving Intent { act=android.intent.action.SERVICE_STATE flg=0x1000010 (has extras) } to ProcessRecord{84978ee 8379:com.android.systemui/u0a197} (pid=8379, uid=10197) requires android.permission.ACCESS_FINE_LOCATION due to sender android (uid 1001)
08-31 14:35:59.862  1668  2189 W BroadcastQueue: Background execution not allowed: receiving Intent { act=android.intent.action.PACKAGE_ADDED dat=package:org.noegi.toogoodtonotify flg=0x4000010 (has extras) } to com.google.android.packageinstaller/com.android.packageinstaller.PackageInstalledReceiver
08-31 14:35:59.862  1668  2189 W BroadcastQueue: Background execution not allowed: receiving Intent { act=android.intent.action.PACKAGE_ADDED dat=package:org.noegi.toogoodtonotify flg=0x4000010 (has extras) } to com.android.vending/com.google.android.finsky.packagemonitor.impl.PackageMonitorReceiverImpl$RegisteredReceiver
08-31 14:35:59.863  1668  2189 W BroadcastQueue: Background execution not allowed: receiving Intent { act=android.intent.action.PACKAGE_ADDED dat=package:org.noegi.toogoodtonotify flg=0x4000010 (has extras) } to com.android.vending/com.google.android.finsky.packagemonitor.backgroundimpl.BackgroundPackageMonitorReceiverImpl$RegisteredReceiver
08-31 14:35:59.863  1668  2189 W BroadcastQueue: Background execution not allowed: receiving Intent { act=android.intent.action.PACKAGE_ADDED dat=package:org.noegi.toogoodtonotify flg=0x4000010 (has extras) } to com.google.android.apps.nbu.files/.documentbrowser.browselanding.rootcontainerlist.receiver.PackageChangeReceiver_Receiver
08-31 14:35:59.863  1668  2189 W BroadcastQueue: Background execution not allowed: receiving Intent { act=android.intent.action.PACKAGE_ADDED dat=package:org.noegi.toogoodtonotify flg=0x4000010 (has extras) } to com.google.android.gms/.chimera.GmsIntentOperationService$PersistentTrustedReceiver
08-31 14:35:59.863  1668  2189 W BroadcastQueue: Background execution not allowed: receiving Intent { act=android.intent.action.PACKAGE_ADDED dat=package:org.noegi.toogoodtonotify flg=0x4000010 (has extras) } to com.google.android.gms/.games.chimera.GamesSystemBroadcastReceiverProxy
08-31 14:35:59.864  1668  2189 W BroadcastQueue: Background execution not allowed: receiving Intent { act=android.intent.action.PACKAGE_ADDED dat=package:org.noegi.toogoodtonotify flg=0x4000010 (has extras) } to com.google.android.gms/.gass.chimera.PackageChangeBroadcastReceiver
