08-31 14:38:24.042  1668  3329 I OplusCustomizeService: pkg:com.qti.dpmserviceapp isPlatformSigned, return true drectly 
08-31 14:38:25.292  1668  3698 W ContextImpl: Calling a method in the system process without a qualified user: android.app.ContextImpl.sendBroadcastMultiplePermissions:1208 com.android.server.TelephonyRegistry.broadcastServiceStateChanged:2971 com.android.server.TelephonyRegistry.notifyServiceStateForPhoneId:1614 com.android.internal.telephony.ITelephonyRegistry$Stub.onTransact:455 android.os.Binder.execTransactInternal:1226 
08-31 14:38:25.296  1668  3698 W ContextImpl: Calling a method in the system process without a qualified user: android.app.ContextImpl.sendBroadcastMultiplePermissions:1258 android.content.Context.sendBroadcastMultiplePermissions:2215 com.android.server.TelephonyRegistry.broadcastServiceStateChanged:2975 com.android.server.TelephonyRegistry.notifyServiceStateForPhoneId:1614 com.android.internal.telephony.ITelephonyRegistry$Stub.onTransact:455 
08-31 14:38:25.298  1668  2189 W BroadcastQueue: Permission Denial: receiving Intent { act=android.intent.action.SERVICE_STATE flg=0x1000010 (has extras) } to ProcessRecord{84978ee 8379:com.android.systemui/u0a197} (pid=8379, uid=10197) requires android.permission.ACCESS_FINE_LOCATION due to sender android (uid 1001)
08-31 14:38:25.298  1668  2189 W BroadcastQueue: Permission Denial: receiving Intent { act=android.intent.action.SERVICE_STATE flg=0x1000010 (has extras) } to com.google.android.cellbroadcastreceiver/com.android.cellbroadcastreceiver.CellBroadcastReceiver requires android.permission.READ_PHONE_STATE due to sender android (uid 1001)
08-31 14:38:25.300  1668  3698 W ContextImpl: Calling a method in the system process without a qualified user: android.app.ContextImpl.sendBroadcastMultiplePermissions:1258 android.content.Context.sendBroadcastMultiplePermissions:2215 com.android.server.TelephonyRegistry.broadcastServiceStateChanged:2982 com.android.server.TelephonyRegistry.notifyServiceStateForPhoneId:1614 com.android.internal.telephony.ITelephonyRegistry$Stub.onTransact:455 
08-31 14:38:25.301  1668  2189 W BroadcastQueue: Appop Denial: receiving Intent { act=android.intent.action.SERVICE_STATE flg=0x1000010 (has extras) } to ProcessRecord{f0e7ebb 3993:com.android.phone/1001} (pid=3993, uid=1001) excludes appop android:read_phone_state due to sender android (uid 1001)
08-31 14:38:25.301  1668  2189 W BroadcastQueue: Appop Denial: receiving Intent { act=android.intent.action.SERVICE_STATE flg=0x1000010 (has extras) } to ProcessRecord{f0e7ebb 3993:com.android.phone/1001} (pid=3993, uid=1001) excludes appop android:read_phone_state due to sender android (uid 1001)
08-31 14:38:25.302  1668  2189 W BroadcastQueue: Permission Denial: receiving Intent { act=android.intent.action.SERVICE_STATE flg=0x1000010 (has extras) } to ProcessRecord{84978ee 8379:com.android.systemui/u0a197} (pid=8379, uid=10197) requires android.permission.ACCESS_FINE_LOCATION due to sender android (uid 1001)
08-31 14:38:25.302  1668  2189 W BroadcastQueue: Permission Denial: receiving Intent { act=android.intent.action.SERVICE_STATE flg=0x1000010 (has extras) } to com.google.android.cellbroadcastreceiver/com.android.cellbroadcastreceiver.CellBroadcastReceiver requires android.permission.ACCESS_FINE_LOCATION due to sender android (uid 1001)
08-31 14:38:25.306  1668  3698 W ContextImpl: Calling a method in the system process without a qualified user: android.app.ContextImpl.sendBroadcastMultiplePermissions:1258 android.content.Context.sendBroadcastMultiplePermissions:2215 com.android.server.TelephonyRegistry.broadcastServiceStateChanged:2986 com.android.server.TelephonyRegistry.notifyServiceStateForPhoneId:1614 com.android.internal.telephony.ITelephonyRegistry$Stub.onTransact:455 
08-31 14:38:25.306  1668  2189 W BroadcastQueue: Appop Denial: receiving Intent { act=android.intent.action.SERVICE_STATE flg=0x1000010 (has extras) } to ProcessRecord{f0e7ebb 3993:com.android.phone/1001} (pid=3993, uid=1001) excludes appop android:fine_location due to sender android (uid 1001)
08-31 14:38:25.306  1668  2189 W BroadcastQueue: Appop Denial: receiving Intent { act=android.intent.action.SERVICE_STATE flg=0x1000010 (has extras) } to ProcessRecord{f0e7ebb 3993:com.android.phone/1001} (pid=3993, uid=1001) excludes appop android:fine_location due to sender android (uid 1001)
08-31 14:38:25.308  1668  2189 W BroadcastQueue: Permission Denial: receiving Intent { act=android.intent.action.SERVICE_STATE flg=0x1000010 (has extras) } to com.google.android.cellbroadcastreceiver/com.android.cellbroadcastreceiver.CellBroadcastReceiver requires android.permission.READ_PHONE_STATE due to sender android (uid 1001)
08-31 14:38:25.309  1668  2189 W BroadcastQueue: Appop Denial: receiving Intent { act=android.intent.action.SERVICE_STATE flg=0x1000010 (has extras) } to ProcessRecord{f0e7ebb 3993:com.android.phone/1001} (pid=3993, uid=1001) excludes appop android:read_phone_state due to sender android (uid 1001)
08-31 14:38:25.309  1668  2189 W BroadcastQueue: Appop Denial: receiving Intent { act=android.intent.action.SERVICE_STATE flg=0x1000010 (has extras) } to ProcessRecord{f0e7ebb 3993:com.android.phone/1001} (pid=3993, uid=1001) excludes appop android:read_phone_state due to sender android (uid 1001)
08-31 14:38:25.309  1668  2189 W BroadcastQueue: Appop Denial: receiving Intent { act=android.intent.action.SERVICE_STATE flg=0x1000010 (has extras) } to ProcessRecord{84978ee 8379:com.android.systemui/u0a197} (pid=8379, uid=10197) excludes appop android:read_phone_state due to sender android (uid 1001)
08-31 14:38:25.352  1668  5836 I OplusCustomizeService: pkg:com.qti.dpmserviceapp isPlatformSigned, return true drectly 
08-31 14:38:25.352  1668  5836 E OplusCustomizeRestrictionManagerService: getMobileDataMode error :s == null
08-31 14:38:25.353  1668  4342 I OplusCustomizeService: pkg:com.qti.dpmserviceapp isPlatformSigned, return true drectly 
08-31 14:38:25.353  1668  5836 I OplusCustomizeService: pkg:com.qti.dpmserviceapp isPlatformSigned, return true drectly 
08-31 14:38:25.486  1668  4342 W ContextImpl: Calling a method in the system process without a qualified user: android.app.ContextImpl.sendBroadcastMultiplePermissions:1208 com.android.server.TelephonyRegistry.broadcastServiceStateChanged:2971 com.android.server.TelephonyRegistry.notifyServiceStateForPhoneId:1614 com.android.internal.telephony.ITelephonyRegistry$Stub.onTransact:455 android.os.Binder.execTransactInternal:1226 
08-31 14:38:25.487  1668  4342 W ContextImpl: Calling a method in the system process without a qualified user: android.app.ContextImpl.sendBroadcastMultiplePermissions:1258 android.content.Context.sendBroadcastMultiplePermissions:2215 com.android.server.TelephonyRegistry.broadcastServiceStateChanged:2975 com.android.server.TelephonyRegistry.notifyServiceStateForPhoneId:1614 com.android.internal.telephony.ITelephonyRegistry$Stub.onTransact:455 
08-31 14:38:25.489  1668  2189 W BroadcastQueue: Permission Denial: receiving Intent { act=android.intent.action.SERVICE_STATE flg=0x1000010 (has extras) } to ProcessRecord{84978ee 8379:com.android.systemui/u0a197} (pid=8379, uid=10197) requires android.permission.ACCESS_FINE_LOCATION due to sender android (uid 1001)
08-31 14:38:25.489  1668  2189 W BroadcastQueue: Permission Denial: receiving Intent { act=android.intent.action.SERVICE_STATE flg=0x1000010 (has extras) } to com.google.android.cellbroadcastreceiver/com.android.cellbroadcastreceiver.CellBroadcastReceiver requires android.permission.READ_PHONE_STATE due to sender android (uid 1001)
08-31 14:38:25.490  1668  2189 W BroadcastQueue: Appop Denial: receiving Intent { act=android.intent.action.SERVICE_STATE flg=0x1000010 (has extras) } to ProcessRecord{f0e7ebb 3993:com.android.phone/1001} (pid=3993, uid=1001) excludes appop android:read_phone_state due to sender android (uid 1001)
08-31 14:38:25.491  1668  2189 W BroadcastQueue: Appop Denial: receiving Intent { act=android.intent.action.SERVICE_STATE flg=0x1000010 (has extras) } to ProcessRecord{f0e7ebb 3993:com.android.phone/1001} (pid=3993, uid=1001) excludes appop android:read_phone_state due to sender android (uid 1001)
08-31 14:38:25.491  1668  2189 W BroadcastQueue: Permission Denial: receiving Intent { act=android.intent.action.SERVICE_STATE flg=0x1000010 (has extras) } to ProcessRecord{84978ee 8379:com.android.systemui/u0a197} (pid=8379, uid=10197) requires android.permission.ACCESS_FINE_LOCATION due to sender android (uid 1001)
08-31 14:38:25.491  1668  4342 W ContextImpl: Calling a method in the system process without a qualified user: android.app.ContextImpl.sendBroadcastMultiplePermissions:1258 android.content.Context.sendBroadcastMultiplePermissions:2215 com.android.server.TelephonyRegistry.broadcastServiceStateChanged:2982 com.android.server.TelephonyRegistry.notifyServiceStateForPhoneId:1614 com.android.internal.telephony.ITelephonyRegistry$Stub.onTransact:455 
08-31 14:38:25.491  1668  2189 W BroadcastQueue: Permission Denial: receiving Intent { act=android.intent.action.SERVICE_STATE flg=0x1000010 (has extras) } to com.google.android.cellbroadcastreceiver/com.android.cellbroadcastreceiver.CellBroadcastReceiver requires android.permission.ACCESS_FINE_LOCATION due to sender android (uid 1001)
08-31 14:38:25.492  1668  2189 W BroadcastQueue: Appop Denial: receiving Intent { act=android.intent.action.SERVICE_STATE flg=0x1000010 (has extras) } to ProcessRecord{f0e7ebb 3993:com.android.phone/1001} (pid=3993, uid=1001) excludes appop android:fine_location due to sender android (uid 1001)
08-31 14:38:25.492  1668  4342 W ContextImpl: Calling a method in the system process without a qualified user: android.app.ContextImpl.sendBroadcastMultiplePermissions:1258 android.content.Context.sendBroadcastMultiplePermissions:2215 com.android.server.TelephonyRegistry.broadcastServiceStateChanged:2986 com.android.server.TelephonyRegistry.notifyServiceStateForPhoneId:1614 com.android.internal.telephony.ITelephonyRegistry$Stub.onTransact:455 
08-31 14:38:25.493  1668  2189 W BroadcastQueue: Appop Denial: receiving Intent { act=android.intent.action.SERVICE_STATE flg=0x1000010 (has extras) } to ProcessRecord{f0e7ebb 3993:com.android.phone/1001} (pid=3993, uid=1001) excludes appop android:fine_location due to sender android (uid 1001)
08-31 14:38:25.493  1668  2189 W BroadcastQueue: Permission Denial: receiving Intent { act=android.intent.action.SERVICE_STATE flg=0x1000010 (has extras) } to com.google.android.cellbroadcastreceiver/com.android.cellbroadcastreceiver.CellBroadcastReceiver requires android.permission.READ_PHONE_STATE due to sender android (uid 1001)
08-31 14:38:25.495  1668  2189 W BroadcastQueue: Appop Denial: receiving Intent { act=android.intent.action.SERVICE_STATE flg=0x1000010 (has extras) } to ProcessRecord{f0e7ebb 3993:com.android.phone/1001} (pid=3993, uid=1001) excludes appop android:read_phone_state due to sender android (uid 1001)
08-31 14:38:25.495  1668  2189 W BroadcastQueue: Appop Denial: receiving Intent { act=android.intent.action.SERVICE_STATE flg=0x1000010 (has extras) } to ProcessRecord{f0e7ebb 3993:com.android.phone/1001} (pid=3993, uid=1001) excludes appop android:read_phone_state due to sender android (uid 1001)
08-31 14:38:25.495  1668  2189 W BroadcastQueue: Appop Denial: receiving Intent { act=android.intent.action.SERVICE_STATE flg=0x1000010 (has extras) } to ProcessRecord{84978ee 8379:com.android.systemui/u0a197} (pid=8379, uid=10197) excludes appop android:read_phone_state due to sender android (uid 1001)
08-31 14:38:25.524  1668  3698 I OplusCustomizeService: pkg:com.qti.dpmserviceapp isPlatformSigned, return true drectly 
08-31 14:38:25.524  1668  3698 E OplusCustomizeRestrictionManagerService: getMobileDataMode error :s == null
08-31 14:38:25.524  1668  4342 I OplusCustomizeService: pkg:com.qti.dpmserviceapp isPlatformSigned, return true drectly 
08-31 14:38:25.525  1668  3698 I OplusCustomizeService: pkg:com.qti.dpmserviceapp isPlatformSigned, return true drectly 
08-31 14:38:28.770  1668  4483 D OplusProxyWakeLock: remove uid: 10441 wiht all pids from wakelockUidInfo list
08-31 14:38:30.573  1668  3329 W ContextImpl: Calling a method in the system process without a qualified user: android.app.ContextImpl.sendBroadcastMultiplePermissions:1208 com.android.server.TelephonyRegistry.broadcastServiceStateChanged:2971 com.android.server.TelephonyRegistry.notifyServiceStateForPhoneId:1614 com.android.internal.telephony.ITelephonyRegistry$Stub.onTransact:455 android.os.Binder.execTransactInternal:1226 
08-31 14:38:30.575  1668  2189 W BroadcastQueue: Permission Denial: receiving Intent { act=android.intent.action.SERVICE_STATE flg=0x1000010 (has extras) } to ProcessRecord{84978ee 8379:com.android.systemui/u0a197} (pid=8379, uid=10197) requires android.permission.ACCESS_FINE_LOCATION due to sender android (uid 1001)
08-31 14:38:30.575  1668  2189 W BroadcastQueue: Permission Denial: receiving Intent { act=android.intent.action.SERVICE_STATE flg=0x1000010 (has extras) } to com.google.android.cellbroadcastreceiver/com.android.cellbroadcastreceiver.CellBroadcastReceiver requires android.permission.READ_PHONE_STATE due to sender android (uid 1001)
08-31 14:38:30.576  1668  3329 W ContextImpl: Calling a method in the system process without a qualified user: android.app.ContextImpl.sendBroadcastMultiplePermissions:1258 android.content.Context.sendBroadcastMultiplePermissions:2215 com.android.server.TelephonyRegistry.broadcastServiceStateChanged:2975 com.android.server.TelephonyRegistry.notifyServiceStateForPhoneId:1614 com.android.internal.telephony.ITelephonyRegistry$Stub.onTransact:455 
08-31 14:38:30.577  1668  2189 W BroadcastQueue: Appop Denial: receiving Intent { act=android.intent.action.SERVICE_STATE flg=0x1000010 (has extras) } to ProcessRecord{f0e7ebb 3993:com.android.phone/1001} (pid=3993, uid=1001) excludes appop android:read_phone_state due to sender android (uid 1001)
08-31 14:38:30.577  1668  3329 W ContextImpl: Calling a method in the system process without a qualified user: android.app.ContextImpl.sendBroadcastMultiplePermissions:1258 android.content.Context.sendBroadcastMultiplePermissions:2215 com.android.server.TelephonyRegistry.broadcastServiceStateChanged:2982 com.android.server.TelephonyRegistry.notifyServiceStateForPhoneId:1614 com.android.internal.telephony.ITelephonyRegistry$Stub.onTransact:455 
08-31 14:38:30.577  1668  2189 W BroadcastQueue: Appop Denial: receiving Intent { act=android.intent.action.SERVICE_STATE flg=0x1000010 (has extras) } to ProcessRecord{f0e7ebb 3993:com.android.phone/1001} (pid=3993, uid=1001) excludes appop android:read_phone_state due to sender android (uid 1001)
08-31 14:38:30.577  1668  2189 W BroadcastQueue: Permission Denial: receiving Intent { act=android.intent.action.SERVICE_STATE flg=0x1000010 (has extras) } to ProcessRecord{84978ee 8379:com.android.systemui/u0a197} (pid=8379, uid=10197) requires android.permission.ACCESS_FINE_LOCATION due to sender android (uid 1001)
08-31 14:38:30.577  1668  2189 W BroadcastQueue: Permission Denial: receiving Intent { act=android.intent.action.SERVICE_STATE flg=0x1000010 (has extras) } to com.google.android.cellbroadcastreceiver/com.android.cellbroadcastreceiver.CellBroadcastReceiver requires android.permission.ACCESS_FINE_LOCATION due to sender android (uid 1001)
08-31 14:38:30.578  1668  3329 W ContextImpl: Calling a method in the system process without a qualified user: android.app.ContextImpl.sendBroadcastMultiplePermissions:1258 android.content.Context.sendBroadcastMultiplePermissions:2215 com.android.server.TelephonyRegistry.broadcastServiceStateChanged:2986 com.android.server.TelephonyRegistry.notifyServiceStateForPhoneId:1614 com.android.internal.telephony.ITelephonyRegistry$Stub.onTransact:455 
08-31 14:38:30.578  1668  2189 W BroadcastQueue: Appop Denial: receiving Intent { act=android.intent.action.SERVICE_STATE flg=0x1000010 (has extras) } to ProcessRecord{f0e7ebb 3993:com.android.phone/1001} (pid=3993, uid=1001) excludes appop android:fine_location due to sender android (uid 1001)
08-31 14:38:30.578  1668  2189 W BroadcastQueue: Appop Denial: receiving Intent { act=android.intent.action.SERVICE_STATE flg=0x1000010 (has extras) } to ProcessRecord{f0e7ebb 3993:com.android.phone/1001} (pid=3993, uid=1001) excludes appop android:fine_location due to sender android (uid 1001)
08-31 14:38:30.579  1668  2189 W BroadcastQueue: Permission Denial: receiving Intent { act=android.intent.action.SERVICE_STATE flg=0x1000010 (has extras) } to com.google.android.cellbroadcastreceiver/com.android.cellbroadcastreceiver.CellBroadcastReceiver requires android.permission.READ_PHONE_STATE due to sender android (uid 1001)
08-31 14:38:30.580  1668  2189 W BroadcastQueue: Appop Denial: receiving Intent { act=android.intent.action.SERVICE_STATE flg=0x1000010 (has extras) } to ProcessRecord{f0e7ebb 3993:com.android.phone/1001} (pid=3993, uid=1001) excludes appop android:read_phone_state due to sender android (uid 1001)
08-31 14:38:30.580  1668  2189 W BroadcastQueue: Appop Denial: receiving Intent { act=android.intent.action.SERVICE_STATE flg=0x1000010 (has extras) } to ProcessRecord{f0e7ebb 3993:com.android.phone/1001} (pid=3993, uid=1001) excludes appop android:read_phone_state due to sender android (uid 1001)
08-31 14:38:30.580  1668  2189 W BroadcastQueue: Appop Denial: receiving Intent { act=android.intent.action.SERVICE_STATE flg=0x1000010 (has extras) } to ProcessRecord{84978ee 8379:com.android.systemui/u0a197} (pid=8379, uid=10197) excludes appop android:read_phone_state due to sender android (uid 1001)
08-31 14:38:30.611  1668  4342 I OplusCustomizeService: pkg:com.qti.dpmserviceapp isPlatformSigned, return true drectly 
08-31 14:38:30.611  1668  4342 E OplusCustomizeRestrictionManagerService: getMobileDataMode error :s == null
08-31 14:38:30.613  1668  5836 I OplusCustomizeService: pkg:com.qti.dpmserviceapp isPlatformSigned, return true drectly 
08-31 14:38:30.613  1668  5836 I OplusCustomizeService: pkg:com.qti.dpmserviceapp isPlatformSigned, return true drectly 
08-31 14:38:33.982  1668  4483 I OplusProxyWakeLock: add uid: 10343 wakelock: PARTIAL_WAKE_LOCK              '*job*' (uid=1000 pid=1668 ws=WorkSource{10343})  heled by system to FroceReleaseWakeLock list
08-31 14:38:33.987  1668  2228 D OplusDisplayPowerControllerExtImpl: original brightness to dataBase:709 final brightness:709.0 scale:1.0 reason:1 darkLevel:0
08-31 14:38:33.987  1668  2228 D DisplayPowerController[0]: Animating brightness: target=709.0, rate=14.0, source= 10
08-31 14:38:33.988  1668  2228 D OplusDisplayPowerControllerFeature: RECORD:onUpdatePowerState policy:3 state:2 brightness:709
08-31 14:38:33.988  1668  2228 D VRR [OPlusRefreshRateService]: notifyBrightnessChange brightness: 709.0
08-31 14:38:39.791  1668  4483 D OplusProxyWakeLock: remove uid: 10441 wiht all pids from wakelockUidInfo list
08-31 14:38:46.461  1668  5851 D UsageStatsService: User[0] type=0 b=1725107764960 e=1725107926460 cb=1725023894280 ce=1725107916195 disk=0 all=1
08-31 14:38:54.873  1668  4483 D OplusProxyWakeLock: remove uid: 10441 wiht all pids from wakelockUidInfo list
08-31 14:38:56.635  1668  4483 D OplusProxyWakeLock: remove uid: 10343 wiht all pids from wakelockUidInfo list
08-31 14:38:56.635  1668  4483 D OplusProxyWakeLock: restore uid :10343 wakelock: PARTIAL_WAKE_LOCK              '*job*' (uid=1000 pid=1668 ws=WorkSource{10343})
08-31 14:38:56.637  1668  4483 D OplusProxyWakeLock: remove uid: 10032 wiht all pids from wakelockUidInfo list
08-31 14:38:56.639  1668  4483 D OplusProxyWakeLock: remove uid: 10578 wiht all pids from wakelockUidInfo list
08-31 14:38:56.642  1668  4483 D OplusProxyWakeLock: remove uid: 10005 wiht all pids from wakelockUidInfo list
08-31 14:38:56.650  1668  4483 D OplusProxyWakeLock: remove uid: 10534 wiht all pids from wakelockUidInfo list
08-31 14:38:56.655  1668  4483 D OplusProxyWakeLock: remove uid: 10458 wiht all pids from wakelockUidInfo list
08-31 14:38:56.659  1668  4483 D OplusProxyWakeLock: remove uid: 10334 wiht all pids from wakelockUidInfo list
08-31 14:38:56.661  1668  4483 D OplusProxyWakeLock: remove uid: 10411 wiht all pids from wakelockUidInfo list
08-31 14:39:00.033  1668  5816 E OplusCustomizeRestrictionManagerService: isBiometricDisabled start
08-31 14:39:00.038  1668  5816 E OplusCustomizeRestrictionManagerService: isBiometricDisabled start
08-31 14:39:00.816  1668  5816 W ContextImpl: Calling a method in the system process without a qualified user: android.app.ContextImpl.sendBroadcastMultiplePermissions:1208 com.android.server.TelephonyRegistry.broadcastServiceStateChanged:2971 com.android.server.TelephonyRegistry.notifyServiceStateForPhoneId:1614 com.android.internal.telephony.ITelephonyRegistry$Stub.onTransact:455 android.os.Binder.execTransactInternal:1226 
08-31 14:39:00.817  1668  5816 W ContextImpl: Calling a method in the system process without a qualified user: android.app.ContextImpl.sendBroadcastMultiplePermissions:1258 android.content.Context.sendBroadcastMultiplePermissions:2215 com.android.server.TelephonyRegistry.broadcastServiceStateChanged:2975 com.android.server.TelephonyRegistry.notifyServiceStateForPhoneId:1614 com.android.internal.telephony.ITelephonyRegistry$Stub.onTransact:455 
08-31 14:39:00.819  1668  2189 W BroadcastQueue: Permission Denial: receiving Intent { act=android.intent.action.SERVICE_STATE flg=0x1000010 (has extras) } to ProcessRecord{84978ee 8379:com.android.systemui/u0a197} (pid=8379, uid=10197) requires android.permission.ACCESS_FINE_LOCATION due to sender android (uid 1001)
08-31 14:39:00.819  1668  2189 W BroadcastQueue: Permission Denial: receiving Intent { act=android.intent.action.SERVICE_STATE flg=0x1000010 (has extras) } to com.google.android.cellbroadcastreceiver/com.android.cellbroadcastreceiver.CellBroadcastReceiver requires android.permission.READ_PHONE_STATE due to sender android (uid 1001)
08-31 14:39:00.821  1668  2189 W BroadcastQueue: Appop Denial: receiving Intent { act=android.intent.action.SERVICE_STATE flg=0x1000010 (has extras) } to ProcessRecord{f0e7ebb 3993:com.android.phone/1001} (pid=3993, uid=1001) excludes appop android:read_phone_state due to sender android (uid 1001)
08-31 14:39:00.821  1668  5816 W ContextImpl: Calling a method in the system process without a qualified user: android.app.ContextImpl.sendBroadcastMultiplePermissions:1258 android.content.Context.sendBroadcastMultiplePermissions:2215 com.android.server.TelephonyRegistry.broadcastServiceStateChanged:2982 com.android.server.TelephonyRegistry.notifyServiceStateForPhoneId:1614 com.android.internal.telephony.ITelephonyRegistry$Stub.onTransact:455 
08-31 14:39:00.821  1668  2189 W BroadcastQueue: Appop Denial: receiving Intent { act=android.intent.action.SERVICE_STATE flg=0x1000010 (has extras) } to ProcessRecord{f0e7ebb 3993:com.android.phone/1001} (pid=3993, uid=1001) excludes appop android:read_phone_state due to sender android (uid 1001)
08-31 14:39:00.821  1668  2189 W BroadcastQueue: Permission Denial: receiving Intent { act=android.intent.action.SERVICE_STATE flg=0x1000010 (has extras) } to ProcessRecord{84978ee 8379:com.android.systemui/u0a197} (pid=8379, uid=10197) requires android.permission.ACCESS_FINE_LOCATION due to sender android (uid 1001)
08-31 14:39:00.821  1668  2189 W BroadcastQueue: Permission Denial: receiving Intent { act=android.intent.action.SERVICE_STATE flg=0x1000010 (has extras) } to com.google.android.cellbroadcastreceiver/com.android.cellbroadcastreceiver.CellBroadcastReceiver requires android.permission.ACCESS_FINE_LOCATION due to sender android (uid 1001)
08-31 14:39:00.822  1668  5816 W ContextImpl: Calling a method in the system process without a qualified user: android.app.ContextImpl.sendBroadcastMultiplePermissions:1258 android.content.Context.sendBroadcastMultiplePermissions:2215 com.android.server.TelephonyRegistry.broadcastServiceStateChanged:2986 com.android.server.TelephonyRegistry.notifyServiceStateForPhoneId:1614 com.android.internal.telephony.ITelephonyRegistry$Stub.onTransact:455 
08-31 14:39:00.822  1668  2189 W BroadcastQueue: Appop Denial: receiving Intent { act=android.intent.action.SERVICE_STATE flg=0x1000010 (has extras) } to ProcessRecord{f0e7ebb 3993:com.android.phone/1001} (pid=3993, uid=1001) excludes appop android:fine_location due to sender android (uid 1001)
08-31 14:39:00.823  1668  2189 W BroadcastQueue: Appop Denial: receiving Intent { act=android.intent.action.SERVICE_STATE flg=0x1000010 (has extras) } to ProcessRecord{f0e7ebb 3993:com.android.phone/1001} (pid=3993, uid=1001) excludes appop android:fine_location due to sender android (uid 1001)
08-31 14:39:00.823  1668  2189 W BroadcastQueue: Permission Denial: receiving Intent { act=android.intent.action.SERVICE_STATE flg=0x1000010 (has extras) } to com.google.android.cellbroadcastreceiver/com.android.cellbroadcastreceiver.CellBroadcastReceiver requires android.permission.READ_PHONE_STATE due to sender android (uid 1001)
08-31 14:39:00.825  1668  2189 W BroadcastQueue: Appop Denial: receiving Intent { act=android.intent.action.SERVICE_STATE flg=0x1000010 (has extras) } to ProcessRecord{f0e7ebb 3993:com.android.phone/1001} (pid=3993, uid=1001) excludes appop android:read_phone_state due to sender android (uid 1001)
08-31 14:39:00.825  1668  2189 W BroadcastQueue: Appop Denial: receiving Intent { act=android.intent.action.SERVICE_STATE flg=0x1000010 (has extras) } to ProcessRecord{f0e7ebb 3993:com.android.phone/1001} (pid=3993, uid=1001) excludes appop android:read_phone_state due to sender android (uid 1001)
08-31 14:39:00.825  1668  2189 W BroadcastQueue: Appop Denial: receiving Intent { act=android.intent.action.SERVICE_STATE flg=0x1000010 (has extras) } to ProcessRecord{84978ee 8379:com.android.systemui/u0a197} (pid=8379, uid=10197) excludes appop android:read_phone_state due to sender android (uid 1001)
08-31 14:39:00.880  1668  3427 I OplusCustomizeService: pkg:com.qti.dpmserviceapp isPlatformSigned, return true drectly 
08-31 14:39:00.880  1668  3427 E OplusCustomizeRestrictionManagerService: getMobileDataMode error :s == null
08-31 14:39:00.880  1668  3427 I OplusCustomizeService: pkg:com.qti.dpmserviceapp isPlatformSigned, return true drectly 
08-31 14:39:00.881  1668  3427 I OplusCustomizeService: pkg:com.qti.dpmserviceapp isPlatformSigned, return true drectly 
08-31 14:39:01.280  1668  3427 W ContextImpl: Calling a method in the system process without a qualified user: android.app.ContextImpl.sendBroadcastMultiplePermissions:1208 com.android.server.TelephonyRegistry.broadcastServiceStateChanged:2971 com.android.server.TelephonyRegistry.notifyServiceStateForPhoneId:1614 com.android.internal.telephony.ITelephonyRegistry$Stub.onTransact:455 android.os.Binder.execTransactInternal:1226 
08-31 14:39:01.282  1668  3427 W ContextImpl: Calling a method in the system process without a qualified user: android.app.ContextImpl.sendBroadcastMultiplePermissions:1258 android.content.Context.sendBroadcastMultiplePermissions:2215 com.android.server.TelephonyRegistry.broadcastServiceStateChanged:2975 com.android.server.TelephonyRegistry.notifyServiceStateForPhoneId:1614 com.android.internal.telephony.ITelephonyRegistry$Stub.onTransact:455 
08-31 14:39:01.284  1668  2189 W BroadcastQueue: Permission Denial: receiving Intent { act=android.intent.action.SERVICE_STATE flg=0x1000010 (has extras) } to ProcessRecord{84978ee 8379:com.android.systemui/u0a197} (pid=8379, uid=10197) requires android.permission.ACCESS_FINE_LOCATION due to sender android (uid 1001)
08-31 14:39:01.284  1668  2189 W BroadcastQueue: Permission Denial: receiving Intent { act=android.intent.action.SERVICE_STATE flg=0x1000010 (has extras) } to com.google.android.cellbroadcastreceiver/com.android.cellbroadcastreceiver.CellBroadcastReceiver requires android.permission.READ_PHONE_STATE due to sender android (uid 1001)
08-31 14:39:01.286  1668  2189 W BroadcastQueue: Appop Denial: receiving Intent { act=android.intent.action.SERVICE_STATE flg=0x1000010 (has extras) } to ProcessRecord{f0e7ebb 3993:com.android.phone/1001} (pid=3993, uid=1001) excludes appop android:read_phone_state due to sender android (uid 1001)
08-31 14:39:01.286  1668  2189 W BroadcastQueue: Appop Denial: receiving Intent { act=android.intent.action.SERVICE_STATE flg=0x1000010 (has extras) } to ProcessRecord{f0e7ebb 3993:com.android.phone/1001} (pid=3993, uid=1001) excludes appop android:read_phone_state due to sender android (uid 1001)
08-31 14:39:01.286  1668  2189 W BroadcastQueue: Permission Denial: receiving Intent { act=android.intent.action.SERVICE_STATE flg=0x1000010 (has extras) } to ProcessRecord{84978ee 8379:com.android.systemui/u0a197} (pid=8379, uid=10197) requires android.permission.ACCESS_FINE_LOCATION due to sender android (uid 1001)
08-31 14:39:01.286  1668  3427 W ContextImpl: Calling a method in the system process without a qualified user: android.app.ContextImpl.sendBroadcastMultiplePermissions:1258 android.content.Context.sendBroadcastMultiplePermissions:2215 com.android.server.TelephonyRegistry.broadcastServiceStateChanged:2982 com.android.server.TelephonyRegistry.notifyServiceStateForPhoneId:1614 com.android.internal.telephony.ITelephonyRegistry$Stub.onTransact:455 
08-31 14:39:01.287  1668  2189 W BroadcastQueue: Permission Denial: receiving Intent { act=android.intent.action.SERVICE_STATE flg=0x1000010 (has extras) } to com.google.android.cellbroadcastreceiver/com.android.cellbroadcastreceiver.CellBroadcastReceiver requires android.permission.ACCESS_FINE_LOCATION due to sender android (uid 1001)
08-31 14:39:01.288  1668  3427 W ContextImpl: Calling a method in the system process without a qualified user: android.app.ContextImpl.sendBroadcastMultiplePermissions:1258 android.content.Context.sendBroadcastMultiplePermissions:2215 com.android.server.TelephonyRegistry.broadcastServiceStateChanged:2986 com.android.server.TelephonyRegistry.notifyServiceStateForPhoneId:1614 com.android.internal.telephony.ITelephonyRegistry$Stub.onTransact:455 
08-31 14:39:01.288  1668  2189 W BroadcastQueue: Appop Denial: receiving Intent { act=android.intent.action.SERVICE_STATE flg=0x1000010 (has extras) } to ProcessRecord{f0e7ebb 3993:com.android.phone/1001} (pid=3993, uid=1001) excludes appop android:fine_location due to sender android (uid 1001)
08-31 14:39:01.288  1668  2189 W BroadcastQueue: Appop Denial: receiving Intent { act=android.intent.action.SERVICE_STATE flg=0x1000010 (has extras) } to ProcessRecord{f0e7ebb 3993:com.android.phone/1001} (pid=3993, uid=1001) excludes appop android:fine_location due to sender android (uid 1001)
08-31 14:39:01.289  1668  2189 W BroadcastQueue: Permission Denial: receiving Intent { act=android.intent.action.SERVICE_STATE flg=0x1000010 (has extras) } to com.google.android.cellbroadcastreceiver/com.android.cellbroadcastreceiver.CellBroadcastReceiver requires android.permission.READ_PHONE_STATE due to sender android (uid 1001)
08-31 14:39:01.291  1668  2189 W BroadcastQueue: Appop Denial: receiving Intent { act=android.intent.action.SERVICE_STATE flg=0x1000010 (has extras) } to ProcessRecord{f0e7ebb 3993:com.android.phone/1001} (pid=3993, uid=1001) excludes appop android:read_phone_state due to sender android (uid 1001)
08-31 14:39:01.291  1668  2189 W BroadcastQueue: Appop Denial: receiving Intent { act=android.intent.action.SERVICE_STATE flg=0x1000010 (has extras) } to ProcessRecord{f0e7ebb 3993:com.android.phone/1001} (pid=3993, uid=1001) excludes appop android:read_phone_state due to sender android (uid 1001)
08-31 14:39:01.291  1668  2189 W BroadcastQueue: Appop Denial: receiving Intent { act=android.intent.action.SERVICE_STATE flg=0x1000010 (has extras) } to ProcessRecord{84978ee 8379:com.android.systemui/u0a197} (pid=8379, uid=10197) excludes appop android:read_phone_state due to sender android (uid 1001)
08-31 14:39:01.324  1668  3427 I OplusCustomizeService: pkg:com.qti.dpmserviceapp isPlatformSigned, return true drectly 
08-31 14:39:01.324  1668  3427 E OplusCustomizeRestrictionManagerService: getMobileDataMode error :s == null
08-31 14:39:01.324  1668  3427 I OplusCustomizeService: pkg:com.qti.dpmserviceapp isPlatformSigned, return true drectly 
08-31 14:39:01.325  1668  3427 I OplusCustomizeService: pkg:com.qti.dpmserviceapp isPlatformSigned, return true drectly 
08-31 14:39:02.953  1668  4342 W ContextImpl: Calling a method in the system process without a qualified user: android.app.ContextImpl.sendBroadcastMultiplePermissions:1208 com.android.server.TelephonyRegistry.broadcastServiceStateChanged:2971 com.android.server.TelephonyRegistry.notifyServiceStateForPhoneId:1614 com.android.internal.telephony.ITelephonyRegistry$Stub.onTransact:455 android.os.Binder.execTransactInternal:1226 
08-31 14:39:02.955  1668  4342 W ContextImpl: Calling a method in the system process without a qualified user: android.app.ContextImpl.sendBroadcastMultiplePermissions:1258 android.content.Context.sendBroadcastMultiplePermissions:2215 com.android.server.TelephonyRegistry.broadcastServiceStateChanged:2975 com.android.server.TelephonyRegistry.notifyServiceStateForPhoneId:1614 com.android.internal.telephony.ITelephonyRegistry$Stub.onTransact:455 
08-31 14:39:02.956  1668  2189 W BroadcastQueue: Permission Denial: receiving Intent { act=android.intent.action.SERVICE_STATE flg=0x1000010 (has extras) } to ProcessRecord{84978ee 8379:com.android.systemui/u0a197} (pid=8379, uid=10197) requires android.permission.ACCESS_FINE_LOCATION due to sender android (uid 1001)
08-31 14:39:02.956  1668  2189 W BroadcastQueue: Permission Denial: receiving Intent { act=android.intent.action.SERVICE_STATE flg=0x1000010 (has extras) } to com.google.android.cellbroadcastreceiver/com.android.cellbroadcastreceiver.CellBroadcastReceiver requires android.permission.READ_PHONE_STATE due to sender android (uid 1001)
08-31 14:39:02.957  1668  2189 W BroadcastQueue: Appop Denial: receiving Intent { act=android.intent.action.SERVICE_STATE flg=0x1000010 (has extras) } to ProcessRecord{f0e7ebb 3993:com.android.phone/1001} (pid=3993, uid=1001) excludes appop android:read_phone_state due to sender android (uid 1001)
08-31 14:39:02.958  1668  2189 W BroadcastQueue: Appop Denial: receiving Intent { act=android.intent.action.SERVICE_STATE flg=0x1000010 (has extras) } to ProcessRecord{f0e7ebb 3993:com.android.phone/1001} (pid=3993, uid=1001) excludes appop android:read_phone_state due to sender android (uid 1001)
08-31 14:39:02.958  1668  2189 W BroadcastQueue: Permission Denial: receiving Intent { act=android.intent.action.SERVICE_STATE flg=0x1000010 (has extras) } to ProcessRecord{84978ee 8379:com.android.systemui/u0a197} (pid=8379, uid=10197) requires android.permission.ACCESS_FINE_LOCATION due to sender android (uid 1001)
08-31 14:39:02.958  1668  2189 W BroadcastQueue: Permission Denial: receiving Intent { act=android.intent.action.SERVICE_STATE flg=0x1000010 (has extras) } to com.google.android.cellbroadcastreceiver/com.android.cellbroadcastreceiver.CellBroadcastReceiver requires android.permission.ACCESS_FINE_LOCATION due to sender android (uid 1001)
08-31 14:39:02.958  1668  4342 W ContextImpl: Calling a method in the system process without a qualified user: android.app.ContextImpl.sendBroadcastMultiplePermissions:1258 android.content.Context.sendBroadcastMultiplePermissions:2215 com.android.server.TelephonyRegistry.broadcastServiceStateChanged:2982 com.android.server.TelephonyRegistry.notifyServiceStateForPhoneId:1614 com.android.internal.telephony.ITelephonyRegistry$Stub.onTransact:455 
08-31 14:39:02.959  1668  2189 W BroadcastQueue: Appop Denial: receiving Intent { act=android.intent.action.SERVICE_STATE flg=0x1000010 (has extras) } to ProcessRecord{f0e7ebb 3993:com.android.phone/1001} (pid=3993, uid=1001) excludes appop android:fine_location due to sender android (uid 1001)
08-31 14:39:02.960  1668  4342 W ContextImpl: Calling a method in the system process without a qualified user: android.app.ContextImpl.sendBroadcastMultiplePermissions:1258 android.content.Context.sendBroadcastMultiplePermissions:2215 com.android.server.TelephonyRegistry.broadcastServiceStateChanged:2986 com.android.server.TelephonyRegistry.notifyServiceStateForPhoneId:1614 com.android.internal.telephony.ITelephonyRegistry$Stub.onTransact:455 
08-31 14:39:02.960  1668  2189 W BroadcastQueue: Appop Denial: receiving Intent { act=android.intent.action.SERVICE_STATE flg=0x1000010 (has extras) } to ProcessRecord{f0e7ebb 3993:com.android.phone/1001} (pid=3993, uid=1001) excludes appop android:fine_location due to sender android (uid 1001)
08-31 14:39:02.960  1668  2189 W BroadcastQueue: Permission Denial: receiving Intent { act=android.intent.action.SERVICE_STATE flg=0x1000010 (has extras) } to com.google.android.cellbroadcastreceiver/com.android.cellbroadcastreceiver.CellBroadcastReceiver requires android.permission.READ_PHONE_STATE due to sender android (uid 1001)
08-31 14:39:02.963  1668  2189 W BroadcastQueue: Appop Denial: receiving Intent { act=android.intent.action.SERVICE_STATE flg=0x1000010 (has extras) } to ProcessRecord{f0e7ebb 3993:com.android.phone/1001} (pid=3993, uid=1001) excludes appop android:read_phone_state due to sender android (uid 1001)
08-31 14:39:02.963  1668  2189 W BroadcastQueue: Appop Denial: receiving Intent { act=android.intent.action.SERVICE_STATE flg=0x1000010 (has extras) } to ProcessRecord{f0e7ebb 3993:com.android.phone/1001} (pid=3993, uid=1001) excludes appop android:read_phone_state due to sender android (uid 1001)
08-31 14:39:02.963  1668  2189 W BroadcastQueue: Appop Denial: receiving Intent { act=android.intent.action.SERVICE_STATE flg=0x1000010 (has extras) } to ProcessRecord{84978ee 8379:com.android.systemui/u0a197} (pid=8379, uid=10197) excludes appop android:read_phone_state due to sender android (uid 1001)
08-31 14:39:02.985  1668  5816 I OplusCustomizeService: pkg:com.qti.dpmserviceapp isPlatformSigned, return true drectly 
08-31 14:39:02.985  1668  5816 E OplusCustomizeRestrictionManagerService: getMobileDataMode error :s == null
08-31 14:39:02.986  1668  5816 I OplusCustomizeService: pkg:com.qti.dpmserviceapp isPlatformSigned, return true drectly 
08-31 14:39:02.986  1668  5816 I OplusCustomizeService: pkg:com.qti.dpmserviceapp isPlatformSigned, return true drectly 
08-31 14:39:05.889  1668  4483 D OplusProxyWakeLock: remove uid: 10441 wiht all pids from wakelockUidInfo list
08-31 14:39:06.649  1668  4483 I OplusProxyWakeLock: add uid: 10343 wakelock: PARTIAL_WAKE_LOCK              '*job*' (uid=1000 pid=1668 ws=WorkSource{10343})  heled by system to FroceReleaseWakeLock list
08-31 14:39:06.652  1668  2228 D OplusDisplayPowerControllerExtImpl: original brightness to dataBase:709 final brightness:709.0 scale:1.0 reason:1 darkLevel:0
08-31 14:39:06.653  1668  2228 D DisplayPowerController[0]: Animating brightness: target=709.0, rate=14.0, source= 10
08-31 14:39:06.653  1668  2228 D OplusDisplayPowerControllerFeature: RECORD:onUpdatePowerState policy:3 state:2 brightness:709
08-31 14:39:06.653  1668  2228 D VRR [OPlusRefreshRateService]: notifyBrightnessChange brightness: 709.0
08-31 14:39:11.801  1380  1380 I Quality : SFJankCountInfo: 25; 0; 0; 0; 1; 1; 0; 0; 0; 0; 8
08-31 14:39:14.112  1668  3427 W ContextImpl: Calling a method in the system process without a qualified user: android.app.ContextImpl.sendBroadcastMultiplePermissions:1208 com.android.server.TelephonyRegistry.broadcastServiceStateChanged:2971 com.android.server.TelephonyRegistry.notifyServiceStateForPhoneId:1614 com.android.internal.telephony.ITelephonyRegistry$Stub.onTransact:455 android.os.Binder.execTransactInternal:1226 
08-31 14:39:14.116  1668  3427 W ContextImpl: Calling a method in the system process without a qualified user: android.app.ContextImpl.sendBroadcastMultiplePermissions:1258 android.content.Context.sendBroadcastMultiplePermissions:2215 com.android.server.TelephonyRegistry.broadcastServiceStateChanged:2975 com.android.server.TelephonyRegistry.notifyServiceStateForPhoneId:1614 com.android.internal.telephony.ITelephonyRegistry$Stub.onTransact:455 
08-31 14:39:14.118  1668  2189 W BroadcastQueue: Permission Denial: receiving Intent { act=android.intent.action.SERVICE_STATE flg=0x1000010 (has extras) } to ProcessRecord{84978ee 8379:com.android.systemui/u0a197} (pid=8379, uid=10197) requires android.permission.ACCESS_FINE_LOCATION due to sender android (uid 1001)
08-31 14:39:14.118  1668  2189 W BroadcastQueue: Permission Denial: receiving Intent { act=android.intent.action.SERVICE_STATE flg=0x1000010 (has extras) } to com.google.android.cellbroadcastreceiver/com.android.cellbroadcastreceiver.CellBroadcastReceiver requires android.permission.READ_PHONE_STATE due to sender android (uid 1001)
08-31 14:39:14.120  1668  3427 W ContextImpl: Calling a method in the system process without a qualified user: android.app.ContextImpl.sendBroadcastMultiplePermissions:1258 android.content.Context.sendBroadcastMultiplePermissions:2215 com.android.server.TelephonyRegistry.broadcastServiceStateChanged:2982 com.android.server.TelephonyRegistry.notifyServiceStateForPhoneId:1614 com.android.internal.telephony.ITelephonyRegistry$Stub.onTransact:455 
08-31 14:39:14.120  1668  2189 W BroadcastQueue: Appop Denial: receiving Intent { act=android.intent.action.SERVICE_STATE flg=0x1000010 (has extras) } to ProcessRecord{f0e7ebb 3993:com.android.phone/1001} (pid=3993, uid=1001) excludes appop android:read_phone_state due to sender android (uid 1001)
08-31 14:39:14.121  1668  2189 W BroadcastQueue: Appop Denial: receiving Intent { act=android.intent.action.SERVICE_STATE flg=0x1000010 (has extras) } to ProcessRecord{f0e7ebb 3993:com.android.phone/1001} (pid=3993, uid=1001) excludes appop android:read_phone_state due to sender android (uid 1001)
08-31 14:39:14.121  1668  2189 W BroadcastQueue: Permission Denial: receiving Intent { act=android.intent.action.SERVICE_STATE flg=0x1000010 (has extras) } to ProcessRecord{84978ee 8379:com.android.systemui/u0a197} (pid=8379, uid=10197) requires android.permission.ACCESS_FINE_LOCATION due to sender android (uid 1001)
08-31 14:39:14.121  1668  2189 W BroadcastQueue: Permission Denial: receiving Intent { act=android.intent.action.SERVICE_STATE flg=0x1000010 (has extras) } to com.google.android.cellbroadcastreceiver/com.android.cellbroadcastreceiver.CellBroadcastReceiver requires android.permission.ACCESS_FINE_LOCATION due to sender android (uid 1001)
08-31 14:39:14.123  1668  3427 W ContextImpl: Calling a method in the system process without a qualified user: android.app.ContextImpl.sendBroadcastMultiplePermissions:1258 android.content.Context.sendBroadcastMultiplePermissions:2215 com.android.server.TelephonyRegistry.broadcastServiceStateChanged:2986 com.android.server.TelephonyRegistry.notifyServiceStateForPhoneId:1614 com.android.internal.telephony.ITelephonyRegistry$Stub.onTransact:455 
08-31 14:39:14.123  1668  2189 W BroadcastQueue: Appop Denial: receiving Intent { act=android.intent.action.SERVICE_STATE flg=0x1000010 (has extras) } to ProcessRecord{f0e7ebb 3993:com.android.phone/1001} (pid=3993, uid=1001) excludes appop android:fine_location due to sender android (uid 1001)
08-31 14:39:14.123  1668  2189 W BroadcastQueue: Appop Denial: receiving Intent { act=android.intent.action.SERVICE_STATE flg=0x1000010 (has extras) } to ProcessRecord{f0e7ebb 3993:com.android.phone/1001} (pid=3993, uid=1001) excludes appop android:fine_location due to sender android (uid 1001)
08-31 14:39:14.123  1668  2189 W BroadcastQueue: Permission Denial: receiving Intent { act=android.intent.action.SERVICE_STATE flg=0x1000010 (has extras) } to com.google.android.cellbroadcastreceiver/com.android.cellbroadcastreceiver.CellBroadcastReceiver requires android.permission.READ_PHONE_STATE due to sender android (uid 1001)
08-31 14:39:14.125  1668  2189 W BroadcastQueue: Appop Denial: receiving Intent { act=android.intent.action.SERVICE_STATE flg=0x1000010 (has extras) } to ProcessRecord{f0e7ebb 3993:com.android.phone/1001} (pid=3993, uid=1001) excludes appop android:read_phone_state due to sender android (uid 1001)
08-31 14:39:14.125  1668  2189 W BroadcastQueue: Appop Denial: receiving Intent { act=android.intent.action.SERVICE_STATE flg=0x1000010 (has extras) } to ProcessRecord{f0e7ebb 3993:com.android.phone/1001} (pid=3993, uid=1001) excludes appop android:read_phone_state due to sender android (uid 1001)
08-31 14:39:14.125  1668  2189 W BroadcastQueue: Appop Denial: receiving Intent { act=android.intent.action.SERVICE_STATE flg=0x1000010 (has extras) } to ProcessRecord{84978ee 8379:com.android.systemui/u0a197} (pid=8379, uid=10197) excludes appop android:read_phone_state due to sender android (uid 1001)
08-31 14:39:14.166  1668  5816 I OplusCustomizeService: pkg:com.qti.dpmserviceapp isPlatformSigned, return true drectly 
08-31 14:39:14.166  1668  5816 E OplusCustomizeRestrictionManagerService: getMobileDataMode error :s == null
08-31 14:39:14.166  1668  5816 I OplusCustomizeService: pkg:com.qti.dpmserviceapp isPlatformSigned, return true drectly 
08-31 14:39:14.166  1668  5816 I OplusCustomizeService: pkg:com.qti.dpmserviceapp isPlatformSigned, return true drectly 
08-31 14:39:14.758  1668  3427 W ContextImpl: Calling a method in the system process without a qualified user: android.app.ContextImpl.sendBroadcastMultiplePermissions:1208 com.android.server.TelephonyRegistry.broadcastServiceStateChanged:2971 com.android.server.TelephonyRegistry.notifyServiceStateForPhoneId:1614 com.android.internal.telephony.ITelephonyRegistry$Stub.onTransact:455 android.os.Binder.execTransactInternal:1226 
08-31 14:39:14.761  1668  2189 W BroadcastQueue: Permission Denial: receiving Intent { act=android.intent.action.SERVICE_STATE flg=0x1000010 (has extras) } to ProcessRecord{84978ee 8379:com.android.systemui/u0a197} (pid=8379, uid=10197) requires android.permission.ACCESS_FINE_LOCATION due to sender android (uid 1001)
08-31 14:39:14.761  1668  2189 W BroadcastQueue: Permission Denial: receiving Intent { act=android.intent.action.SERVICE_STATE flg=0x1000010 (has extras) } to com.google.android.cellbroadcastreceiver/com.android.cellbroadcastreceiver.CellBroadcastReceiver requires android.permission.READ_PHONE_STATE due to sender android (uid 1001)
08-31 14:39:14.762  1668  3427 W ContextImpl: Calling a method in the system process without a qualified user: android.app.ContextImpl.sendBroadcastMultiplePermissions:1258 android.content.Context.sendBroadcastMultiplePermissions:2215 com.android.server.TelephonyRegistry.broadcastServiceStateChanged:2975 com.android.server.TelephonyRegistry.notifyServiceStateForPhoneId:1614 com.android.internal.telephony.ITelephonyRegistry$Stub.onTransact:455 
08-31 14:39:14.763  1668  2189 W BroadcastQueue: Appop Denial: receiving Intent { act=android.intent.action.SERVICE_STATE flg=0x1000010 (has extras) } to ProcessRecord{f0e7ebb 3993:com.android.phone/1001} (pid=3993, uid=1001) excludes appop android:read_phone_state due to sender android (uid 1001)
08-31 14:39:14.763  1668  3427 W ContextImpl: Calling a method in the system process without a qualified user: android.app.ContextImpl.sendBroadcastMultiplePermissions:1258 android.content.Context.sendBroadcastMultiplePermissions:2215 com.android.server.TelephonyRegistry.broadcastServiceStateChanged:2982 com.android.server.TelephonyRegistry.notifyServiceStateForPhoneId:1614 com.android.internal.telephony.ITelephonyRegistry$Stub.onTransact:455 
08-31 14:39:14.763  1668  2189 W BroadcastQueue: Appop Denial: receiving Intent { act=android.intent.action.SERVICE_STATE flg=0x1000010 (has extras) } to ProcessRecord{f0e7ebb 3993:com.android.phone/1001} (pid=3993, uid=1001) excludes appop android:read_phone_state due to sender android (uid 1001)
08-31 14:39:14.763  1668  2189 W BroadcastQueue: Permission Denial: receiving Intent { act=android.intent.action.SERVICE_STATE flg=0x1000010 (has extras) } to ProcessRecord{84978ee 8379:com.android.systemui/u0a197} (pid=8379, uid=10197) requires android.permission.ACCESS_FINE_LOCATION due to sender android (uid 1001)
08-31 14:39:14.764  1668  2189 W BroadcastQueue: Permission Denial: receiving Intent { act=android.intent.action.SERVICE_STATE flg=0x1000010 (has extras) } to com.google.android.cellbroadcastreceiver/com.android.cellbroadcastreceiver.CellBroadcastReceiver requires android.permission.ACCESS_FINE_LOCATION due to sender android (uid 1001)
08-31 14:39:14.765  1668  2189 W BroadcastQueue: Appop Denial: receiving Intent { act=android.intent.action.SERVICE_STATE flg=0x1000010 (has extras) } to ProcessRecord{f0e7ebb 3993:com.android.phone/1001} (pid=3993, uid=1001) excludes appop android:fine_location due to sender android (uid 1001)
08-31 14:39:14.765  1668  3427 W ContextImpl: Calling a method in the system process without a qualified user: android.app.ContextImpl.sendBroadcastMultiplePermissions:1258 android.content.Context.sendBroadcastMultiplePermissions:2215 com.android.server.TelephonyRegistry.broadcastServiceStateChanged:2986 com.android.server.TelephonyRegistry.notifyServiceStateForPhoneId:1614 com.android.internal.telephony.ITelephonyRegistry$Stub.onTransact:455 
08-31 14:39:14.765  1668  2189 W BroadcastQueue: Appop Denial: receiving Intent { act=android.intent.action.SERVICE_STATE flg=0x1000010 (has extras) } to ProcessRecord{f0e7ebb 3993:com.android.phone/1001} (pid=3993, uid=1001) excludes appop android:fine_location due to sender android (uid 1001)
08-31 14:39:14.766  1668  2189 W BroadcastQueue: Permission Denial: receiving Intent { act=android.intent.action.SERVICE_STATE flg=0x1000010 (has extras) } to com.google.android.cellbroadcastreceiver/com.android.cellbroadcastreceiver.CellBroadcastReceiver requires android.permission.READ_PHONE_STATE due to sender android (uid 1001)
