08-31 14:39:14.767  1668  2189 W BroadcastQueue: Appop Denial: receiving Intent { act=android.intent.action.SERVICE_STATE flg=0x1000010 (has extras) } to ProcessRecord{f0e7ebb 3993:com.android.phone/1001} (pid=3993, uid=1001) excludes appop android:read_phone_state due to sender android (uid 1001)
08-31 14:39:14.767  1668  2189 W BroadcastQueue: Appop Denial: receiving Intent { act=android.intent.action.SERVICE_STATE flg=0x1000010 (has extras) } to ProcessRecord{f0e7ebb 3993:com.android.phone/1001} (pid=3993, uid=1001) excludes appop android:read_phone_state due to sender android (uid 1001)
08-31 14:39:14.767  1668  2189 W BroadcastQueue: Appop Denial: receiving Intent { act=android.intent.action.SERVICE_STATE flg=0x1000010 (has extras) } to ProcessRecord{84978ee 8379:com.android.systemui/u0a197} (pid=8379, uid=10197) excludes appop android:read_phone_state due to sender android (uid 1001)
08-31 14:39:14.797  1668  5816 I OplusCustomizeService: pkg:com.qti.dpmserviceapp isPlatformSigned, return true drectly 
08-31 14:39:14.797  1668  5816 E OplusCustomizeRestrictionManagerService: getMobileDataMode error :s == null
08-31 14:39:14.798  1668  3427 I OplusCustomizeService: pkg:com.qti.dpmserviceapp isPlatformSigned, return true drectly 
08-31 14:39:14.799  1668  3427 I OplusCustomizeService: pkg:com.qti.dpmserviceapp isPlatformSigned, return true drectly 
08-31 14:39:16.645  1668  4483 D OplusProxyWakeLock: remove uid: 10441 wiht all pids from wakelockUidInfo list
08-31 14:39:21.379  1668  4231 W ContextImpl: Calling a method in the system process without a qualified user: android.app.ContextImpl.sendBroadcastMultiplePermissions:1208 com.android.server.TelephonyRegistry.broadcastServiceStateChanged:2971 com.android.server.TelephonyRegistry.notifyServiceStateForPhoneId:1614 com.android.internal.telephony.ITelephonyRegistry$Stub.onTransact:455 android.os.Binder.execTransactInternal:1226 
08-31 14:39:21.380  1668  4231 W ContextImpl: Calling a method in the system process without a qualified user: android.app.ContextImpl.sendBroadcastMultiplePermissions:1258 android.content.Context.sendBroadcastMultiplePermissions:2215 com.android.server.TelephonyRegistry.broadcastServiceStateChanged:2975 com.android.server.TelephonyRegistry.notifyServiceStateForPhoneId:1614 com.android.internal.telephony.ITelephonyRegistry$Stub.onTransact:455 
08-31 14:39:21.382  1668  2189 W BroadcastQueue: Permission Denial: receiving Intent { act=android.intent.action.SERVICE_STATE flg=0x1000010 (has extras) } to ProcessRecord{84978ee 8379:com.android.systemui/u0a197} (pid=8379, uid=10197) requires android.permission.ACCESS_FINE_LOCATION due to sender android (uid 1001)
08-31 14:39:21.382  1668  2189 W BroadcastQueue: Permission Denial: receiving Intent { act=android.intent.action.SERVICE_STATE flg=0x1000010 (has extras) } to com.google.android.cellbroadcastreceiver/com.android.cellbroadcastreceiver.CellBroadcastReceiver requires android.permission.READ_PHONE_STATE due to sender android (uid 1001)
08-31 14:39:21.383  1668  2189 W BroadcastQueue: Appop Denial: receiving Intent { act=android.intent.action.SERVICE_STATE flg=0x1000010 (has extras) } to ProcessRecord{f0e7ebb 3993:com.android.phone/1001} (pid=3993, uid=1001) excludes appop android:read_phone_state due to sender android (uid 1001)
08-31 14:39:21.384  1668  2189 W BroadcastQueue: Appop Denial: receiving Intent { act=android.intent.action.SERVICE_STATE flg=0x1000010 (has extras) } to ProcessRecord{f0e7ebb 3993:com.android.phone/1001} (pid=3993, uid=1001) excludes appop android:read_phone_state due to sender android (uid 1001)
08-31 14:39:21.384  1668  2189 W BroadcastQueue: Permission Denial: receiving Intent { act=android.intent.action.SERVICE_STATE flg=0x1000010 (has extras) } to ProcessRecord{84978ee 8379:com.android.systemui/u0a197} (pid=8379, uid=10197) requires android.permission.ACCESS_FINE_LOCATION due to sender android (uid 1001)
08-31 14:39:21.384  1668  2189 W BroadcastQueue: Permission Denial: receiving Intent { act=android.intent.action.SERVICE_STATE flg=0x1000010 (has extras) } to com.google.android.cellbroadcastreceiver/com.android.cellbroadcastreceiver.CellBroadcastReceiver requires android.permission.ACCESS_FINE_LOCATION due to sender android (uid 1001)
08-31 14:39:21.384  1668  4231 W ContextImpl: Calling a method in the system process without a qualified user: android.app.ContextImpl.sendBroadcastMultiplePermissions:1258 android.content.Context.sendBroadcastMultiplePermissions:2215 com.android.server.TelephonyRegistry.broadcastServiceStateChanged:2982 com.android.server.TelephonyRegistry.notifyServiceStateForPhoneId:1614 com.android.internal.telephony.ITelephonyRegistry$Stub.onTransact:455 
08-31 14:39:21.385  1668  4231 W ContextImpl: Calling a method in the system process without a qualified user: android.app.ContextImpl.sendBroadcastMultiplePermissions:1258 android.content.Context.sendBroadcastMultiplePermissions:2215 com.android.server.TelephonyRegistry.broadcastServiceStateChanged:2986 com.android.server.TelephonyRegistry.notifyServiceStateForPhoneId:1614 com.android.internal.telephony.ITelephonyRegistry$Stub.onTransact:455 
08-31 14:39:21.385  1668  2189 W BroadcastQueue: Appop Denial: receiving Intent { act=android.intent.action.SERVICE_STATE flg=0x1000010 (has extras) } to ProcessRecord{f0e7ebb 3993:com.android.phone/1001} (pid=3993, uid=1001) excludes appop android:fine_location due to sender android (uid 1001)
08-31 14:39:21.385  1668  2189 W BroadcastQueue: Appop Denial: receiving Intent { act=android.intent.action.SERVICE_STATE flg=0x1000010 (has extras) } to ProcessRecord{f0e7ebb 3993:com.android.phone/1001} (pid=3993, uid=1001) excludes appop android:fine_location due to sender android (uid 1001)
08-31 14:39:21.386  1668  2189 W BroadcastQueue: Permission Denial: receiving Intent { act=android.intent.action.SERVICE_STATE flg=0x1000010 (has extras) } to com.google.android.cellbroadcastreceiver/com.android.cellbroadcastreceiver.CellBroadcastReceiver requires android.permission.READ_PHONE_STATE due to sender android (uid 1001)
08-31 14:39:21.387  1668  2189 W BroadcastQueue: Appop Denial: receiving Intent { act=android.intent.action.SERVICE_STATE flg=0x1000010 (has extras) } to ProcessRecord{f0e7ebb 3993:com.android.phone/1001} (pid=3993, uid=1001) excludes appop android:read_phone_state due to sender android (uid 1001)
08-31 14:39:21.387  1668  2189 W BroadcastQueue: Appop Denial: receiving Intent { act=android.intent.action.SERVICE_STATE flg=0x1000010 (has extras) } to ProcessRecord{f0e7ebb 3993:com.android.phone/1001} (pid=3993, uid=1001) excludes appop android:read_phone_state due to sender android (uid 1001)
08-31 14:39:21.387  1668  2189 W BroadcastQueue: Appop Denial: receiving Intent { act=android.intent.action.SERVICE_STATE flg=0x1000010 (has extras) } to ProcessRecord{84978ee 8379:com.android.systemui/u0a197} (pid=8379, uid=10197) excludes appop android:read_phone_state due to sender android (uid 1001)
08-31 14:39:21.408  1668  4342 I OplusCustomizeService: pkg:com.qti.dpmserviceapp isPlatformSigned, return true drectly 
08-31 14:39:21.408  1668  4342 E OplusCustomizeRestrictionManagerService: getMobileDataMode error :s == null
08-31 14:39:21.408  1668  4342 I OplusCustomizeService: pkg:com.qti.dpmserviceapp isPlatformSigned, return true drectly 
08-31 14:39:21.409  1668  3427 I OplusCustomizeService: pkg:com.qti.dpmserviceapp isPlatformSigned, return true drectly 
08-31 14:39:23.674  1668  4483 D OplusProxyWakeLock: remove uid: 10343 wiht all pids from wakelockUidInfo list
08-31 14:39:23.674  1668  4483 D OplusProxyWakeLock: restore uid :10343 wakelock: PARTIAL_WAKE_LOCK              '*job*' (uid=1000 pid=1668 ws=WorkSource{10343})
08-31 14:39:23.678  1668  5816 W ContextImpl: Calling a method in the system process without a qualified user: android.app.ContextImpl.sendBroadcastMultiplePermissions:1208 com.android.server.TelephonyRegistry.broadcastServiceStateChanged:2971 com.android.server.TelephonyRegistry.notifyServiceStateForPhoneId:1614 com.android.internal.telephony.ITelephonyRegistry$Stub.onTransact:455 android.os.Binder.execTransactInternal:1226 
08-31 14:39:23.679  1668  5816 W ContextImpl: Calling a method in the system process without a qualified user: android.app.ContextImpl.sendBroadcastMultiplePermissions:1258 android.content.Context.sendBroadcastMultiplePermissions:2215 com.android.server.TelephonyRegistry.broadcastServiceStateChanged:2975 com.android.server.TelephonyRegistry.notifyServiceStateForPhoneId:1614 com.android.internal.telephony.ITelephonyRegistry$Stub.onTransact:455 
08-31 14:39:23.680  1668  2189 W BroadcastQueue: Permission Denial: receiving Intent { act=android.intent.action.SERVICE_STATE flg=0x1000010 (has extras) } to ProcessRecord{84978ee 8379:com.android.systemui/u0a197} (pid=8379, uid=10197) requires android.permission.ACCESS_FINE_LOCATION due to sender android (uid 1001)
08-31 14:39:23.681  1668  2189 W BroadcastQueue: Permission Denial: receiving Intent { act=android.intent.action.SERVICE_STATE flg=0x1000010 (has extras) } to com.google.android.cellbroadcastreceiver/com.android.cellbroadcastreceiver.CellBroadcastReceiver requires android.permission.READ_PHONE_STATE due to sender android (uid 1001)
08-31 14:39:23.682  1668  5816 W ContextImpl: Calling a method in the system process without a qualified user: android.app.ContextImpl.sendBroadcastMultiplePermissions:1258 android.content.Context.sendBroadcastMultiplePermissions:2215 com.android.server.TelephonyRegistry.broadcastServiceStateChanged:2982 com.android.server.TelephonyRegistry.notifyServiceStateForPhoneId:1614 com.android.internal.telephony.ITelephonyRegistry$Stub.onTransact:455 
08-31 14:39:23.683  1668  5816 W ContextImpl: Calling a method in the system process without a qualified user: android.app.ContextImpl.sendBroadcastMultiplePermissions:1258 android.content.Context.sendBroadcastMultiplePermissions:2215 com.android.server.TelephonyRegistry.broadcastServiceStateChanged:2986 com.android.server.TelephonyRegistry.notifyServiceStateForPhoneId:1614 com.android.internal.telephony.ITelephonyRegistry$Stub.onTransact:455 
08-31 14:39:23.683  1668  2189 W BroadcastQueue: Appop Denial: receiving Intent { act=android.intent.action.SERVICE_STATE flg=0x1000010 (has extras) } to ProcessRecord{f0e7ebb 3993:com.android.phone/1001} (pid=3993, uid=1001) excludes appop android:read_phone_state due to sender android (uid 1001)
08-31 14:39:23.687  1668  2189 W BroadcastQueue: Appop Denial: receiving Intent { act=android.intent.action.SERVICE_STATE flg=0x1000010 (has extras) } to ProcessRecord{f0e7ebb 3993:com.android.phone/1001} (pid=3993, uid=1001) excludes appop android:read_phone_state due to sender android (uid 1001)
08-31 14:39:23.687  1668  2189 W BroadcastQueue: Permission Denial: receiving Intent { act=android.intent.action.SERVICE_STATE flg=0x1000010 (has extras) } to ProcessRecord{84978ee 8379:com.android.systemui/u0a197} (pid=8379, uid=10197) requires android.permission.ACCESS_FINE_LOCATION due to sender android (uid 1001)
08-31 14:39:23.687  1668  2189 W BroadcastQueue: Appop Denial: receiving Intent { act=android.intent.action.SERVICE_STATE flg=0x1000010 (has extras) } to ProcessRecord{f0e7ebb 3993:com.android.phone/1001} (pid=3993, uid=1001) excludes appop android:fine_location due to sender android (uid 1001)
08-31 14:39:23.688  1668  2189 W BroadcastQueue: Appop Denial: receiving Intent { act=android.intent.action.SERVICE_STATE flg=0x1000010 (has extras) } to ProcessRecord{f0e7ebb 3993:com.android.phone/1001} (pid=3993, uid=1001) excludes appop android:fine_location due to sender android (uid 1001)
08-31 14:39:23.688  1668  2189 W BroadcastQueue: Permission Denial: receiving Intent { act=android.intent.action.SERVICE_STATE flg=0x1000010 (has extras) } to com.google.android.cellbroadcastreceiver/com.android.cellbroadcastreceiver.CellBroadcastReceiver requires android.permission.ACCESS_FINE_LOCATION due to sender android (uid 1001)
08-31 14:39:23.689  1668  2189 W BroadcastQueue: Permission Denial: receiving Intent { act=android.intent.action.SERVICE_STATE flg=0x1000010 (has extras) } to com.google.android.cellbroadcastreceiver/com.android.cellbroadcastreceiver.CellBroadcastReceiver requires android.permission.READ_PHONE_STATE due to sender android (uid 1001)
08-31 14:39:23.689  1668  4483 D OplusProxyWakeLock: remove uid: 10032 wiht all pids from wakelockUidInfo list
08-31 14:39:23.689  1668  4483 D OplusProxyWakeLock: remove uid: 10578 wiht all pids from wakelockUidInfo list
08-31 14:39:23.689  1668  2189 W BroadcastQueue: Appop Denial: receiving Intent { act=android.intent.action.SERVICE_STATE flg=0x1000010 (has extras) } to ProcessRecord{f0e7ebb 3993:com.android.phone/1001} (pid=3993, uid=1001) excludes appop android:read_phone_state due to sender android (uid 1001)
08-31 14:39:23.690  1668  2189 W BroadcastQueue: Appop Denial: receiving Intent { act=android.intent.action.SERVICE_STATE flg=0x1000010 (has extras) } to ProcessRecord{f0e7ebb 3993:com.android.phone/1001} (pid=3993, uid=1001) excludes appop android:read_phone_state due to sender android (uid 1001)
08-31 14:39:23.690  1668  2189 W BroadcastQueue: Appop Denial: receiving Intent { act=android.intent.action.SERVICE_STATE flg=0x1000010 (has extras) } to ProcessRecord{84978ee 8379:com.android.systemui/u0a197} (pid=8379, uid=10197) excludes appop android:read_phone_state due to sender android (uid 1001)
08-31 14:39:23.692  1668  4483 D OplusProxyWakeLock: remove uid: 10005 wiht all pids from wakelockUidInfo list
08-31 14:39:23.696  1668  4483 D OplusProxyWakeLock: remove uid: 10534 wiht all pids from wakelockUidInfo list
08-31 14:39:23.701  1668  4483 D OplusProxyWakeLock: remove uid: 10458 wiht all pids from wakelockUidInfo list
08-31 14:39:23.701  1668  5816 I OplusCustomizeService: pkg:com.qti.dpmserviceapp isPlatformSigned, return true drectly 
08-31 14:39:23.701  1668  5816 E OplusCustomizeRestrictionManagerService: getMobileDataMode error :s == null
08-31 14:39:23.702  1668  3427 I OplusCustomizeService: pkg:com.qti.dpmserviceapp isPlatformSigned, return true drectly 
08-31 14:39:23.702  1668  5816 I OplusCustomizeService: pkg:com.qti.dpmserviceapp isPlatformSigned, return true drectly 
08-31 14:39:23.703  1668  4483 D OplusProxyWakeLock: remove uid: 10334 wiht all pids from wakelockUidInfo list
08-31 14:39:23.703  1668  4483 D OplusProxyWakeLock: remove uid: 10411 wiht all pids from wakelockUidInfo list
08-31 14:39:24.946  1668  4342 W ContextImpl: Calling a method in the system process without a qualified user: android.app.ContextImpl.sendBroadcastMultiplePermissions:1208 com.android.server.TelephonyRegistry.broadcastServiceStateChanged:2971 com.android.server.TelephonyRegistry.notifyServiceStateForPhoneId:1614 com.android.internal.telephony.ITelephonyRegistry$Stub.onTransact:455 android.os.Binder.execTransactInternal:1226 
08-31 14:39:24.948  1668  4342 W ContextImpl: Calling a method in the system process without a qualified user: android.app.ContextImpl.sendBroadcastMultiplePermissions:1258 android.content.Context.sendBroadcastMultiplePermissions:2215 com.android.server.TelephonyRegistry.broadcastServiceStateChanged:2975 com.android.server.TelephonyRegistry.notifyServiceStateForPhoneId:1614 com.android.internal.telephony.ITelephonyRegistry$Stub.onTransact:455 
08-31 14:39:24.949  1668  4342 W ContextImpl: Calling a method in the system process without a qualified user: android.app.ContextImpl.sendBroadcastMultiplePermissions:1258 android.content.Context.sendBroadcastMultiplePermissions:2215 com.android.server.TelephonyRegistry.broadcastServiceStateChanged:2982 com.android.server.TelephonyRegistry.notifyServiceStateForPhoneId:1614 com.android.internal.telephony.ITelephonyRegistry$Stub.onTransact:455 
08-31 14:39:24.951  1668  2189 W BroadcastQueue: Permission Denial: receiving Intent { act=android.intent.action.SERVICE_STATE flg=0x1000010 (has extras) } to ProcessRecord{84978ee 8379:com.android.systemui/u0a197} (pid=8379, uid=10197) requires android.permission.ACCESS_FINE_LOCATION due to sender android (uid 1001)
08-31 14:39:24.952  1668  2189 W BroadcastQueue: Appop Denial: receiving Intent { act=android.intent.action.SERVICE_STATE flg=0x1000010 (has extras) } to ProcessRecord{f0e7ebb 3993:com.android.phone/1001} (pid=3993, uid=1001) excludes appop android:read_phone_state due to sender android (uid 1001)
08-31 14:39:24.952  1668  2189 W BroadcastQueue: Appop Denial: receiving Intent { act=android.intent.action.SERVICE_STATE flg=0x1000010 (has extras) } to ProcessRecord{f0e7ebb 3993:com.android.phone/1001} (pid=3993, uid=1001) excludes appop android:read_phone_state due to sender android (uid 1001)
08-31 14:39:24.952  1668  2189 W BroadcastQueue: Permission Denial: receiving Intent { act=android.intent.action.SERVICE_STATE flg=0x1000010 (has extras) } to ProcessRecord{84978ee 8379:com.android.systemui/u0a197} (pid=8379, uid=10197) requires android.permission.ACCESS_FINE_LOCATION due to sender android (uid 1001)
08-31 14:39:24.952  1668  2189 W BroadcastQueue: Permission Denial: receiving Intent { act=android.intent.action.SERVICE_STATE flg=0x1000010 (has extras) } to com.google.android.cellbroadcastreceiver/com.android.cellbroadcastreceiver.CellBroadcastReceiver requires android.permission.READ_PHONE_STATE due to sender android (uid 1001)
08-31 14:39:24.954  1668  4342 W ContextImpl: Calling a method in the system process without a qualified user: android.app.ContextImpl.sendBroadcastMultiplePermissions:1258 android.content.Context.sendBroadcastMultiplePermissions:2215 com.android.server.TelephonyRegistry.broadcastServiceStateChanged:2986 com.android.server.TelephonyRegistry.notifyServiceStateForPhoneId:1614 com.android.internal.telephony.ITelephonyRegistry$Stub.onTransact:455 
08-31 14:39:24.955  1668  2189 W BroadcastQueue: Appop Denial: receiving Intent { act=android.intent.action.SERVICE_STATE flg=0x1000010 (has extras) } to ProcessRecord{f0e7ebb 3993:com.android.phone/1001} (pid=3993, uid=1001) excludes appop android:fine_location due to sender android (uid 1001)
08-31 14:39:24.956  1668  2189 W BroadcastQueue: Appop Denial: receiving Intent { act=android.intent.action.SERVICE_STATE flg=0x1000010 (has extras) } to ProcessRecord{f0e7ebb 3993:com.android.phone/1001} (pid=3993, uid=1001) excludes appop android:fine_location due to sender android (uid 1001)
08-31 14:39:24.956  1668  2189 W BroadcastQueue: Appop Denial: receiving Intent { act=android.intent.action.SERVICE_STATE flg=0x1000010 (has extras) } to ProcessRecord{f0e7ebb 3993:com.android.phone/1001} (pid=3993, uid=1001) excludes appop android:read_phone_state due to sender android (uid 1001)
08-31 14:39:24.957  1668  2189 W BroadcastQueue: Appop Denial: receiving Intent { act=android.intent.action.SERVICE_STATE flg=0x1000010 (has extras) } to ProcessRecord{f0e7ebb 3993:com.android.phone/1001} (pid=3993, uid=1001) excludes appop android:read_phone_state due to sender android (uid 1001)
08-31 14:39:24.957  1668  2189 W BroadcastQueue: Appop Denial: receiving Intent { act=android.intent.action.SERVICE_STATE flg=0x1000010 (has extras) } to ProcessRecord{84978ee 8379:com.android.systemui/u0a197} (pid=8379, uid=10197) excludes appop android:read_phone_state due to sender android (uid 1001)
08-31 14:39:24.957  1668  2189 W BroadcastQueue: Permission Denial: receiving Intent { act=android.intent.action.SERVICE_STATE flg=0x1000010 (has extras) } to com.google.android.cellbroadcastreceiver/com.android.cellbroadcastreceiver.CellBroadcastReceiver requires android.permission.ACCESS_FINE_LOCATION due to sender android (uid 1001)
08-31 14:39:24.957  1668  2189 W BroadcastQueue: Permission Denial: receiving Intent { act=android.intent.action.SERVICE_STATE flg=0x1000010 (has extras) } to com.google.android.cellbroadcastreceiver/com.android.cellbroadcastreceiver.CellBroadcastReceiver requires android.permission.READ_PHONE_STATE due to sender android (uid 1001)
08-31 14:39:25.092  1668  5816 W ContextImpl: Calling a method in the system process without a qualified user: android.app.ContextImpl.sendBroadcastMultiplePermissions:1208 com.android.server.TelephonyRegistry.broadcastServiceStateChanged:2971 com.android.server.TelephonyRegistry.notifyServiceStateForPhoneId:1614 com.android.internal.telephony.ITelephonyRegistry$Stub.onTransact:455 android.os.Binder.execTransactInternal:1226 
08-31 14:39:25.096  1668  5816 W ContextImpl: Calling a method in the system process without a qualified user: android.app.ContextImpl.sendBroadcastMultiplePermissions:1258 android.content.Context.sendBroadcastMultiplePermissions:2215 com.android.server.TelephonyRegistry.broadcastServiceStateChanged:2975 com.android.server.TelephonyRegistry.notifyServiceStateForPhoneId:1614 com.android.internal.telephony.ITelephonyRegistry$Stub.onTransact:455 
08-31 14:39:25.097  1668  2189 W BroadcastQueue: Permission Denial: receiving Intent { act=android.intent.action.SERVICE_STATE flg=0x1000010 (has extras) } to ProcessRecord{84978ee 8379:com.android.systemui/u0a197} (pid=8379, uid=10197) requires android.permission.ACCESS_FINE_LOCATION due to sender android (uid 1001)
08-31 14:39:25.097  1668  2189 W BroadcastQueue: Permission Denial: receiving Intent { act=android.intent.action.SERVICE_STATE flg=0x1000010 (has extras) } to com.google.android.cellbroadcastreceiver/com.android.cellbroadcastreceiver.CellBroadcastReceiver requires android.permission.READ_PHONE_STATE due to sender android (uid 1001)
08-31 14:39:25.098  1668  2189 W BroadcastQueue: Appop Denial: receiving Intent { act=android.intent.action.SERVICE_STATE flg=0x1000010 (has extras) } to ProcessRecord{f0e7ebb 3993:com.android.phone/1001} (pid=3993, uid=1001) excludes appop android:read_phone_state due to sender android (uid 1001)
08-31 14:39:25.099  1668  5816 W ContextImpl: Calling a method in the system process without a qualified user: android.app.ContextImpl.sendBroadcastMultiplePermissions:1258 android.content.Context.sendBroadcastMultiplePermissions:2215 com.android.server.TelephonyRegistry.broadcastServiceStateChanged:2982 com.android.server.TelephonyRegistry.notifyServiceStateForPhoneId:1614 com.android.internal.telephony.ITelephonyRegistry$Stub.onTransact:455 
08-31 14:39:25.099  1668  2189 W BroadcastQueue: Appop Denial: receiving Intent { act=android.intent.action.SERVICE_STATE flg=0x1000010 (has extras) } to ProcessRecord{f0e7ebb 3993:com.android.phone/1001} (pid=3993, uid=1001) excludes appop android:read_phone_state due to sender android (uid 1001)
08-31 14:39:25.099  1668  2189 W BroadcastQueue: Permission Denial: receiving Intent { act=android.intent.action.SERVICE_STATE flg=0x1000010 (has extras) } to ProcessRecord{84978ee 8379:com.android.systemui/u0a197} (pid=8379, uid=10197) requires android.permission.ACCESS_FINE_LOCATION due to sender android (uid 1001)
08-31 14:39:25.099  1668  2189 W BroadcastQueue: Permission Denial: receiving Intent { act=android.intent.action.SERVICE_STATE flg=0x1000010 (has extras) } to com.google.android.cellbroadcastreceiver/com.android.cellbroadcastreceiver.CellBroadcastReceiver requires android.permission.ACCESS_FINE_LOCATION due to sender android (uid 1001)
08-31 14:39:25.101  1668  2189 W BroadcastQueue: Appop Denial: receiving Intent { act=android.intent.action.SERVICE_STATE flg=0x1000010 (has extras) } to ProcessRecord{f0e7ebb 3993:com.android.phone/1001} (pid=3993, uid=1001) excludes appop android:fine_location due to sender android (uid 1001)
08-31 14:39:25.101  1668  5816 W ContextImpl: Calling a method in the system process without a qualified user: android.app.ContextImpl.sendBroadcastMultiplePermissions:1258 android.content.Context.sendBroadcastMultiplePermissions:2215 com.android.server.TelephonyRegistry.broadcastServiceStateChanged:2986 com.android.server.TelephonyRegistry.notifyServiceStateForPhoneId:1614 com.android.internal.telephony.ITelephonyRegistry$Stub.onTransact:455 
08-31 14:39:25.101  1668  2189 W BroadcastQueue: Appop Denial: receiving Intent { act=android.intent.action.SERVICE_STATE flg=0x1000010 (has extras) } to ProcessRecord{f0e7ebb 3993:com.android.phone/1001} (pid=3993, uid=1001) excludes appop android:fine_location due to sender android (uid 1001)
08-31 14:39:25.101  1668  2189 W BroadcastQueue: Permission Denial: receiving Intent { act=android.intent.action.SERVICE_STATE flg=0x1000010 (has extras) } to com.google.android.cellbroadcastreceiver/com.android.cellbroadcastreceiver.CellBroadcastReceiver requires android.permission.READ_PHONE_STATE due to sender android (uid 1001)
08-31 14:39:25.103  1668  2189 W BroadcastQueue: Appop Denial: receiving Intent { act=android.intent.action.SERVICE_STATE flg=0x1000010 (has extras) } to ProcessRecord{f0e7ebb 3993:com.android.phone/1001} (pid=3993, uid=1001) excludes appop android:read_phone_state due to sender android (uid 1001)
08-31 14:39:25.103  1668  2189 W BroadcastQueue: Appop Denial: receiving Intent { act=android.intent.action.SERVICE_STATE flg=0x1000010 (has extras) } to ProcessRecord{f0e7ebb 3993:com.android.phone/1001} (pid=3993, uid=1001) excludes appop android:read_phone_state due to sender android (uid 1001)
08-31 14:39:25.103  1668  2189 W BroadcastQueue: Appop Denial: receiving Intent { act=android.intent.action.SERVICE_STATE flg=0x1000010 (has extras) } to ProcessRecord{84978ee 8379:com.android.systemui/u0a197} (pid=8379, uid=10197) excludes appop android:read_phone_state due to sender android (uid 1001)
08-31 14:39:25.124  1668  3427 I OplusCustomizeService: pkg:com.qti.dpmserviceapp isPlatformSigned, return true drectly 
08-31 14:39:25.124  1668  3427 E OplusCustomizeRestrictionManagerService: getMobileDataMode error :s == null
08-31 14:39:25.125  1668  4342 I OplusCustomizeService: pkg:com.qti.dpmserviceapp isPlatformSigned, return true drectly 
08-31 14:39:25.125  1668  4342 I OplusCustomizeService: pkg:com.qti.dpmserviceapp isPlatformSigned, return true drectly 
08-31 14:39:25.147  1668  4342 I OplusCustomizeService: pkg:com.qti.dpmserviceapp isPlatformSigned, return true drectly 
08-31 14:39:25.147  1668  4342 E OplusCustomizeRestrictionManagerService: getMobileDataMode error :s == null
08-31 14:39:25.148  1668  4342 I OplusCustomizeService: pkg:com.qti.dpmserviceapp isPlatformSigned, return true drectly 
08-31 14:39:25.149  1668  4342 I OplusCustomizeService: pkg:com.qti.dpmserviceapp isPlatformSigned, return true drectly 
08-31 14:39:26.893  1668  4483 D OplusProxyWakeLock: remove uid: 10441 wiht all pids from wakelockUidInfo list
08-31 14:39:28.965  1668  3427 W ContextImpl: Calling a method in the system process without a qualified user: android.app.ContextImpl.sendBroadcastMultiplePermissions:1208 com.android.server.TelephonyRegistry.broadcastServiceStateChanged:2971 com.android.server.TelephonyRegistry.notifyServiceStateForPhoneId:1614 com.android.internal.telephony.ITelephonyRegistry$Stub.onTransact:455 android.os.Binder.execTransactInternal:1226 
08-31 14:39:28.967  1668  3427 W ContextImpl: Calling a method in the system process without a qualified user: android.app.ContextImpl.sendBroadcastMultiplePermissions:1258 android.content.Context.sendBroadcastMultiplePermissions:2215 com.android.server.TelephonyRegistry.broadcastServiceStateChanged:2975 com.android.server.TelephonyRegistry.notifyServiceStateForPhoneId:1614 com.android.internal.telephony.ITelephonyRegistry$Stub.onTransact:455 
08-31 14:39:28.969  1668  2189 W BroadcastQueue: Permission Denial: receiving Intent { act=android.intent.action.SERVICE_STATE flg=0x1000010 (has extras) } to ProcessRecord{84978ee 8379:com.android.systemui/u0a197} (pid=8379, uid=10197) requires android.permission.ACCESS_FINE_LOCATION due to sender android (uid 1001)
08-31 14:39:28.969  1668  2189 W BroadcastQueue: Permission Denial: receiving Intent { act=android.intent.action.SERVICE_STATE flg=0x1000010 (has extras) } to com.google.android.cellbroadcastreceiver/com.android.cellbroadcastreceiver.CellBroadcastReceiver requires android.permission.READ_PHONE_STATE due to sender android (uid 1001)
08-31 14:39:28.971  1668  2189 W BroadcastQueue: Appop Denial: receiving Intent { act=android.intent.action.SERVICE_STATE flg=0x1000010 (has extras) } to ProcessRecord{f0e7ebb 3993:com.android.phone/1001} (pid=3993, uid=1001) excludes appop android:read_phone_state due to sender android (uid 1001)
08-31 14:39:28.971  1668  3427 W ContextImpl: Calling a method in the system process without a qualified user: android.app.ContextImpl.sendBroadcastMultiplePermissions:1258 android.content.Context.sendBroadcastMultiplePermissions:2215 com.android.server.TelephonyRegistry.broadcastServiceStateChanged:2982 com.android.server.TelephonyRegistry.notifyServiceStateForPhoneId:1614 com.android.internal.telephony.ITelephonyRegistry$Stub.onTransact:455 
08-31 14:39:28.972  1668  2189 W BroadcastQueue: Appop Denial: receiving Intent { act=android.intent.action.SERVICE_STATE flg=0x1000010 (has extras) } to ProcessRecord{f0e7ebb 3993:com.android.phone/1001} (pid=3993, uid=1001) excludes appop android:read_phone_state due to sender android (uid 1001)
08-31 14:39:28.972  1668  2189 W BroadcastQueue: Permission Denial: receiving Intent { act=android.intent.action.SERVICE_STATE flg=0x1000010 (has extras) } to ProcessRecord{84978ee 8379:com.android.systemui/u0a197} (pid=8379, uid=10197) requires android.permission.ACCESS_FINE_LOCATION due to sender android (uid 1001)
08-31 14:39:28.972  1668  2189 W BroadcastQueue: Permission Denial: receiving Intent { act=android.intent.action.SERVICE_STATE flg=0x1000010 (has extras) } to com.google.android.cellbroadcastreceiver/com.android.cellbroadcastreceiver.CellBroadcastReceiver requires android.permission.ACCESS_FINE_LOCATION due to sender android (uid 1001)
08-31 14:39:28.973  1668  2189 W BroadcastQueue: Appop Denial: receiving Intent { act=android.intent.action.SERVICE_STATE flg=0x1000010 (has extras) } to ProcessRecord{f0e7ebb 3993:com.android.phone/1001} (pid=3993, uid=1001) excludes appop android:fine_location due to sender android (uid 1001)
08-31 14:39:28.973  1668  3427 W ContextImpl: Calling a method in the system process without a qualified user: android.app.ContextImpl.sendBroadcastMultiplePermissions:1258 android.content.Context.sendBroadcastMultiplePermissions:2215 com.android.server.TelephonyRegistry.broadcastServiceStateChanged:2986 com.android.server.TelephonyRegistry.notifyServiceStateForPhoneId:1614 com.android.internal.telephony.ITelephonyRegistry$Stub.onTransact:455 
08-31 14:39:28.973  1668  2189 W BroadcastQueue: Appop Denial: receiving Intent { act=android.intent.action.SERVICE_STATE flg=0x1000010 (has extras) } to ProcessRecord{f0e7ebb 3993:com.android.phone/1001} (pid=3993, uid=1001) excludes appop android:fine_location due to sender android (uid 1001)
08-31 14:39:28.974  1668  2189 W BroadcastQueue: Permission Denial: receiving Intent { act=android.intent.action.SERVICE_STATE flg=0x1000010 (has extras) } to com.google.android.cellbroadcastreceiver/com.android.cellbroadcastreceiver.CellBroadcastReceiver requires android.permission.READ_PHONE_STATE due to sender android (uid 1001)
08-31 14:39:28.976  1668  2189 W BroadcastQueue: Appop Denial: receiving Intent { act=android.intent.action.SERVICE_STATE flg=0x1000010 (has extras) } to ProcessRecord{f0e7ebb 3993:com.android.phone/1001} (pid=3993, uid=1001) excludes appop android:read_phone_state due to sender android (uid 1001)
08-31 14:39:28.976  1668  2189 W BroadcastQueue: Appop Denial: receiving Intent { act=android.intent.action.SERVICE_STATE flg=0x1000010 (has extras) } to ProcessRecord{f0e7ebb 3993:com.android.phone/1001} (pid=3993, uid=1001) excludes appop android:read_phone_state due to sender android (uid 1001)
08-31 14:39:28.976  1668  2189 W BroadcastQueue: Appop Denial: receiving Intent { act=android.intent.action.SERVICE_STATE flg=0x1000010 (has extras) } to ProcessRecord{84978ee 8379:com.android.systemui/u0a197} (pid=8379, uid=10197) excludes appop android:read_phone_state due to sender android (uid 1001)
08-31 14:39:29.011  1668  4342 I OplusCustomizeService: pkg:com.qti.dpmserviceapp isPlatformSigned, return true drectly 
08-31 14:39:29.011  1668  4342 E OplusCustomizeRestrictionManagerService: getMobileDataMode error :s == null
08-31 14:39:29.012  1668  4342 I OplusCustomizeService: pkg:com.qti.dpmserviceapp isPlatformSigned, return true drectly 
08-31 14:39:29.012  1668  4342 I OplusCustomizeService: pkg:com.qti.dpmserviceapp isPlatformSigned, return true drectly 
08-31 14:39:33.701  1668  4483 I OplusProxyWakeLock: add uid: 10343 wakelock: PARTIAL_WAKE_LOCK              '*job*' (uid=1000 pid=1668 ws=WorkSource{10343})  heled by system to FroceReleaseWakeLock list
08-31 14:39:33.705  1668  2228 D OplusDisplayPowerControllerExtImpl: original brightness to dataBase:709 final brightness:709.0 scale:1.0 reason:1 darkLevel:0
08-31 14:39:33.706  1668  2228 D DisplayPowerController[0]: Animating brightness: target=709.0, rate=14.0, source= 10
08-31 14:39:33.706  1668  2228 D OplusDisplayPowerControllerFeature: RECORD:onUpdatePowerState policy:3 state:2 brightness:709
08-31 14:39:33.707  1668  2228 D VRR [OPlusRefreshRateService]: notifyBrightnessChange brightness: 709.0
08-31 14:39:37.882  1668  4483 D OplusProxyWakeLock: remove uid: 10441 wiht all pids from wakelockUidInfo list
08-31 14:39:40.728  1668  2205 D KernelCpuUidUserSysTimeReader: Removing uids 99298-99298
08-31 14:39:48.631  1668  4483 D OplusProxyWakeLock: remove uid: 10441 wiht all pids from wakelockUidInfo list
08-31 14:39:58.866  1668  4483 D OplusProxyWakeLock: remove uid: 10441 wiht all pids from wakelockUidInfo list
08-31 14:40:00.034  1668  4231 E OplusCustomizeRestrictionManagerService: isBiometricDisabled start
08-31 14:40:00.039  1668  4342 E OplusCustomizeRestrictionManagerService: isBiometricDisabled start
08-31 14:40:04.770  1668  4483 D OplusProxyWakeLock: remove uid: 10208 wiht all pids from wakelockUidInfo list
08-31 14:40:04.771  1668  2189 D CompatibilityChangeReporter: Compat change id reported: 168419799; UID 10208; state: DISABLED
08-31 14:40:09.829  1668  2193 D BatteryStatsImplExtImpl: updateDevicePowerDetails
08-31 14:40:09.833  1668  2193 D OplusRpmSubsystemManager: battery drained... 
08-31 14:40:09.843  1668  2193 D OplusRpmSubsystemManager: measureOplusRpmMasterStatsDelta... 
08-31 14:40:09.843  1668  2193 D OplusRpmSubsystemManager: elapsedRealTimeDelta :432087
08-31 14:40:09.844  1668  2193 D OplusRpmSubsystemManager: mRpmSuspendRatioSummay: [ADSP:83,18,ADSP_ISLAND:0,00,APSS:29,45,CDSP:100,00,MPSS:32,67]
08-31 14:40:09.844  1668  2193 D BatteryStatsImplExtImpl: PowerDetails: time=2024-08-31-14-40-09, top=com.android.launcher.Launcher, ref_counts=2475069, ref_mode=0, brightness=0, refs_per_sec=2.0, modem_txTimeMs=[0, 0, 0, 0, 0], traffic=[131851689830,16360606377,326801846219,25870628484], ctr_drain=[9411,8.23,0,8.44], rpmstat=[ADSP:87,22,ADSP_ISLAND:76,41,APSS:19,90,CDSP:100,00,MPSS:27,95], sap=false, audio=[spk:0, headset:0]
08-31 14:40:09.844  1668  2193 D BatteryStatsImplExtImpl: , modem=[activity:SettleObj{ what=LO date=08-31 14:01:13.093 duration=3635 screenOnRatio=17,44 screenOffRatio=82,56 power=75 current=-223,80 networkType=MOBILE dataNetworkType=13 signalStrength=-97 aodState=0 softAp=false charge=true simCount=1 defaultPhone=0 apssSleepC=90400 apssSleepRatio=66,93 mpssSleepC=8930 mpssSleepRatio=59,64 vminSleepC=0 vminSleepRatio=0 vlowSleepC=0 vlowSleepRatio=0 modemPowermA[]=[45,23,44,21,46,06] sleepRatio=60,49 idleRatio=12,25 rxRatio=23,39 5gRxRatio=0 txSumRatio=3,88 5gTxSumRatio=0 txRatio[]=[5,01,32,91,12,87,8,50,40,71] 5gTxRatio[]=[0,0,0,0,0] techRatio[]=[0,0,0,0,27,27,0,0,0,0] rrcConn10sC[]=[52, 0] rrcConn20sC[]=[34, 0] rrcConnMore20sC[]=[10, 0] rrcConnC[]=[96, 0] csChangedC[]=[88, 0] psChangedC[]=[88, 0] iRatC[]=[0, 0] cellUpdateC[]=[181, 0] nwSrchC[]=[80, 0] nwSrchRatio[]=[1,02,0] lteRrcConnRatio[]=[29,73,0] psRegRatio[]=[99,98,0] csRegRatio[]=[99,98,0] psNoRegRatio[]=[0,99,98] csNoRegRatio[]=[0,99,98] sigGrid0Ratio[]=[0,0] endcActRatio[]=[0,0] saActRatio[]=[0,0] gpsRatio=0,63 wlanRatio=0,24 qrtrWakeupC={} allWakeupC={} appInWakeupC={} appOutWakeupC={} appWakeupRatio={} appTrafficC={} regReqFbC=[58376, 0] regReqTransAcqDbC=[17297, 0] saRrcConn10sC[]=[0, 0] saRrcConn20sC[]=[0, 0] saRrcConnMore20sC[]=[0, 0] saRrcConnC[]=[0, 0] lteHoC[]=[0, 0] saHoC[]=[0, 0] saRrcConnRatio[]=[0,0] lteBandRatiosim0[]=[0,0,0,0,0,0,0,0,0] lteBandRatiosim1[]=[0,0,0,0,0,0,0,0,0] nrBandRatiosim0[]=[0,0,0,0,0,0] nrBandRatiosim1[]=[0,0,0,0,0,0] sensorStationaryC=0 sensorStationaryT=0 modemStationaryC=0 modemStationaryT=0}]
08-31 14:40:09.844  1668  2193 D BatteryStatsImplExtImpl: , endc=0
08-31 14:40:09.881  1668  4483 D OplusProxyWakeLock: remove uid: 10441 wiht all pids from wakelockUidInfo list
08-31 14:40:09.899  1668  2205 E KernelCpuUidActiveTimeReader: Negative delta from active time for uid: 10200, delta: -23
08-31 14:40:09.899  1668  2205 E KernelCpuUidActiveTimeReader: Negative delta from active time for uid: 10132, delta: -11
08-31 14:40:09.899  1668  2205 E KernelCpuUidActiveTimeReader: Negative delta from active time for uid: 10386, delta: -27
08-31 14:40:09.899  1668  2205 E KernelCpuUidActiveTimeReader: Negative delta from active time for uid: 1058, delta: -2
08-31 14:40:09.899  1668  2205 E KernelCpuUidActiveTimeReader: Negative delta from active time for uid: 10229, delta: -12
08-31 14:40:09.900  1668  2205 E KernelCpuUidActiveTimeReader: Negative delta from active time for uid: 10360, delta: -13
08-31 14:40:09.900  1668  2205 E KernelCpuUidActiveTimeReader: Negative delta from active time for uid: 10012, delta: -47
08-31 14:40:09.900  1668  2205 E KernelCpuUidActiveTimeReader: Negative delta from active time for uid: 10143, delta: -12
08-31 14:40:09.900  1668  2205 E KernelCpuUidActiveTimeReader: Negative delta from active time for uid: 50055, delta: -137
08-31 14:40:09.900  1668  2205 E KernelCpuUidActiveTimeReader: Negative delta from active time for uid: 10180, delta: -2
08-31 14:40:09.900  1668  2205 E KernelCpuUidActiveTimeReader: Negative delta from active time for uid: 10057, delta: -6
08-31 14:40:09.900  1668  2205 E KernelCpuUidActiveTimeReader: Negative delta from active time for uid: 10133, delta: -9
08-31 14:40:09.900  1668  2205 E KernelCpuUidActiveTimeReader: Negative delta from active time for uid: 10154, delta: -4
08-31 14:40:09.900  1668  2205 E KernelCpuUidActiveTimeReader: Negative delta from active time for uid: 10199, delta: -7
08-31 14:40:09.900  1668  2205 E KernelCpuUidActiveTimeReader: Negative delta from active time for uid: 1023, delta: -1
08-31 14:40:09.901  1668  2205 E KernelCpuUidActiveTimeReader: Negative delta from active time for uid: 10050, delta: -65
08-31 14:40:09.901  1668  2205 E KernelCpuUidActiveTimeReader: Negative delta from active time for uid: 10346, delta: -6
08-31 14:40:09.901  1668  2205 E KernelCpuUidActiveTimeReader: Negative delta from active time for uid: 10168, delta: -22
08-31 14:40:09.901  1668  2205 E KernelCpuUidActiveTimeReader: Negative delta from active time for uid: 10231, delta: -45
08-31 14:40:09.901  1668  2205 E KernelCpuUidActiveTimeReader: Negative delta from active time for uid: 10142, delta: -16
08-31 14:40:09.901  1668  2205 E KernelCpuUidActiveTimeReader: Negative delta from active time for uid: 10349, delta: -6
08-31 14:40:09.901  1668  2205 E KernelCpuUidActiveTimeReader: Negative delta from active time for uid: 10171, delta: -2
08-31 14:40:09.903  1668  2205 E KernelCpuUidClusterTimeReader: Negative delta from cluster time for uid: 10001, delta: -4
08-31 14:40:09.903  1668  2205 E KernelCpuUidClusterTimeReader: Negative delta from cluster time for uid: 10200, delta: -28
08-31 14:40:09.903  1668  2205 E KernelCpuUidClusterTimeReader: Negative delta from cluster time for uid: 10132, delta: -9
08-31 14:40:09.903  1668  2205 E KernelCpuUidClusterTimeReader: Negative delta from cluster time for uid: 10187, delta: -4
08-31 14:40:09.903  1668  2205 E KernelCpuUidClusterTimeReader: Negative delta from cluster time for uid: 10386, delta: -30
08-31 14:40:09.903  1668  2205 E KernelCpuUidClusterTimeReader: Negative delta from cluster time for uid: 50366, delta: -3
08-31 14:40:09.903  1668  2205 E KernelCpuUidClusterTimeReader: Negative delta from cluster time for uid: 1058, delta: -2
08-31 14:40:09.903  1668  2205 E KernelCpuUidClusterTimeReader: Negative delta from cluster time for uid: 10229, delta: -11
08-31 14:40:09.904  1668  2205 E KernelCpuUidClusterTimeReader: Negative delta from cluster time for uid: 10360, delta: -9
08-31 14:40:09.904  1668  2205 E KernelCpuUidClusterTimeReader: Negative delta from cluster time for uid: 10347, delta: -1
08-31 14:40:09.904  1668  2205 E KernelCpuUidClusterTimeReader: Negative delta from cluster time for uid: 50005, delta: -44
08-31 14:40:09.904  1668  2205 E KernelCpuUidClusterTimeReader: Negative delta from cluster time for uid: 10012, delta: -44
08-31 14:40:09.904  1668  2205 E KernelCpuUidClusterTimeReader: Negative delta from cluster time for uid: 10143, delta: -14
08-31 14:40:09.904  1668  2205 E KernelCpuUidClusterTimeReader: Negative delta from cluster time for uid: 50055, delta: -276
08-31 14:40:09.904  1668  2205 E KernelCpuUidClusterTimeReader: Negative delta from cluster time for uid: 1069, delta: -4
08-31 14:40:09.904  1668  2205 E KernelCpuUidClusterTimeReader: Negative delta from cluster time for uid: 10159, delta: -5
08-31 14:40:09.904  1668  2205 E KernelCpuUidClusterTimeReader: Negative delta from cluster time for uid: 10180, delta: -2
08-31 14:40:09.904  1668  2205 E KernelCpuUidClusterTimeReader: Negative delta from cluster time for uid: 10057, delta: -5
08-31 14:40:09.904  1668  2205 E KernelCpuUidClusterTimeReader: Negative delta from cluster time for uid: 10133, delta: -9
08-31 14:40:09.904  1668  2205 E KernelCpuUidClusterTimeReader: Negative delta from cluster time for uid: 10154, delta: -3
08-31 14:40:09.905  1668  2205 E KernelCpuUidClusterTimeReader: Negative delta from cluster time for uid: 10013, delta: -6
08-31 14:40:09.905  1668  2205 E KernelCpuUidClusterTimeReader: Negative delta from cluster time for uid: 10199, delta: -6
08-31 14:40:09.905  1668  2205 E KernelCpuUidClusterTimeReader: Negative delta from cluster time for uid: 10351, delta: -1
08-31 14:40:09.905  1668  2205 E KernelCpuUidClusterTimeReader: Negative delta from cluster time for uid: 1023, delta: -1
08-31 14:40:09.905  1668  2205 E KernelCpuUidClusterTimeReader: Negative delta from cluster time for uid: 10050, delta: -41
08-31 14:40:09.905  1668  2205 E KernelCpuUidClusterTimeReader: Negative delta from cluster time for uid: 10304, delta: -1
08-31 14:40:09.905  1668  2205 E KernelCpuUidClusterTimeReader: Negative delta from cluster time for uid: 10346, delta: -7
08-31 14:40:09.905  1668  2205 E KernelCpuUidClusterTimeReader: Negative delta from cluster time for uid: 10168, delta: -21
08-31 14:40:09.905  1668  2205 E KernelCpuUidClusterTimeReader: Negative delta from cluster time for uid: 10566, delta: -7
08-31 14:40:09.905  1668  2205 E KernelCpuUidClusterTimeReader: Negative delta from cluster time for uid: 10231, delta: -44
08-31 14:40:09.905  1668  2205 E KernelCpuUidClusterTimeReader: Negative delta from cluster time for uid: 10142, delta: -13
08-31 14:40:09.905  1668  2205 E KernelCpuUidClusterTimeReader: Negative delta from cluster time for uid: 10349, delta: -6
08-31 14:40:09.906  1668  2205 D KernelCpuUidUserSysTimeReader: Removing uids 99299-99299
08-31 14:40:15.798  1380  1380 I Quality : SFJankCountInfo: 27; 0; 0; 0; 1; 0; 0; 2; 1; 0; 9
08-31 14:40:18.346  1668  2039 D CompatibilityChangeReporter: Compat change id reported: 168936375; UID 1000; state: ENABLED
08-31 14:40:18.348  1668  2039 D CompatibilityChangeReporter: Compat change id reported: 168936375; UID 1000; state: DISABLED
08-31 14:40:18.352  1668  2039 D CompatibilityChangeReporter: Compat change id reported: 73144566; UID 1000; state: ENABLED
08-31 14:40:18.354  1668  2039 D CompatibilityChangeReporter: Compat change id reported: 73144566; UID 1000; state: DISABLED
08-31 14:40:18.395  1668  3427 D CompatibilityChangeReporter: Compat change id reported: 171306433; UID 10214; state: ENABLED
08-31 14:40:18.806  1783  1783 I wificond: Regulatory domain changed to country: FR on wiphy_index: 0
08-31 14:40:18.811  1783  1783 I wificond: 2.4Ghz frequencies: 2412 2417 2422 2427 2432 2437 2442 2447 2452 2457 2462 2467 2472
08-31 14:40:18.811  1783  1783 I wificond: 5Ghz non-DFS frequencies: 5180 5200 5220 5240 5745 5765 5785 5805 5825 5845 5865
08-31 14:40:18.812  1783  1783 I wificond: 5Ghz DFS frequencies: 5260 5280 5300 5320 5500 5520 5540 5560 5580 5600 5620 5640 5660 5680 5700 5720
08-31 14:40:18.812  1783  1783 I wificond: 6Ghz frequencies:
08-31 14:40:18.812  1783  1783 I wificond: 60Ghz frequencies:
08-31 14:40:20.315  1668  4483 D OplusProxyWakeLock: remove uid: 10208 wiht all pids from wakelockUidInfo list
08-31 14:40:20.360  1668  3698 W AlarmManager: Window length 1383505805387915264ms too long; limiting to 1 day
08-31 14:40:20.629  1668  4483 D OplusProxyWakeLock: remove uid: 10441 wiht all pids from wakelockUidInfo list
08-31 14:40:30.868  1668  4483 D OplusProxyWakeLock: remove uid: 10441 wiht all pids from wakelockUidInfo list
08-31 14:40:39.706  8309  8366 W ContextImpl: Calling a method in the system process without a qualified user: android.app.ContextImpl.bindService:1904 android.content.ContextWrapper.bindService:822 com.heytap.mcs.biz.statistics.agent.OBUSAgent.bindStatisticsApiService:9 com.heytap.mcs.biz.statistics.agent.OBUSAgent.upload:7 com.heytap.mcs.biz.statistics.agent.AgentManager.upload:3 
08-31 14:40:39.725  1668  4231 D CompatibilityChangeReporter: Compat change id reported: 135634846; UID 1000; state: DISABLED
08-31 14:40:39.726  1668  4231 D CompatibilityChangeReporter: Compat change id reported: 177438394; UID 1000; state: DISABLED
08-31 14:40:39.726  1668  4231 D CompatibilityChangeReporter: Compat change id reported: 135772972; UID 1000; state: DISABLED
08-31 14:40:39.729  1668  4231 D CompatibilityChangeReporter: Compat change id reported: 135754954; UID 1000; state: ENABLED
08-31 14:40:39.733  8309  8366 W ContextImpl: Calling a method in the system process without a qualified user: android.app.ContextImpl.startService:1819 android.content.ContextWrapper.startService:786 com.heytap.mcs.service.McsService.g:8 com.heytap.mcs.service.McsService.d:1 com.heytap.mcs.service.McsService$b.run:41 
08-31 14:40:39.772  1668  2178 W ActivityManager: Slow operation: 51ms so far, now at startProcess: returned from zygote!
08-31 14:40:39.772  1668  2178 W ActivityManager: Slow operation: 52ms so far, now at startProcess: done updating battery stats
08-31 14:40:39.772  1668  2178 W ActivityManager: Slow operation: 52ms so far, now at startProcess: building log message
08-31 14:40:39.772  1668  2178 I ActivityManager: Start proc 29707:com.heytap.mcs.statistics/1000 for service {com.heytap.mcs/com.heytap.mcs.biz.statistics.service.StatisticsApiService}
08-31 14:40:39.772  1668  2178 W ActivityManager: Slow operation: 52ms so far, now at startProcess: starting to update pids map
08-31 14:40:39.773  1668  2178 W ActivityManager: Slow operation: 53ms so far, now at startProcess: done updating pids map
08-31 14:40:39.773  1668  2178 W ContextImpl: Calling a method in the system process without a qualified user: android.app.ContextImpl.sendBroadcast:1175 com.android.server.am.OplusAppStartupConfig.sendAbnormalNotify:1252 com.android.server.am.OplusAppStartupConfig.notifyAbnormalInfo:1185 com.android.server.am.OplusAppStartupManager.handleStartAppInfo:5221 com.android.server.am.ProcessListExtImpl.hookHandleProcessStart:250 
08-31 14:40:39.798  1668  2178 W ActivityManager: Slow operation: 55ms so far, now at startProcess: returned from zygote!
08-31 14:40:39.799  1668  2178 W ActivityManager: Slow operation: 56ms so far, now at startProcess: done updating battery stats
08-31 14:40:39.799  1668  2178 W ActivityManager: Slow operation: 56ms so far, now at startProcess: building log message
08-31 14:40:39.799  1668  2178 I ActivityManager: Start proc 29708:com.heytap.mcs.appservice/1000 for service {com.heytap.mcs/com.heytap.mcs.biz.appservice.McsSdkService}
08-31 14:40:39.799  1668  2178 W ActivityManager: Slow operation: 56ms so far, now at startProcess: starting to update pids map
08-31 14:40:39.799  1668  2178 W ActivityManager: Slow operation: 56ms so far, now at startProcess: done updating pids map
08-31 14:40:39.935  1668  3698 I ActivityManager: Killing 21830:com.android.providers.calendar/u0a131 (adj 995): empty #65
08-31 14:40:40.210 32159 16893 V ActivityThread: scheduleReceiver info = ActivityInfo{b39cded com.google.android.libraries.notifications.platform.entrypoints.push.PushReceiver} intent = Intent { act=com.google.android.c2dm.intent.RECEIVE flg=0x1080010 pkg=com.google.android.googlequicksearchbox cmp=com.google.android.googlequicksearchbox/com.google.android.libraries.notifications.platform.entrypoints.push.PushReceiver (has extras) } sync = true hasCode = 235465231
08-31 14:40:40.540 32159 16893 V ActivityThread: scheduleReceiver info = ActivityInfo{3b511a2 com.google.android.apps.gsa.gcm.GcmBroadcastReceiver} intent = Intent { act=com.google.android.c2dm.intent.RECEIVE flg=0x1080010 pkg=com.google.android.googlequicksearchbox cmp=com.google.android.googlequicksearchbox/com.google.android.apps.gsa.gcm.GcmBroadcastReceiver (has extras) } sync = true hasCode = 5973034
08-31 14:40:40.550 32159 16893 V ActivityThread: scheduleReceiver info = ActivityInfo{4f26308 com.google.firebase.iid.FirebaseInstanceIdReceiver} intent = Intent { act=com.google.android.c2dm.intent.RECEIVE flg=0x1080010 pkg=com.google.android.googlequicksearchbox cmp=com.google.android.googlequicksearchbox/com.google.firebase.iid.FirebaseInstanceIdReceiver (has extras) } sync = true hasCode = 240083483
